Archive member included to satisfy reference by file (symbol)

/usr/lib/gcc/arm-none-eabi/14.2.1/../../../arm-none-eabi/lib/thumb/v7e-m/nofp/libg_nano.a(libc_a-init.o)
                              /usr/lib/gcc/arm-none-eabi/14.2.1/../../../arm-none-eabi/lib/thumb/v7e-m/nofp/crt0.o (__libc_init_array)
/usr/lib/gcc/arm-none-eabi/14.2.1/../../../arm-none-eabi/lib/thumb/v7e-m/nofp/libg_nano.a(libc_a-memset.o)
                              /usr/lib/gcc/arm-none-eabi/14.2.1/../../../arm-none-eabi/lib/thumb/v7e-m/nofp/crt0.o (memset)
/usr/lib/gcc/arm-none-eabi/14.2.1/../../../arm-none-eabi/lib/thumb/v7e-m/nofp/libg_nano.a(libc_a-memcpy.o)
                              objdir-CWHUSKY/simpleserial-ml-kem-512.o (memcpy)
/usr/lib/gcc/arm-none-eabi/14.2.1/../../../arm-none-eabi/lib/thumb/v7e-m/nofp/libg_nano.a(libc_a-malloc.o)
                              objdir-CWHUSKY/fips202.o (malloc)
/usr/lib/gcc/arm-none-eabi/14.2.1/../../../arm-none-eabi/lib/thumb/v7e-m/nofp/libg_nano.a(libc_a-impure.o)
                              /usr/lib/gcc/arm-none-eabi/14.2.1/../../../arm-none-eabi/lib/thumb/v7e-m/nofp/libg_nano.a(libc_a-malloc.o) (_impure_ptr)
/usr/lib/gcc/arm-none-eabi/14.2.1/../../../arm-none-eabi/lib/thumb/v7e-m/nofp/libg_nano.a(libc_a-exit.o)
                              /usr/lib/gcc/arm-none-eabi/14.2.1/../../../arm-none-eabi/lib/thumb/v7e-m/nofp/crt0.o (exit)
/usr/lib/gcc/arm-none-eabi/14.2.1/../../../arm-none-eabi/lib/thumb/v7e-m/nofp/libg_nano.a(libc_a-atexit.o)
                              /usr/lib/gcc/arm-none-eabi/14.2.1/../../../arm-none-eabi/lib/thumb/v7e-m/nofp/crt0.o (atexit)
/usr/lib/gcc/arm-none-eabi/14.2.1/../../../arm-none-eabi/lib/thumb/v7e-m/nofp/libg_nano.a(libc_a-fini.o)
                              /usr/lib/gcc/arm-none-eabi/14.2.1/../../../arm-none-eabi/lib/thumb/v7e-m/nofp/crt0.o (__libc_fini_array)
/usr/lib/gcc/arm-none-eabi/14.2.1/../../../arm-none-eabi/lib/thumb/v7e-m/nofp/libg_nano.a(libc_a-findfp.o)
                              /usr/lib/gcc/arm-none-eabi/14.2.1/../../../arm-none-eabi/lib/thumb/v7e-m/nofp/libg_nano.a(libc_a-exit.o) (__stdio_exit_handler)
/usr/lib/gcc/arm-none-eabi/14.2.1/../../../arm-none-eabi/lib/thumb/v7e-m/nofp/libg_nano.a(libc_a-fflush.o)
                              /usr/lib/gcc/arm-none-eabi/14.2.1/../../../arm-none-eabi/lib/thumb/v7e-m/nofp/libg_nano.a(libc_a-findfp.o) (_fflush_r)
/usr/lib/gcc/arm-none-eabi/14.2.1/../../../arm-none-eabi/lib/thumb/v7e-m/nofp/libg_nano.a(libc_a-mallocr.o)
                              /usr/lib/gcc/arm-none-eabi/14.2.1/../../../arm-none-eabi/lib/thumb/v7e-m/nofp/libg_nano.a(libc_a-malloc.o) (_malloc_r)
/usr/lib/gcc/arm-none-eabi/14.2.1/../../../arm-none-eabi/lib/thumb/v7e-m/nofp/libg_nano.a(libc_a-freer.o)
                              /usr/lib/gcc/arm-none-eabi/14.2.1/../../../arm-none-eabi/lib/thumb/v7e-m/nofp/libg_nano.a(libc_a-malloc.o) (_free_r)
/usr/lib/gcc/arm-none-eabi/14.2.1/../../../arm-none-eabi/lib/thumb/v7e-m/nofp/libg_nano.a(libc_a-fwalk.o)
                              /usr/lib/gcc/arm-none-eabi/14.2.1/../../../arm-none-eabi/lib/thumb/v7e-m/nofp/libg_nano.a(libc_a-findfp.o) (_fwalk_sglue)
/usr/lib/gcc/arm-none-eabi/14.2.1/../../../arm-none-eabi/lib/thumb/v7e-m/nofp/libg_nano.a(libc_a-__atexit.o)
                              /usr/lib/gcc/arm-none-eabi/14.2.1/../../../arm-none-eabi/lib/thumb/v7e-m/nofp/libg_nano.a(libc_a-atexit.o) (__register_exitproc)
/usr/lib/gcc/arm-none-eabi/14.2.1/../../../arm-none-eabi/lib/thumb/v7e-m/nofp/libg_nano.a(libc_a-mlock.o)
                              /usr/lib/gcc/arm-none-eabi/14.2.1/../../../arm-none-eabi/lib/thumb/v7e-m/nofp/libg_nano.a(libc_a-mallocr.o) (__malloc_lock)
/usr/lib/gcc/arm-none-eabi/14.2.1/../../../arm-none-eabi/lib/thumb/v7e-m/nofp/libg_nano.a(libc_a-sbrkr.o)
                              /usr/lib/gcc/arm-none-eabi/14.2.1/../../../arm-none-eabi/lib/thumb/v7e-m/nofp/libg_nano.a(libc_a-mallocr.o) (_sbrk_r)
/usr/lib/gcc/arm-none-eabi/14.2.1/../../../arm-none-eabi/lib/thumb/v7e-m/nofp/libg_nano.a(libc_a-stdio.o)
                              /usr/lib/gcc/arm-none-eabi/14.2.1/../../../arm-none-eabi/lib/thumb/v7e-m/nofp/libg_nano.a(libc_a-findfp.o) (__sread)
/usr/lib/gcc/arm-none-eabi/14.2.1/../../../arm-none-eabi/lib/thumb/v7e-m/nofp/libg_nano.a(libc_a-readr.o)
                              /usr/lib/gcc/arm-none-eabi/14.2.1/../../../arm-none-eabi/lib/thumb/v7e-m/nofp/libg_nano.a(libc_a-stdio.o) (_read_r)
/usr/lib/gcc/arm-none-eabi/14.2.1/../../../arm-none-eabi/lib/thumb/v7e-m/nofp/libg_nano.a(libc_a-writer.o)
                              /usr/lib/gcc/arm-none-eabi/14.2.1/../../../arm-none-eabi/lib/thumb/v7e-m/nofp/libg_nano.a(libc_a-stdio.o) (_write_r)
/usr/lib/gcc/arm-none-eabi/14.2.1/../../../arm-none-eabi/lib/thumb/v7e-m/nofp/libg_nano.a(libc_a-closer.o)
                              /usr/lib/gcc/arm-none-eabi/14.2.1/../../../arm-none-eabi/lib/thumb/v7e-m/nofp/libg_nano.a(libc_a-stdio.o) (_close_r)
[...]
Memory Configuration

Name             Origin             Length             Attributes
rom              0x00400000         0x00020000         xr
ram              0x20000000         0x00010000         xrw
*default*        0x00000000         0xffffffff

Linker script and memory map

LOAD /usr/lib/gcc/arm-none-eabi/14.2.1/thumb/v7e-m/nofp/crti.o
LOAD /usr/lib/gcc/arm-none-eabi/14.2.1/thumb/v7e-m/nofp/crtbegin.o
LOAD /usr/lib/gcc/arm-none-eabi/14.2.1/../../../arm-none-eabi/lib/thumb/v7e-m/nofp/crt0.o
LOAD objdir-CWHUSKY/simpleserial-ml-kem-512.o
LOAD objdir-CWHUSKY/kem.o
LOAD objdir-CWHUSKY/indcpa.o
LOAD objdir-CWHUSKY/cbd.o
LOAD objdir-CWHUSKY/ntt.o
LOAD objdir-CWHUSKY/poly.o
LOAD objdir-CWHUSKY/polyvec.o
LOAD objdir-CWHUSKY/reduce.o
LOAD objdir-CWHUSKY/symmetric-shake.o
LOAD objdir-CWHUSKY/verify.o
LOAD objdir-CWHUSKY/fips202.o
LOAD objdir-CWHUSKY/randombytes_sam4s.o
LOAD objdir-CWHUSKY/simpleserial.o
LOAD objdir-CWHUSKY/hal.o
LOAD objdir-CWHUSKY/startup_sam4s.o
LOAD objdir-CWHUSKY/sam4s_hal.o
LOAD objdir-CWHUSKY/uart.o
LOAD objdir-CWHUSKY/pio.o
LOAD objdir-CWHUSKY/system_sam4s.o
LOAD objdir-CWHUSKY/sysclk.o
LOAD objdir-CWHUSKY/pmc.o
LOAD objdir-CWHUSKY/aes.o
LOAD objdir-CWHUSKY/aes-independant.o
LOAD /usr/lib/gcc/arm-none-eabi/14.2.1/../../../arm-none-eabi/lib/thumb/v7e-m/nofp/libm.a
LOAD /usr/lib/gcc/arm-none-eabi/14.2.1/../../../arm-none-eabi/lib/thumb/v7e-m/nofp/libm.a
START GROUP
LOAD /usr/lib/gcc/arm-none-eabi/14.2.1/../../../arm-none-eabi/lib/thumb/v7e-m/nofp/libm.a
END GROUP
LOAD /usr/lib/gcc/arm-none-eabi/14.2.1/../../../arm-none-eabi/lib/thumb/v7e-m/nofp/libm.a
START GROUP
LOAD /usr/lib/gcc/arm-none-eabi/14.2.1/thumb/v7e-m/nofp/libgcc.a
LOAD /usr/lib/gcc/arm-none-eabi/14.2.1/../../../arm-none-eabi/lib/thumb/v7e-m/nofp/libg_nano.a
LOAD /usr/lib/gcc/arm-none-eabi/14.2.1/../../../arm-none-eabi/lib/thumb/v7e-m/nofp/libc_nano.a
END GROUP
START GROUP
LOAD /usr/lib/gcc/arm-none-eabi/14.2.1/thumb/v7e-m/nofp/libgcc.a
LOAD /usr/lib/gcc/arm-none-eabi/14.2.1/../../../arm-none-eabi/lib/thumb/v7e-m/nofp/libc_nano.a
LOAD /usr/lib/gcc/arm-none-eabi/14.2.1/../../../arm-none-eabi/lib/thumb/v7e-m/nofp/libnosys.a
END GROUP
START GROUP
LOAD /usr/lib/gcc/arm-none-eabi/14.2.1/thumb/v7e-m/nofp/libgcc.a
LOAD /usr/lib/gcc/arm-none-eabi/14.2.1/../../../arm-none-eabi/lib/thumb/v7e-m/nofp/libc_nano.a
LOAD /usr/lib/gcc/arm-none-eabi/14.2.1/../../../arm-none-eabi/lib/thumb/v7e-m/nofp/libnosys.a
END GROUP
LOAD /usr/lib/gcc/arm-none-eabi/14.2.1/thumb/v7e-m/nofp/crtend.o
LOAD /usr/lib/gcc/arm-none-eabi/14.2.1/thumb/v7e-m/nofp/crtn.o
                0x00001000                        __stack_size__ = DEFINED (__stack_size__)?__stack_size__:0x1000
                0x2000fffc                        __ram_end__ = ((ORIGIN (ram) + LENGTH (ram)) - 0x4)

.text           0x00400000     0x3120
                0x00400000                        . = ALIGN (0x4)
                0x00400000                        _sfixed = .
 *(.vectors .vectors.*)
 .vectors       0x00400000       0xcc objdir-CWHUSKY/startup_sam4s.o
                0x00400000                exception_table
 *(.text .text.* .gnu.linkonce.t.*)
 .text          0x004000cc       0x88 /usr/lib/gcc/arm-none-eabi/14.2.1/thumb/v7e-m/nofp/crtbegin.o
 .text.v21_rx_vector_chunk
                0x00400154       0x38 objdir-CWHUSKY/simpleserial-ml-kem-512.o
 .text.v21_rx_ss_cmd
                0x0040018c       0x28 objdir-CWHUSKY/simpleserial-ml-kem-512.o
 .text.v21_rx_ct_cmd
                0x004001b4       0x20 objdir-CWHUSKY/simpleserial-ml-kem-512.o
 .text.v21_sync_pk_into_sk
                0x004001d4       0x34 objdir-CWHUSKY/simpleserial-ml-kem-512.o
 .text.v21_rx_pk_cmd
                0x00400208       0x2c objdir-CWHUSKY/simpleserial-ml-kem-512.o
 .text.v21_tx_vector_chunk
                0x00400234       0x34 objdir-CWHUSKY/simpleserial-ml-kem-512.o
 .text.v21_tx_ss_cmd
                0x00400268       0x1c objdir-CWHUSKY/simpleserial-ml-kem-512.o
 .text.v21_tx_ct_cmd
                0x00400284       0x20 objdir-CWHUSKY/simpleserial-ml-kem-512.o
 .text.v21_tx_pk_cmd
                0x004002a4       0x20 objdir-CWHUSKY/simpleserial-ml-kem-512.o
 .text.v21_set_chunk_size
                0x004002c4       0x1c objdir-CWHUSKY/simpleserial-ml-kem-512.o
 .text.ml_kem_512_tx_chunk
                0x004002e0       0x68 objdir-CWHUSKY/simpleserial-ml-kem-512.o
 .text.v21_handle_vector_write
                0x00400348       0xec objdir-CWHUSKY/simpleserial-ml-kem-512.o
 .text.ml_kem_512_rx_chunk
                0x00400434       0x10 objdir-CWHUSKY/simpleserial-ml-kem-512.o
 .text.led_toggle
                0x00400444       0x78 objdir-CWHUSKY/simpleserial-ml-kem-512.o
                0x00400444                led_toggle
 .text.led_toggle_v21
                0x004004bc       0x1c objdir-CWHUSKY/simpleserial-ml-kem-512.o
 .text.led_on_cmd
                0x004004d8       0x38 objdir-CWHUSKY/simpleserial-ml-kem-512.o
                0x004004d8                led_on_cmd
 .text.led_on_cmd_v21
                0x00400510       0x1c objdir-CWHUSKY/simpleserial-ml-kem-512.o
 .text.led_off_cmd
                0x0040052c       0x38 objdir-CWHUSKY/simpleserial-ml-kem-512.o
                0x0040052c                led_off_cmd
 .text.led_off_cmd_v21
                0x00400564       0x1c objdir-CWHUSKY/simpleserial-ml-kem-512.o
 .text.led_on   0x00400580       0x34 objdir-CWHUSKY/simpleserial-ml-kem-512.o
                0x00400580                led_on
 .text.led_off  0x004005b4       0x34 objdir-CWHUSKY/simpleserial-ml-kem-512.o
                0x004005b4                led_off
 .text.ml_kem_512_decap
                0x004005e8      0x108 objdir-CWHUSKY/simpleserial-ml-kem-512.o
                0x004005e8                ml_kem_512_decap
 .text.ml_kem_512
                0x004006f0       0x78 objdir-CWHUSKY/simpleserial-ml-kem-512.o
                0x004006f0                ml_kem_512
 .text.startup.main
                0x00400768      0x12c objdir-CWHUSKY/simpleserial-ml-kem-512.o
                0x00400768                main
 .text.PQCLEAN_MLKEM512_CLEAN_indcpa_dec
                0x00400894       0x88 objdir-CWHUSKY/indcpa.o
                0x00400894                PQCLEAN_MLKEM512_CLEAN_indcpa_dec
 .text.PQCLEAN_MLKEM512_CLEAN_ntt
                0x0040091c       0x98 objdir-CWHUSKY/ntt.o
                0x0040091c                PQCLEAN_MLKEM512_CLEAN_ntt
 .text.PQCLEAN_MLKEM512_CLEAN_invntt
                0x004009b4       0xac objdir-CWHUSKY/ntt.o
                0x004009b4                PQCLEAN_MLKEM512_CLEAN_invntt
 .text.PQCLEAN_MLKEM512_CLEAN_basemul
                0x00400a60       0x58 objdir-CWHUSKY/ntt.o
                0x00400a60                PQCLEAN_MLKEM512_CLEAN_basemul
 .text.PQCLEAN_MLKEM512_CLEAN_poly_decompress
                0x00400ab8       0x36 objdir-CWHUSKY/poly.o
                0x00400ab8                PQCLEAN_MLKEM512_CLEAN_poly_decompress
 .text.PQCLEAN_MLKEM512_CLEAN_poly_frombytes
                0x00400aee       0x30 objdir-CWHUSKY/poly.o
                0x00400aee                PQCLEAN_MLKEM512_CLEAN_poly_frombytes
 *fill*         0x00400b1e        0x2 
 .text.PQCLEAN_MLKEM512_CLEAN_poly_tomsg
                0x00400b20       0x48 objdir-CWHUSKY/poly.o
                0x00400b20                PQCLEAN_MLKEM512_CLEAN_poly_tomsg
 .text.PQCLEAN_MLKEM512_CLEAN_poly_invntt_tomont
                0x00400b68        0x8 objdir-CWHUSKY/poly.o
                0x00400b68                PQCLEAN_MLKEM512_CLEAN_poly_invntt_tomont
 .text.PQCLEAN_MLKEM512_CLEAN_poly_basemul_montgomery
                0x00400b70       0x4c objdir-CWHUSKY/poly.o
                0x00400b70                PQCLEAN_MLKEM512_CLEAN_poly_basemul_montgomery
 .text.PQCLEAN_MLKEM512_CLEAN_poly_reduce
                0x00400bbc       0x1c objdir-CWHUSKY/poly.o
                0x00400bbc                PQCLEAN_MLKEM512_CLEAN_poly_reduce
 .text.PQCLEAN_MLKEM512_CLEAN_poly_ntt
                0x00400bd8       0x1c objdir-CWHUSKY/poly.o
                0x00400bd8                PQCLEAN_MLKEM512_CLEAN_poly_ntt
 .text.PQCLEAN_MLKEM512_CLEAN_poly_add
                0x00400bf4       0x1c objdir-CWHUSKY/poly.o
                0x00400bf4                PQCLEAN_MLKEM512_CLEAN_poly_add
 .text.PQCLEAN_MLKEM512_CLEAN_poly_sub
                0x00400c10       0x1c objdir-CWHUSKY/poly.o
                0x00400c10                PQCLEAN_MLKEM512_CLEAN_poly_sub
 .text.PQCLEAN_MLKEM512_CLEAN_polyvec_decompress
                0x00400c2c       0x82 objdir-CWHUSKY/polyvec.o
                0x00400c2c                PQCLEAN_MLKEM512_CLEAN_polyvec_decompress
 *fill*         0x00400cae        0x2 
 .text.PQCLEAN_MLKEM512_CLEAN_polyvec_frombytes
                0x00400cb0       0x20 objdir-CWHUSKY/polyvec.o
                0x00400cb0                PQCLEAN_MLKEM512_CLEAN_polyvec_frombytes
 .text.PQCLEAN_MLKEM512_CLEAN_polyvec_ntt
                0x00400cd0       0x18 objdir-CWHUSKY/polyvec.o
                0x00400cd0                PQCLEAN_MLKEM512_CLEAN_polyvec_ntt
 .text.PQCLEAN_MLKEM512_CLEAN_polyvec_basemul_acc_montgomery
                0x00400ce8       0x40 objdir-CWHUSKY/polyvec.o
                0x00400ce8                PQCLEAN_MLKEM512_CLEAN_polyvec_basemul_acc_montgomery
 .text.PQCLEAN_MLKEM512_CLEAN_montgomery_reduce
                0x00400d28       0x1c objdir-CWHUSKY/reduce.o
                0x00400d28                PQCLEAN_MLKEM512_CLEAN_montgomery_reduce
 .text.PQCLEAN_MLKEM512_CLEAN_barrett_reduce
                0x00400d44       0x20 objdir-CWHUSKY/reduce.o
                0x00400d44                PQCLEAN_MLKEM512_CLEAN_barrett_reduce
 .text.PQCLEAN_MLKEM512_CLEAN_kyber_shake256_rkprf
                0x00400d64       0x50 objdir-CWHUSKY/symmetric-shake.o
                0x00400d64                PQCLEAN_MLKEM512_CLEAN_kyber_shake256_rkprf
 .text.PQCLEAN_MLKEM512_CLEAN_verify
                0x00400db4       0x20 objdir-CWHUSKY/verify.o
                0x00400db4                PQCLEAN_MLKEM512_CLEAN_verify
 .text.PQCLEAN_MLKEM512_CLEAN_cmov
                0x00400dd4       0x22 objdir-CWHUSKY/verify.o
                0x00400dd4                PQCLEAN_MLKEM512_CLEAN_cmov
 *fill*         0x00400df6        0x2 
 .text.KeccakF1600_StatePermute
                0x00400df8      0xdec objdir-CWHUSKY/fips202.o
 .text.keccak_squeezeblocks
                0x00401be4       0x64 objdir-CWHUSKY/fips202.o
 .text.keccak_inc_init
                0x00401c48       0x1c objdir-CWHUSKY/fips202.o
 .text.keccak_inc_absorb
                0x00401c64      0x100 objdir-CWHUSKY/fips202.o
 .text.keccak_inc_finalize
                0x00401d64       0x54 objdir-CWHUSKY/fips202.o
 .text.keccak_inc_squeeze
                0x00401db8       0xd4 objdir-CWHUSKY/fips202.o
 .text.keccak_absorb
                0x00401e8c      0x11c objdir-CWHUSKY/fips202.o
 .text.shake256_inc_init
                0x00401fa8       0x28 objdir-CWHUSKY/fips202.o
                0x00401fa8                shake256_inc_init
 .text.shake256_inc_absorb
                0x00401fd0       0x18 objdir-CWHUSKY/fips202.o
                0x00401fd0                shake256_inc_absorb
 .text.shake256_inc_finalize
                0x00401fe8       0x10 objdir-CWHUSKY/fips202.o
                0x00401fe8                shake256_inc_finalize
 .text.shake256_inc_squeeze
                0x00401ff8       0x14 objdir-CWHUSKY/fips202.o
                0x00401ff8                shake256_inc_squeeze
 .text.shake256_inc_ctx_release
                0x0040200c        0xc objdir-CWHUSKY/fips202.o
                0x0040200c                shake256_inc_ctx_release
 .text.sha3_256
                0x00402018       0x48 objdir-CWHUSKY/fips202.o
                0x00402018                sha3_256
 .text.sha3_512
                0x00402060       0x48 objdir-CWHUSKY/fips202.o
                0x00402060                sha3_512
 .text.ss_crc   0x004020a8       0x2c objdir-CWHUSKY/simpleserial.o
                0x004020a8                ss_crc
 .text.stuff_data
                0x004020d4       0x22 objdir-CWHUSKY/simpleserial.o
                0x004020d4                stuff_data
 .text.unstuff_data
                0x004020f6       0x1e objdir-CWHUSKY/simpleserial.o
                0x004020f6                unstuff_data
 .text.simpleserial_addcmd
                0x00402114       0x40 objdir-CWHUSKY/simpleserial.o
                0x00402114                simpleserial_addcmd
 .text.simpleserial_init
                0x00402154       0x28 objdir-CWHUSKY/simpleserial.o
                0x00402154                simpleserial_init
 .text.simpleserial_put
                0x0040217c       0x6c objdir-CWHUSKY/simpleserial.o
                0x0040217c                simpleserial_put
 .text.check_version
                0x004021e8       0x20 objdir-CWHUSKY/simpleserial.o
                0x004021e8                check_version
 .text.ss_get_commands
                0x00402208       0x44 objdir-CWHUSKY/simpleserial.o
                0x00402208                ss_get_commands
 .text.simpleserial_get
                0x0040224c      0x104 objdir-CWHUSKY/simpleserial.o
                0x0040224c                simpleserial_get
 .text.Dummy_Handler
                0x00402350        0x2 objdir-CWHUSKY/startup_sam4s.o
                0x00402350                DACC_Handler
                0x00402350                DebugMon_Handler
                0x00402350                HardFault_Handler
                0x00402350                TC2_Handler
                0x00402350                SPI_Handler
                0x00402350                SysTick_Handler
                0x00402350                TWI1_Handler
                0x00402350                PendSV_Handler
                0x00402350                NMI_Handler
                0x00402350                ADC_Handler
                0x00402350                CRCCU_Handler
                0x00402350                USART0_Handler
                0x00402350                RTT_Handler
                0x00402350                PIOB_Handler
                0x00402350                RTC_Handler
                0x00402350                UsageFault_Handler
                0x00402350                WDT_Handler
                0x00402350                TC1_Handler
                0x00402350                HSMCI_Handler
                0x00402350                UART1_Handler
                0x00402350                Dummy_Handler
                0x00402350                TWI0_Handler
                0x00402350                USART1_Handler
                0x00402350                PIOA_Handler
                0x00402350                SSC_Handler
                0x00402350                EFC0_Handler
                0x00402350                ACC_Handler
                0x00402350                PMC_Handler
                0x00402350                PWM_Handler
                0x00402350                MemManage_Handler
                0x00402350                SUPC_Handler
                0x00402350                SVC_Handler
                0x00402350                UART0_Handler
                0x00402350                UDP_Handler
                0x00402350                BusFault_Handler
                0x00402350                RSTC_Handler
                0x00402350                TC0_Handler
 *fill*         0x00402352        0x2 
 .text.Reset_Handler
                0x00402354       0x7c objdir-CWHUSKY/startup_sam4s.o
                0x00402354                Reset_Handler
 .text.platform_init
                0x004023d0       0x98 objdir-CWHUSKY/sam4s_hal.o
                0x004023d0                platform_init
 .text.init_uart
                0x00402468       0x60 objdir-CWHUSKY/sam4s_hal.o
                0x00402468                init_uart
 .text.putch    0x004024c8       0x1c objdir-CWHUSKY/sam4s_hal.o
                0x004024c8                putch
 .text.getch    0x004024e4       0x20 objdir-CWHUSKY/sam4s_hal.o
                0x004024e4                getch
 .text.trigger_setup
                0x00402504       0x20 objdir-CWHUSKY/sam4s_hal.o
                0x00402504                trigger_setup
 .text.trigger_low
                0x00402524       0x20 objdir-CWHUSKY/sam4s_hal.o
                0x00402524                trigger_low
 .text.trigger_high
                0x00402544       0x20 objdir-CWHUSKY/sam4s_hal.o
                0x00402544                trigger_high
 .text.uart_init
                0x00402564       0x34 objdir-CWHUSKY/uart.o
                0x00402564                uart_init
 .text.uart_enable_tx
                0x00402598        0x6 objdir-CWHUSKY/uart.o
                0x00402598                uart_enable_tx
 .text.uart_enable_rx
                0x0040259e        0x6 objdir-CWHUSKY/uart.o
                0x0040259e                uart_enable_rx
 .text.uart_write
                0x004025a4        0xe objdir-CWHUSKY/uart.o
                0x004025a4                uart_write
 .text.uart_read
                0x004025b2       0x10 objdir-CWHUSKY/uart.o
                0x004025b2                uart_read
 .text.pio_set_peripheral
                0x004025c2       0x6e objdir-CWHUSKY/pio.o
                0x004025c2                pio_set_peripheral
 .text.pio_set_input
                0x00402630       0x2e objdir-CWHUSKY/pio.o
                0x00402630                pio_set_input
 .text.pio_set_output
                0x0040265e       0x24 objdir-CWHUSKY/pio.o
                0x0040265e                pio_set_output
 .text.pio_set_pin_high
                0x00402682       0x18 objdir-CWHUSKY/pio.o
                0x00402682                pio_set_pin_high
 .text.pio_set_pin_low
                0x0040269a       0x18 objdir-CWHUSKY/pio.o
                0x0040269a                pio_set_pin_low
 *fill*         0x004026b2        0x2 
 .text.pio_configure_pin
                0x004026b4       0xa4 objdir-CWHUSKY/pio.o
                0x004026b4                pio_configure_pin
 .text.SystemCoreClockUpdate
                0x00402758       0xcc objdir-CWHUSKY/system_sam4s.o
                0x00402758                SystemCoreClockUpdate
 .text.system_init_flash
                0x00402824       0x64 objdir-CWHUSKY/system_sam4s.o
                0x00402824                system_init_flash
 .text.pmc_switch_mck_to_sclk
                0x00402888       0x40 objdir-CWHUSKY/pmc.o
                0x00402888                pmc_switch_mck_to_sclk
 .text.pmc_switch_mck_to_mainck
                0x004028c8       0x44 objdir-CWHUSKY/pmc.o
                0x004028c8                pmc_switch_mck_to_mainck
 .text.pmc_switch_mainck_to_xtal
                0x0040290c       0x4c objdir-CWHUSKY/pmc.o
                0x0040290c                pmc_switch_mainck_to_xtal
 .text.pmc_osc_is_ready_mainck
                0x00402958       0x10 objdir-CWHUSKY/pmc.o
                0x00402958                pmc_osc_is_ready_mainck
 .text.pmc_enable_periph_clk
                0x00402968       0x3c objdir-CWHUSKY/pmc.o
                0x00402968                pmc_enable_periph_clk
 .text.pmc_set_writeprotect
                0x004029a4       0x1c objdir-CWHUSKY/pmc.o
                0x004029a4                pmc_set_writeprotect
 .text          0x004029c0       0x50 /usr/lib/gcc/arm-none-eabi/14.2.1/../../../arm-none-eabi/lib/thumb/v7e-m/nofp/libg_nano.a(libc_a-init.o)
                0x004029c0                __libc_init_array
 .text          0x00402a10       0xa4 /usr/lib/gcc/arm-none-eabi/14.2.1/../../../arm-none-eabi/lib/thumb/v7e-m/nofp/libg_nano.a(libc_a-memset.o)
                0x00402a10                memset
 .text          0x00402ab4      0x134 /usr/lib/gcc/arm-none-eabi/14.2.1/../../../arm-none-eabi/lib/thumb/v7e-m/nofp/libg_nano.a(libc_a-memcpy.o)
                0x00402ab4                memcpy
 .text          0x00402be8       0x20 /usr/lib/gcc/arm-none-eabi/14.2.1/../../../arm-none-eabi/lib/thumb/v7e-m/nofp/libg_nano.a(libc_a-malloc.o)
                0x00402be8                malloc
                0x00402bf8                free
 .text          0x00402c08       0x24 /usr/lib/gcc/arm-none-eabi/14.2.1/../../../arm-none-eabi/lib/thumb/v7e-m/nofp/libg_nano.a(libc_a-exit.o)
                0x00402c08                exit
 .text          0x00402c2c      0x148 /usr/lib/gcc/arm-none-eabi/14.2.1/../../../arm-none-eabi/lib/thumb/v7e-m/nofp/libg_nano.a(libc_a-mallocr.o)
                0x00402c74                _malloc_r
 .text          0x00402d74       0xbc /usr/lib/gcc/arm-none-eabi/14.2.1/../../../arm-none-eabi/lib/thumb/v7e-m/nofp/libg_nano.a(libc_a-freer.o)
                0x00402d74                _free_r
 .text          0x00402e30        0x8 /usr/lib/gcc/arm-none-eabi/14.2.1/../../../arm-none-eabi/lib/thumb/v7e-m/nofp/libg_nano.a(libc_a-mlock.o)
                0x00402e30                __malloc_lock
                0x00402e34                __malloc_unlock
 .text          0x00402e38       0x24 /usr/lib/gcc/arm-none-eabi/14.2.1/../../../arm-none-eabi/lib/thumb/v7e-m/nofp/libg_nano.a(libc_a-sbrkr.o)
                0x00402e38                _sbrk_r
 .text          0x00402e5c       0xc4 /usr/lib/gcc/arm-none-eabi/14.2.1/../../../arm-none-eabi/lib/thumb/v7e-m/nofp/libg_nano.a(libc_a-__call_atexit.o)
                0x00402e5c                __call_exitprocs
 .text          0x00402f20       0x1c /usr/lib/gcc/arm-none-eabi/14.2.1/../../../arm-none-eabi/lib/thumb/v7e-m/nofp/libnosys.a(sbrk.o)
                0x00402f20                _sbrk
 .text          0x00402f3c        0x4 /usr/lib/gcc/arm-none-eabi/14.2.1/../../../arm-none-eabi/lib/thumb/v7e-m/nofp/libnosys.a(_exit.o)
                0x00402f3c                _exit
 *(.glue_7t)
 .glue_7t       0x00402f40        0x0 linker stubs
 *(.glue_7)
 .glue_7        0x00402f40        0x0 linker stubs
 *(.rodata .rodata* .gnu.linkonce.r.*)
 .rodata.PQCLEAN_MLKEM512_CLEAN_zetas
                0x00402f40      0x100 objdir-CWHUSKY/ntt.o
                0x00402f40                PQCLEAN_MLKEM512_CLEAN_zetas
 .rodata.KeccakF_RoundConstants
                0x00403040       0xc0 objdir-CWHUSKY/fips202.o
 *(.ARM.extab* .gnu.linkonce.armextab.*)
                0x00403100                        . = ALIGN (0x4)
 *(.init)
 .init          0x00403100        0x4 /usr/lib/gcc/arm-none-eabi/14.2.1/thumb/v7e-m/nofp/crti.o
                0x00403100                _init
 .init          0x00403104        0x8 /usr/lib/gcc/arm-none-eabi/14.2.1/thumb/v7e-m/nofp/crtn.o
                0x0040310c                        . = ALIGN (0x4)
                0x0040310c                        __preinit_array_start = .
 *(.preinit_array)
                0x0040310c                        __preinit_array_end = .
                0x0040310c                        . = ALIGN (0x4)
                0x0040310c                        __init_array_start = .
 *(SORT_BY_NAME(.init_array.*))
 *(.init_array)
 .init_array    0x0040310c        0x4 /usr/lib/gcc/arm-none-eabi/14.2.1/thumb/v7e-m/nofp/crtbegin.o
                0x00403110                        __init_array_end = .
                0x00403110                        . = ALIGN (0x4)
 *crtbegin.o(.ctors)
 *(EXCLUDE_FILE(*crtend.o) .ctors)
 *(SORT_BY_NAME(.ctors.*))
 *crtend.o(.ctors)
                0x00403110                        . = ALIGN (0x4)
 *(.fini)
 .fini          0x00403110        0x4 /usr/lib/gcc/arm-none-eabi/14.2.1/thumb/v7e-m/nofp/crti.o
                0x00403110                _fini
 .fini          0x00403114        0x8 /usr/lib/gcc/arm-none-eabi/14.2.1/thumb/v7e-m/nofp/crtn.o
                0x0040311c                        . = ALIGN (0x4)
                0x0040311c                        __fini_array_start = .
 *(.fini_array)
 .fini_array    0x0040311c        0x4 /usr/lib/gcc/arm-none-eabi/14.2.1/thumb/v7e-m/nofp/crtbegin.o
 *(SORT_BY_NAME(.fini_array.*))
                0x00403120                        __fini_array_end = .
 *crtbegin.o(.dtors)
 *(EXCLUDE_FILE(*crtend.o) .dtors)
 *(SORT_BY_NAME(.dtors.*))
 *crtend.o(.dtors)
                0x00403120                        . = ALIGN (0x4)
                0x00403120                        _efixed = .
                [!provide]                        PROVIDE (__exidx_start = .)

.vfp11_veneer   0x00403120        0x0
 .vfp11_veneer  0x00403120        0x0 linker stubs

.v4_bx          0x00403120        0x0
 .v4_bx         0x00403120        0x0 linker stubs

.iplt           0x00403120        0x0
 .iplt          0x00403120        0x0 /usr/lib/gcc/arm-none-eabi/14.2.1/thumb/v7e-m/nofp/crtbegin.o

.ARM.exidx      0x00403120        0x8
 *(.ARM.exidx* .gnu.linkonce.armexidx.*)
 .ARM.exidx     0x00403120        0x8 /usr/lib/gcc/arm-none-eabi/14.2.1/../../../arm-none-eabi/lib/thumb/v7e-m/nofp/libg_nano.a(libc_a-memcpy.o)
                [!provide]                        PROVIDE (__exidx_end = .)

.eh_frame       0x00403128        0x0
 .eh_frame      0x00403128        0x0 /usr/lib/gcc/arm-none-eabi/14.2.1/thumb/v7e-m/nofp/crtbegin.o

.rel.dyn        0x00403128        0x0
 .rel.iplt      0x00403128        0x0 /usr/lib/gcc/arm-none-eabi/14.2.1/thumb/v7e-m/nofp/crtbegin.o

.tm_clone_table
                0x00403128        0x0
 .tm_clone_table
                0x00403128        0x0 /usr/lib/gcc/arm-none-eabi/14.2.1/thumb/v7e-m/nofp/crtbegin.o
 .tm_clone_table
                0x00403128        0x0 /usr/lib/gcc/arm-none-eabi/14.2.1/thumb/v7e-m/nofp/crtend.o

.igot.plt       0x00403128        0x0
 .igot.plt      0x00403128        0x0 /usr/lib/gcc/arm-none-eabi/14.2.1/thumb/v7e-m/nofp/crtbegin.o
                0x00403128                        . = ALIGN (0x4)
                0x00403128                        _etext = .

.relocate       0x20000000       0x58 load address 0x00403128
                0x20000000                        . = ALIGN (0x4)
                0x20000000                        _srelocate = .
 *(.ramfunc .ramfunc.*)
 *(.data .data.*)
 .data.v21_chunk_sz
                0x20000000        0x1 objdir-CWHUSKY/simpleserial-ml-kem-512.o
 *fill*         0x20000001        0x3 
 .data.SystemCoreClock
                0x20000004        0x4 objdir-CWHUSKY/system_sam4s.o
                0x20000004                SystemCoreClock
 .data          0x20000008       0x50 /usr/lib/gcc/arm-none-eabi/14.2.1/../../../arm-none-eabi/lib/thumb/v7e-m/nofp/libg_nano.a(libc_a-impure.o)
                0x20000008                _impure_ptr
                0x2000000c                _impure_data
                0x20000058                        . = ALIGN (0x4)
                0x20000058                        _erelocate = .

.bss            0x20000058     0x1058 load address 0x00403180
                0x20000058                        . = ALIGN (0x4)
                0x20000058                        _sbss = .
                0x20000058                        _szero = .
 *(.bss .bss.*)
 .bss           0x20000058       0x1c /usr/lib/gcc/arm-none-eabi/14.2.1/thumb/v7e-m/nofp/crtbegin.o
 .bss.LED3State
                0x20000074        0x1 objdir-CWHUSKY/simpleserial-ml-kem-512.o
 .bss.LED2State
                0x20000075        0x1 objdir-CWHUSKY/simpleserial-ml-kem-512.o
 .bss.LED1State
                0x20000076        0x1 objdir-CWHUSKY/simpleserial-ml-kem-512.o
 .bss.ss_loaded
                0x20000077        0x1 objdir-CWHUSKY/simpleserial-ml-kem-512.o
 .bss.ct_chunks_loaded
                0x20000078        0x1 objdir-CWHUSKY/simpleserial-ml-kem-512.o
 .bss.pk_chunks_loaded
                0x20000079        0x1 objdir-CWHUSKY/simpleserial-ml-kem-512.o
 .bss.sk_chunks_loaded
                0x2000007a        0x1 objdir-CWHUSKY/simpleserial-ml-kem-512.o
 .bss.decap_decrypted_buf
                0x2000007b       0x20 objdir-CWHUSKY/simpleserial-ml-kem-512.o
 .bss.decap_kr  0x2000009b       0x40 objdir-CWHUSKY/simpleserial-ml-kem-512.o
 .bss.decap_buf
                0x200000db       0x40 objdir-CWHUSKY/simpleserial-ml-kem-512.o
 .bss.ss_result
                0x2000011b       0x20 objdir-CWHUSKY/simpleserial-ml-kem-512.o
 .bss.ss        0x2000013b       0x20 objdir-CWHUSKY/simpleserial-ml-kem-512.o
                0x2000013b                ss
 .bss.ct        0x2000015b      0x300 objdir-CWHUSKY/simpleserial-ml-kem-512.o
                0x2000015b                ct
 .bss.sk        0x2000045b      0x660 objdir-CWHUSKY/simpleserial-ml-kem-512.o
                0x2000045b                sk
 .bss.pk        0x20000abb      0x320 objdir-CWHUSKY/simpleserial-ml-kem-512.o
                0x20000abb                pk
 *fill*         0x20000ddb        0x1 
 .bss.commands  0x20000ddc      0x180 objdir-CWHUSKY/simpleserial.o
 .bss.num_commands
                0x20000f5c        0x4 objdir-CWHUSKY/simpleserial.o
 .bss           0x20000f60      0x13c /usr/lib/gcc/arm-none-eabi/14.2.1/../../../arm-none-eabi/lib/thumb/v7e-m/nofp/libg_nano.a(libc_a-findfp.o)
                0x20000f60                __sf
                0x20001098                __stdio_exit_handler
 .bss           0x2000109c        0x8 /usr/lib/gcc/arm-none-eabi/14.2.1/../../../arm-none-eabi/lib/thumb/v7e-m/nofp/libg_nano.a(libc_a-mallocr.o)
                0x2000109c                __malloc_sbrk_start
                0x200010a0                __malloc_free_list
 .bss           0x200010a4        0x4 /usr/lib/gcc/arm-none-eabi/14.2.1/../../../arm-none-eabi/lib/thumb/v7e-m/nofp/libg_nano.a(libc_a-__call_atexit.o)
                0x200010a4                __atexit
 .bss           0x200010a8        0x4 /usr/lib/gcc/arm-none-eabi/14.2.1/../../../arm-none-eabi/lib/thumb/v7e-m/nofp/libg_nano.a(libc_a-reent.o)
                0x200010a8                errno
 .bss           0x200010ac        0x4 /usr/lib/gcc/arm-none-eabi/14.2.1/../../../arm-none-eabi/lib/thumb/v7e-m/nofp/libnosys.a(sbrk.o)
 *(COMMON)
                0x200010b0                        . = ALIGN (0x4)
                0x200010b0                        _ebss = .
                0x200010b0                        _ezero = .

.stack          0x200010b0     0x1000 load address 0x004041d8
                0x200010b0                        . = ALIGN (0x8)
                0x200010b0                        _sstack = .
                0x200020b0                        . = (. + __stack_size__)
 *fill*         0x200010b0     0x1000 
                0x200020b0                        . = ALIGN (0x8)
                0x200020b0                        _estack = .

.mpssemem
 *(.mpssemem)
                0x200020b0                        . = ALIGN (0x4)
                0x200020b0                        end = .
                0x200020b0                        _end = .
OUTPUT(simpleserial-ml-kem-512-CWHUSKY.elf elf32-littlearm)
LOAD linker stubs

.ARM.attributes
                0x00000000       0x2a
 .ARM.attributes
                0x00000000       0x1e /usr/lib/gcc/arm-none-eabi/14.2.1/thumb/v7e-m/nofp/crti.o
 .ARM.attributes
                0x0000001e       0x2e /usr/lib/gcc/arm-none-eabi/14.2.1/thumb/v7e-m/nofp/crtbegin.o
 .ARM.attributes
                0x0000004c       0x2e objdir-CWHUSKY/simpleserial-ml-kem-512.o
 .ARM.attributes
                0x0000007a       0x2e objdir-CWHUSKY/indcpa.o
 .ARM.attributes
                0x000000a8       0x2e objdir-CWHUSKY/ntt.o
 .ARM.attributes
                0x000000d6       0x2e objdir-CWHUSKY/poly.o
 .ARM.attributes
                0x00000104       0x2e objdir-CWHUSKY/polyvec.o
 .ARM.attributes
                0x00000132       0x2e objdir-CWHUSKY/reduce.o
 .ARM.attributes
                0x00000160       0x2e objdir-CWHUSKY/symmetric-shake.o
 .ARM.attributes
                0x0000018e       0x2e objdir-CWHUSKY/verify.o
 .ARM.attributes
                0x000001bc       0x2e objdir-CWHUSKY/fips202.o
 .ARM.attributes
                0x000001ea       0x2e objdir-CWHUSKY/simpleserial.o
 .ARM.attributes
                0x00000218       0x2e objdir-CWHUSKY/startup_sam4s.o
 .ARM.attributes
                0x00000246       0x2e objdir-CWHUSKY/sam4s_hal.o
 .ARM.attributes
                0x00000274       0x2e objdir-CWHUSKY/uart.o
 .ARM.attributes
                0x000002a2       0x2e objdir-CWHUSKY/pio.o
 .ARM.attributes
                0x000002d0       0x2e objdir-CWHUSKY/system_sam4s.o
 .ARM.attributes
                0x000002fe       0x2e objdir-CWHUSKY/pmc.o
 .ARM.attributes
                0x0000032c       0x2e /usr/lib/gcc/arm-none-eabi/14.2.1/../../../arm-none-eabi/lib/thumb/v7e-m/nofp/libg_nano.a(libc_a-init.o)
 .ARM.attributes
                0x0000035a       0x2e /usr/lib/gcc/arm-none-eabi/14.2.1/../../../arm-none-eabi/lib/thumb/v7e-m/nofp/libg_nano.a(libc_a-memset.o)
 .ARM.attributes
                0x00000388       0x1c /usr/lib/gcc/arm-none-eabi/14.2.1/../../../arm-none-eabi/lib/thumb/v7e-m/nofp/libg_nano.a(libc_a-memcpy.o)
 .ARM.attributes
                0x000003a4       0x2e /usr/lib/gcc/arm-none-eabi/14.2.1/../../../arm-none-eabi/lib/thumb/v7e-m/nofp/libg_nano.a(libc_a-malloc.o)
 .ARM.attributes
                0x000003d2       0x2e /usr/lib/gcc/arm-none-eabi/14.2.1/../../../arm-none-eabi/lib/thumb/v7e-m/nofp/libg_nano.a(libc_a-impure.o)
 .ARM.attributes
                0x00000400       0x2e /usr/lib/gcc/arm-none-eabi/14.2.1/../../../arm-none-eabi/lib/thumb/v7e-m/nofp/libg_nano.a(libc_a-exit.o)
 .ARM.attributes
                0x0000042e       0x2e /usr/lib/gcc/arm-none-eabi/14.2.1/../../../arm-none-eabi/lib/thumb/v7e-m/nofp/libg_nano.a(libc_a-findfp.o)
 .ARM.attributes
                0x0000045c       0x2e /usr/lib/gcc/arm-none-eabi/14.2.1/../../../arm-none-eabi/lib/thumb/v7e-m/nofp/libg_nano.a(libc_a-mallocr.o)
 .ARM.attributes
                0x0000048a       0x2e /usr/lib/gcc/arm-none-eabi/14.2.1/../../../arm-none-eabi/lib/thumb/v7e-m/nofp/libg_nano.a(libc_a-freer.o)
 .ARM.attributes
                0x000004b8       0x2e /usr/lib/gcc/arm-none-eabi/14.2.1/../../../arm-none-eabi/lib/thumb/v7e-m/nofp/libg_nano.a(libc_a-mlock.o)
 .ARM.attributes
                0x000004e6       0x2e /usr/lib/gcc/arm-none-eabi/14.2.1/../../../arm-none-eabi/lib/thumb/v7e-m/nofp/libg_nano.a(libc_a-sbrkr.o)
 .ARM.attributes
                0x00000514       0x2e /usr/lib/gcc/arm-none-eabi/14.2.1/../../../arm-none-eabi/lib/thumb/v7e-m/nofp/libg_nano.a(libc_a-__call_atexit.o)
 .ARM.attributes
                0x00000542       0x2e /usr/lib/gcc/arm-none-eabi/14.2.1/../../../arm-none-eabi/lib/thumb/v7e-m/nofp/libg_nano.a(libc_a-reent.o)
 .ARM.attributes
                0x00000570       0x2e /usr/lib/gcc/arm-none-eabi/14.2.1/../../../arm-none-eabi/lib/thumb/v7e-m/nofp/libnosys.a(sbrk.o)
 .ARM.attributes
                0x0000059e       0x2e /usr/lib/gcc/arm-none-eabi/14.2.1/../../../arm-none-eabi/lib/thumb/v7e-m/nofp/libnosys.a(_exit.o)
 .ARM.attributes
                0x000005cc       0x2e /usr/lib/gcc/arm-none-eabi/14.2.1/thumb/v7e-m/nofp/crtend.o
 .ARM.attributes
                0x000005fa       0x1e /usr/lib/gcc/arm-none-eabi/14.2.1/thumb/v7e-m/nofp/crtn.o

.comment        0x00000000       0x4c
 .comment       0x00000000       0x4c /usr/lib/gcc/arm-none-eabi/14.2.1/thumb/v7e-m/nofp/crtbegin.o
                                 0x27 (size before relaxing)
 .comment       0x0000004c        0x0 objdir-CWHUSKY/simpleserial-ml-kem-512.o
                                 0x27 (size before relaxing)
 .comment       0x0000004c        0x0 objdir-CWHUSKY/indcpa.o
                                 0x27 (size before relaxing)
 .comment       0x0000004c        0x0 objdir-CWHUSKY/ntt.o
                                 0x27 (size before relaxing)
 .comment       0x0000004c        0x0 objdir-CWHUSKY/poly.o
                                 0x27 (size before relaxing)
 .comment       0x0000004c        0x0 objdir-CWHUSKY/polyvec.o
                                 0x27 (size before relaxing)
 .comment       0x0000004c        0x0 objdir-CWHUSKY/reduce.o
                                 0x27 (size before relaxing)
 .comment       0x0000004c        0x0 objdir-CWHUSKY/symmetric-shake.o
                                 0x27 (size before relaxing)
 .comment       0x0000004c        0x0 objdir-CWHUSKY/verify.o
                                 0x27 (size before relaxing)
 .comment       0x0000004c        0x0 objdir-CWHUSKY/fips202.o
                                 0x27 (size before relaxing)
 .comment       0x0000004c        0x0 objdir-CWHUSKY/simpleserial.o
                                 0x27 (size before relaxing)
 .comment       0x0000004c        0x0 objdir-CWHUSKY/startup_sam4s.o
                                 0x27 (size before relaxing)
 .comment       0x0000004c        0x0 objdir-CWHUSKY/sam4s_hal.o
                                 0x27 (size before relaxing)
 .comment       0x0000004c        0x0 objdir-CWHUSKY/uart.o
                                 0x27 (size before relaxing)
 .comment       0x0000004c        0x0 objdir-CWHUSKY/pio.o
                                 0x27 (size before relaxing)
 .comment       0x0000004c        0x0 objdir-CWHUSKY/system_sam4s.o
                                 0x27 (size before relaxing)
 .comment       0x0000004c        0x0 objdir-CWHUSKY/pmc.o
                                 0x27 (size before relaxing)
 .comment       0x0000004c        0x0 /usr/lib/gcc/arm-none-eabi/14.2.1/../../../arm-none-eabi/lib/thumb/v7e-m/nofp/libg_nano.a(libc_a-init.o)
                                 0x27 (size before relaxing)
 .comment       0x0000004c        0x0 /usr/lib/gcc/arm-none-eabi/14.2.1/../../../arm-none-eabi/lib/thumb/v7e-m/nofp/libg_nano.a(libc_a-memset.o)
                                 0x27 (size before relaxing)
 .comment       0x0000004c        0x0 /usr/lib/gcc/arm-none-eabi/14.2.1/../../../arm-none-eabi/lib/thumb/v7e-m/nofp/libg_nano.a(libc_a-malloc.o)
                                 0x27 (size before relaxing)
 .comment       0x0000004c        0x0 /usr/lib/gcc/arm-none-eabi/14.2.1/../../../arm-none-eabi/lib/thumb/v7e-m/nofp/libg_nano.a(libc_a-impure.o)
                                 0x27 (size before relaxing)
 .comment       0x0000004c        0x0 /usr/lib/gcc/arm-none-eabi/14.2.1/../../../arm-none-eabi/lib/thumb/v7e-m/nofp/libg_nano.a(libc_a-exit.o)
                                 0x27 (size before relaxing)
 .comment       0x0000004c        0x0 /usr/lib/gcc/arm-none-eabi/14.2.1/../../../arm-none-eabi/lib/thumb/v7e-m/nofp/libg_nano.a(libc_a-findfp.o)
                                 0x27 (size before relaxing)
 .comment       0x0000004c        0x0 /usr/lib/gcc/arm-none-eabi/14.2.1/../../../arm-none-eabi/lib/thumb/v7e-m/nofp/libg_nano.a(libc_a-mallocr.o)
                                 0x27 (size before relaxing)
 .comment       0x0000004c        0x0 /usr/lib/gcc/arm-none-eabi/14.2.1/../../../arm-none-eabi/lib/thumb/v7e-m/nofp/libg_nano.a(libc_a-freer.o)
                                 0x27 (size before relaxing)
 .comment       0x0000004c        0x0 /usr/lib/gcc/arm-none-eabi/14.2.1/../../../arm-none-eabi/lib/thumb/v7e-m/nofp/libg_nano.a(libc_a-mlock.o)
                                 0x27 (size before relaxing)
 .comment       0x0000004c        0x0 /usr/lib/gcc/arm-none-eabi/14.2.1/../../../arm-none-eabi/lib/thumb/v7e-m/nofp/libg_nano.a(libc_a-sbrkr.o)
                                 0x27 (size before relaxing)
 .comment       0x0000004c        0x0 /usr/lib/gcc/arm-none-eabi/14.2.1/../../../arm-none-eabi/lib/thumb/v7e-m/nofp/libg_nano.a(libc_a-__call_atexit.o)
                                 0x27 (size before relaxing)
 .comment       0x0000004c        0x0 /usr/lib/gcc/arm-none-eabi/14.2.1/../../../arm-none-eabi/lib/thumb/v7e-m/nofp/libg_nano.a(libc_a-reent.o)
                                 0x27 (size before relaxing)
 .comment       0x0000004c        0x0 /usr/lib/gcc/arm-none-eabi/14.2.1/../../../arm-none-eabi/lib/thumb/v7e-m/nofp/libnosys.a(sbrk.o)
                                 0x27 (size before relaxing)
 .comment       0x0000004c        0x0 /usr/lib/gcc/arm-none-eabi/14.2.1/../../../arm-none-eabi/lib/thumb/v7e-m/nofp/libnosys.a(_exit.o)
                                 0x27 (size before relaxing)
 .comment       0x0000004c        0x0 /usr/lib/gcc/arm-none-eabi/14.2.1/thumb/v7e-m/nofp/crtend.o
                                 0x27 (size before relaxing)

.debug_info     0x00000000    0x11142
 .debug_info    0x00000000     0x21cc objdir-CWHUSKY/simpleserial-ml-kem-512.o
 .debug_info    0x000021cc     0x10c9 objdir-CWHUSKY/indcpa.o
 .debug_info    0x00003295      0x4a6 objdir-CWHUSKY/ntt.o
 .debug_info    0x0000373b      0x8f5 objdir-CWHUSKY/poly.o
 .debug_info    0x00004030      0x737 objdir-CWHUSKY/polyvec.o
 .debug_info    0x00004767      0x11f objdir-CWHUSKY/reduce.o
 .debug_info    0x00004886      0x45b objdir-CWHUSKY/symmetric-shake.o
 .debug_info    0x00004ce1      0x1f6 objdir-CWHUSKY/verify.o
 .debug_info    0x00004ed7     0x23a8 objdir-CWHUSKY/fips202.o
 .debug_info    0x0000727f      0x7f3 objdir-CWHUSKY/simpleserial.o
 .debug_info    0x00007a72      0x6e4 objdir-CWHUSKY/startup_sam4s.o
 .debug_info    0x00008156      0xa0d objdir-CWHUSKY/sam4s_hal.o
 .debug_info    0x00008b63      0x89b objdir-CWHUSKY/uart.o
 .debug_info    0x000093fe     0x18f4 objdir-CWHUSKY/pio.o
 .debug_info    0x0000acf2      0x457 objdir-CWHUSKY/system_sam4s.o
 .debug_info    0x0000b149     0x1251 objdir-CWHUSKY/pmc.o
 .debug_info    0x0000c39a      0x10b /usr/lib/gcc/arm-none-eabi/14.2.1/../../../arm-none-eabi/lib/thumb/v7e-m/nofp/libg_nano.a(libc_a-init.o)
 .debug_info    0x0000c4a5      0x135 /usr/lib/gcc/arm-none-eabi/14.2.1/../../../arm-none-eabi/lib/thumb/v7e-m/nofp/libg_nano.a(libc_a-memset.o)
 .debug_info    0x0000c5da       0x33 /usr/lib/gcc/arm-none-eabi/14.2.1/../../../arm-none-eabi/lib/thumb/v7e-m/nofp/libg_nano.a(libc_a-memcpy.o)
 .debug_info    0x0000c60d      0x796 /usr/lib/gcc/arm-none-eabi/14.2.1/../../../arm-none-eabi/lib/thumb/v7e-m/nofp/libg_nano.a(libc_a-malloc.o)
 .debug_info    0x0000cda3      0x70b /usr/lib/gcc/arm-none-eabi/14.2.1/../../../arm-none-eabi/lib/thumb/v7e-m/nofp/libg_nano.a(libc_a-impure.o)
 .debug_info    0x0000d4ae      0x11b /usr/lib/gcc/arm-none-eabi/14.2.1/../../../arm-none-eabi/lib/thumb/v7e-m/nofp/libg_nano.a(libc_a-exit.o)
 .debug_info    0x0000d5c9      0xe8c /usr/lib/gcc/arm-none-eabi/14.2.1/../../../arm-none-eabi/lib/thumb/v7e-m/nofp/libg_nano.a(libc_a-findfp.o)
 .debug_info    0x0000e455      0x9b6 /usr/lib/gcc/arm-none-eabi/14.2.1/../../../arm-none-eabi/lib/thumb/v7e-m/nofp/libg_nano.a(libc_a-mallocr.o)
 .debug_info    0x0000ee0b      0x87f /usr/lib/gcc/arm-none-eabi/14.2.1/../../../arm-none-eabi/lib/thumb/v7e-m/nofp/libg_nano.a(libc_a-freer.o)
 .debug_info    0x0000f68a      0x71c /usr/lib/gcc/arm-none-eabi/14.2.1/../../../arm-none-eabi/lib/thumb/v7e-m/nofp/libg_nano.a(libc_a-mlock.o)
 .debug_info    0x0000fda6      0x778 /usr/lib/gcc/arm-none-eabi/14.2.1/../../../arm-none-eabi/lib/thumb/v7e-m/nofp/libg_nano.a(libc_a-sbrkr.o)
 .debug_info    0x0001051e      0x235 /usr/lib/gcc/arm-none-eabi/14.2.1/../../../arm-none-eabi/lib/thumb/v7e-m/nofp/libg_nano.a(libc_a-__call_atexit.o)
 .debug_info    0x00010753      0x89f /usr/lib/gcc/arm-none-eabi/14.2.1/../../../arm-none-eabi/lib/thumb/v7e-m/nofp/libg_nano.a(libc_a-reent.o)
 .debug_info    0x00010ff2       0xac /usr/lib/gcc/arm-none-eabi/14.2.1/../../../arm-none-eabi/lib/thumb/v7e-m/nofp/libnosys.a(sbrk.o)
 .debug_info    0x0001109e       0xa4 /usr/lib/gcc/arm-none-eabi/14.2.1/../../../arm-none-eabi/lib/thumb/v7e-m/nofp/libnosys.a(_exit.o)

.debug_abbrev   0x00000000     0x394c
 .debug_abbrev  0x00000000      0x4a2 objdir-CWHUSKY/simpleserial-ml-kem-512.o
 .debug_abbrev  0x000004a2      0x310 objdir-CWHUSKY/indcpa.o
 .debug_abbrev  0x000007b2      0x1b5 objdir-CWHUSKY/ntt.o
 .debug_abbrev  0x00000967      0x206 objdir-CWHUSKY/poly.o
 .debug_abbrev  0x00000b6d      0x15f objdir-CWHUSKY/polyvec.o
 .debug_abbrev  0x00000ccc       0xb8 objdir-CWHUSKY/reduce.o
 .debug_abbrev  0x00000d84      0x150 objdir-CWHUSKY/symmetric-shake.o
 .debug_abbrev  0x00000ed4       0xdb objdir-CWHUSKY/verify.o
 .debug_abbrev  0x00000faf      0x371 objdir-CWHUSKY/fips202.o
 .debug_abbrev  0x00001320      0x232 objdir-CWHUSKY/simpleserial.o
 .debug_abbrev  0x00001552      0x1b4 objdir-CWHUSKY/startup_sam4s.o
 .debug_abbrev  0x00001706      0x2c1 objdir-CWHUSKY/sam4s_hal.o
 .debug_abbrev  0x000019c7      0x21f objdir-CWHUSKY/uart.o
 .debug_abbrev  0x00001be6      0x371 objdir-CWHUSKY/pio.o
 .debug_abbrev  0x00001f57      0x11f objdir-CWHUSKY/system_sam4s.o
 .debug_abbrev  0x00002076      0x2c6 objdir-CWHUSKY/pmc.o
 .debug_abbrev  0x0000233c       0xc9 /usr/lib/gcc/arm-none-eabi/14.2.1/../../../arm-none-eabi/lib/thumb/v7e-m/nofp/libg_nano.a(libc_a-init.o)
 .debug_abbrev  0x00002405       0xb7 /usr/lib/gcc/arm-none-eabi/14.2.1/../../../arm-none-eabi/lib/thumb/v7e-m/nofp/libg_nano.a(libc_a-memset.o)
 .debug_abbrev  0x000024bc       0x28 /usr/lib/gcc/arm-none-eabi/14.2.1/../../../arm-none-eabi/lib/thumb/v7e-m/nofp/libg_nano.a(libc_a-memcpy.o)
 .debug_abbrev  0x000024e4      0x1cf /usr/lib/gcc/arm-none-eabi/14.2.1/../../../arm-none-eabi/lib/thumb/v7e-m/nofp/libg_nano.a(libc_a-malloc.o)
 .debug_abbrev  0x000026b3      0x149 /usr/lib/gcc/arm-none-eabi/14.2.1/../../../arm-none-eabi/lib/thumb/v7e-m/nofp/libg_nano.a(libc_a-impure.o)
 .debug_abbrev  0x000027fc       0xd8 /usr/lib/gcc/arm-none-eabi/14.2.1/../../../arm-none-eabi/lib/thumb/v7e-m/nofp/libg_nano.a(libc_a-exit.o)
 .debug_abbrev  0x000028d4      0x408 /usr/lib/gcc/arm-none-eabi/14.2.1/../../../arm-none-eabi/lib/thumb/v7e-m/nofp/libg_nano.a(libc_a-findfp.o)
 .debug_abbrev  0x00002cdc      0x24a /usr/lib/gcc/arm-none-eabi/14.2.1/../../../arm-none-eabi/lib/thumb/v7e-m/nofp/libg_nano.a(libc_a-mallocr.o)
 .debug_abbrev  0x00002f26      0x249 /usr/lib/gcc/arm-none-eabi/14.2.1/../../../arm-none-eabi/lib/thumb/v7e-m/nofp/libg_nano.a(libc_a-freer.o)
 .debug_abbrev  0x0000316f      0x192 /usr/lib/gcc/arm-none-eabi/14.2.1/../../../arm-none-eabi/lib/thumb/v7e-m/nofp/libg_nano.a(libc_a-mlock.o)
 .debug_abbrev  0x00003301      0x1da /usr/lib/gcc/arm-none-eabi/14.2.1/../../../arm-none-eabi/lib/thumb/v7e-m/nofp/libg_nano.a(libc_a-sbrkr.o)
 .debug_abbrev  0x000034db      0x179 /usr/lib/gcc/arm-none-eabi/14.2.1/../../../arm-none-eabi/lib/thumb/v7e-m/nofp/libg_nano.a(libc_a-__call_atexit.o)
 .debug_abbrev  0x00003654      0x1ee /usr/lib/gcc/arm-none-eabi/14.2.1/../../../arm-none-eabi/lib/thumb/v7e-m/nofp/libg_nano.a(libc_a-reent.o)
 .debug_abbrev  0x00003842       0xa1 /usr/lib/gcc/arm-none-eabi/14.2.1/../../../arm-none-eabi/lib/thumb/v7e-m/nofp/libnosys.a(sbrk.o)
 .debug_abbrev  0x000038e3       0x69 /usr/lib/gcc/arm-none-eabi/14.2.1/../../../arm-none-eabi/lib/thumb/v7e-m/nofp/libnosys.a(_exit.o)

.debug_loc      0x00000000     0xb176
 .debug_loc     0x00000000     0x2296 objdir-CWHUSKY/simpleserial-ml-kem-512.o
 .debug_loc     0x00002296      0xb15 objdir-CWHUSKY/indcpa.o
 .debug_loc     0x00002dab      0x54c objdir-CWHUSKY/ntt.o
 .debug_loc     0x000032f7      0xa9b objdir-CWHUSKY/poly.o
 .debug_loc     0x00003d92      0x7fd objdir-CWHUSKY/polyvec.o
 .debug_loc     0x0000458f      0x116 objdir-CWHUSKY/reduce.o
 .debug_loc     0x000046a5      0x31a objdir-CWHUSKY/symmetric-shake.o
 .debug_loc     0x000049bf      0x263 objdir-CWHUSKY/verify.o
 .debug_loc     0x00004c22     0x39c4 objdir-CWHUSKY/fips202.o
 .debug_loc     0x000085e6      0x9aa objdir-CWHUSKY/simpleserial.o
 .debug_loc     0x00008f90       0xfb objdir-CWHUSKY/startup_sam4s.o
 .debug_loc     0x0000908b      0x226 objdir-CWHUSKY/sam4s_hal.o
 .debug_loc     0x000092b1      0x294 objdir-CWHUSKY/uart.o
 .debug_loc     0x00009545      0xf76 objdir-CWHUSKY/pio.o
 .debug_loc     0x0000a4bb       0x20 objdir-CWHUSKY/system_sam4s.o
 .debug_loc     0x0000a4db      0xc9b objdir-CWHUSKY/pmc.o

.debug_aranges  0x00000000      0xbe0
 .debug_aranges
                0x00000000       0xe0 objdir-CWHUSKY/simpleserial-ml-kem-512.o
 .debug_aranges
                0x000000e0       0x40 objdir-CWHUSKY/indcpa.o
 .debug_aranges
                0x00000120       0x30 objdir-CWHUSKY/ntt.o
 .debug_aranges
                0x00000150       0x90 objdir-CWHUSKY/poly.o
 .debug_aranges
                0x000001e0       0x60 objdir-CWHUSKY/polyvec.o
 .debug_aranges
                0x00000240       0x28 objdir-CWHUSKY/reduce.o
 .debug_aranges
                0x00000268       0x30 objdir-CWHUSKY/symmetric-shake.o
 .debug_aranges
                0x00000298       0x30 objdir-CWHUSKY/verify.o
 .debug_aranges
                0x000002c8      0x190 objdir-CWHUSKY/fips202.o
 .debug_aranges
                0x00000458       0x70 objdir-CWHUSKY/simpleserial.o
 .debug_aranges
                0x000004c8       0x28 objdir-CWHUSKY/startup_sam4s.o
 .debug_aranges
                0x000004f0       0x50 objdir-CWHUSKY/sam4s_hal.o
 .debug_aranges
                0x00000540       0xe8 objdir-CWHUSKY/uart.o
 .debug_aranges
                0x00000628      0x1a8 objdir-CWHUSKY/pio.o
 .debug_aranges
                0x000007d0       0x30 objdir-CWHUSKY/system_sam4s.o
 .debug_aranges
                0x00000800      0x208 objdir-CWHUSKY/pmc.o
 .debug_aranges
                0x00000a08       0x20 /usr/lib/gcc/arm-none-eabi/14.2.1/../../../arm-none-eabi/lib/thumb/v7e-m/nofp/libg_nano.a(libc_a-init.o)
 .debug_aranges
                0x00000a28       0x20 /usr/lib/gcc/arm-none-eabi/14.2.1/../../../arm-none-eabi/lib/thumb/v7e-m/nofp/libg_nano.a(libc_a-memset.o)
 .debug_aranges
                0x00000a48       0x20 /usr/lib/gcc/arm-none-eabi/14.2.1/../../../arm-none-eabi/lib/thumb/v7e-m/nofp/libg_nano.a(libc_a-memcpy.o)
 .debug_aranges
                0x00000a68       0x20 /usr/lib/gcc/arm-none-eabi/14.2.1/../../../arm-none-eabi/lib/thumb/v7e-m/nofp/libg_nano.a(libc_a-malloc.o)
 .debug_aranges
                0x00000a88       0x18 /usr/lib/gcc/arm-none-eabi/14.2.1/../../../arm-none-eabi/lib/thumb/v7e-m/nofp/libg_nano.a(libc_a-impure.o)
 .debug_aranges
                0x00000aa0       0x20 /usr/lib/gcc/arm-none-eabi/14.2.1/../../../arm-none-eabi/lib/thumb/v7e-m/nofp/libg_nano.a(libc_a-exit.o)
 .debug_aranges
                0x00000ac0       0x20 /usr/lib/gcc/arm-none-eabi/14.2.1/../../../arm-none-eabi/lib/thumb/v7e-m/nofp/libg_nano.a(libc_a-findfp.o)
 .debug_aranges
                0x00000ae0       0x20 /usr/lib/gcc/arm-none-eabi/14.2.1/../../../arm-none-eabi/lib/thumb/v7e-m/nofp/libg_nano.a(libc_a-mallocr.o)
 .debug_aranges
                0x00000b00       0x20 /usr/lib/gcc/arm-none-eabi/14.2.1/../../../arm-none-eabi/lib/thumb/v7e-m/nofp/libg_nano.a(libc_a-freer.o)
 .debug_aranges
                0x00000b20       0x20 /usr/lib/gcc/arm-none-eabi/14.2.1/../../../arm-none-eabi/lib/thumb/v7e-m/nofp/libg_nano.a(libc_a-mlock.o)
 .debug_aranges
                0x00000b40       0x20 /usr/lib/gcc/arm-none-eabi/14.2.1/../../../arm-none-eabi/lib/thumb/v7e-m/nofp/libg_nano.a(libc_a-sbrkr.o)
 .debug_aranges
                0x00000b60       0x20 /usr/lib/gcc/arm-none-eabi/14.2.1/../../../arm-none-eabi/lib/thumb/v7e-m/nofp/libg_nano.a(libc_a-__call_atexit.o)
 .debug_aranges
                0x00000b80       0x20 /usr/lib/gcc/arm-none-eabi/14.2.1/../../../arm-none-eabi/lib/thumb/v7e-m/nofp/libg_nano.a(libc_a-reent.o)
 .debug_aranges
                0x00000ba0       0x20 /usr/lib/gcc/arm-none-eabi/14.2.1/../../../arm-none-eabi/lib/thumb/v7e-m/nofp/libnosys.a(sbrk.o)
 .debug_aranges
                0x00000bc0       0x20 /usr/lib/gcc/arm-none-eabi/14.2.1/../../../arm-none-eabi/lib/thumb/v7e-m/nofp/libnosys.a(_exit.o)

.debug_ranges   0x00000000      0xcd8
 .debug_ranges  0x00000000      0x170 objdir-CWHUSKY/simpleserial-ml-kem-512.o
 .debug_ranges  0x00000170       0x78 objdir-CWHUSKY/indcpa.o
 .debug_ranges  0x000001e8       0x88 objdir-CWHUSKY/ntt.o
 .debug_ranges  0x00000270       0x80 objdir-CWHUSKY/poly.o
 .debug_ranges  0x000002f0       0x50 objdir-CWHUSKY/polyvec.o
 .debug_ranges  0x00000340       0x18 objdir-CWHUSKY/reduce.o
 .debug_ranges  0x00000358       0x20 objdir-CWHUSKY/symmetric-shake.o
 .debug_ranges  0x00000378       0x20 objdir-CWHUSKY/verify.o
 .debug_ranges  0x00000398      0x228 objdir-CWHUSKY/fips202.o
 .debug_ranges  0x000005c0       0xf8 objdir-CWHUSKY/simpleserial.o
 .debug_ranges  0x000006b8       0x18 objdir-CWHUSKY/startup_sam4s.o
 .debug_ranges  0x000006d0       0xa8 objdir-CWHUSKY/sam4s_hal.o
 .debug_ranges  0x00000778       0xd8 objdir-CWHUSKY/uart.o
 .debug_ranges  0x00000850      0x228 objdir-CWHUSKY/pio.o
 .debug_ranges  0x00000a78       0x20 objdir-CWHUSKY/system_sam4s.o
 .debug_ranges  0x00000a98      0x240 objdir-CWHUSKY/pmc.o

.debug_macro    0x00000000    0x10e33
 .debug_macro   0x00000000      0x646 objdir-CWHUSKY/simpleserial-ml-kem-512.o
 .debug_macro   0x00000646      0xb2c objdir-CWHUSKY/simpleserial-ml-kem-512.o
 .debug_macro   0x00001172      0x34e objdir-CWHUSKY/simpleserial-ml-kem-512.o
 .debug_macro   0x000014c0      0x17e objdir-CWHUSKY/simpleserial-ml-kem-512.o
 .debug_macro   0x0000163e       0x22 objdir-CWHUSKY/simpleserial-ml-kem-512.o
 .debug_macro   0x00001660       0x24 objdir-CWHUSKY/simpleserial-ml-kem-512.o
 .debug_macro   0x00001684       0x22 objdir-CWHUSKY/simpleserial-ml-kem-512.o
 .debug_macro   0x000016a6       0x60 objdir-CWHUSKY/simpleserial-ml-kem-512.o
 .debug_macro   0x00001706       0x94 objdir-CWHUSKY/simpleserial-ml-kem-512.o
 .debug_macro   0x0000179a       0x3c objdir-CWHUSKY/simpleserial-ml-kem-512.o
 .debug_macro   0x000017d6       0x34 objdir-CWHUSKY/simpleserial-ml-kem-512.o
 .debug_macro   0x0000180a       0x16 objdir-CWHUSKY/simpleserial-ml-kem-512.o
 .debug_macro   0x00001820      0x11c objdir-CWHUSKY/simpleserial-ml-kem-512.o
 .debug_macro   0x0000193c       0x94 objdir-CWHUSKY/simpleserial-ml-kem-512.o
 .debug_macro   0x000019d0       0x57 objdir-CWHUSKY/simpleserial-ml-kem-512.o
 .debug_macro   0x00001a27      0x372 objdir-CWHUSKY/simpleserial-ml-kem-512.o
 .debug_macro   0x00001d99       0x16 objdir-CWHUSKY/simpleserial-ml-kem-512.o
 .debug_macro   0x00001daf       0x4a objdir-CWHUSKY/simpleserial-ml-kem-512.o
 .debug_macro   0x00001df9       0x34 objdir-CWHUSKY/simpleserial-ml-kem-512.o
 .debug_macro   0x00001e2d       0x10 objdir-CWHUSKY/simpleserial-ml-kem-512.o
 .debug_macro   0x00001e3d       0x52 objdir-CWHUSKY/simpleserial-ml-kem-512.o
 .debug_macro   0x00001e8f      0x1e5 objdir-CWHUSKY/simpleserial-ml-kem-512.o
 .debug_macro   0x00002074       0x16 objdir-CWHUSKY/simpleserial-ml-kem-512.o
 .debug_macro   0x0000208a       0x29 objdir-CWHUSKY/simpleserial-ml-kem-512.o
 .debug_macro   0x000020b3      0x6d7 objdir-CWHUSKY/simpleserial-ml-kem-512.o
 .debug_macro   0x0000278a       0x76 objdir-CWHUSKY/simpleserial-ml-kem-512.o
 .debug_macro   0x00002800       0x16 objdir-CWHUSKY/simpleserial-ml-kem-512.o
 .debug_macro   0x00002816      0x6da objdir-CWHUSKY/simpleserial-ml-kem-512.o
 .debug_macro   0x00002ef0       0x2d objdir-CWHUSKY/simpleserial-ml-kem-512.o
 .debug_macro   0x00002f1d       0x3b objdir-CWHUSKY/simpleserial-ml-kem-512.o
 .debug_macro   0x00002f58       0x2d objdir-CWHUSKY/simpleserial-ml-kem-512.o
 .debug_macro   0x00002f85       0x26 objdir-CWHUSKY/simpleserial-ml-kem-512.o
 .debug_macro   0x00002fab      0xbbf objdir-CWHUSKY/simpleserial-ml-kem-512.o
 .debug_macro   0x00003b6a      0x154 objdir-CWHUSKY/simpleserial-ml-kem-512.o
 .debug_macro   0x00003cbe      0xaa5 objdir-CWHUSKY/simpleserial-ml-kem-512.o
 .debug_macro   0x00004763      0x1b4 objdir-CWHUSKY/simpleserial-ml-kem-512.o
 .debug_macro   0x00004917       0xac objdir-CWHUSKY/simpleserial-ml-kem-512.o
 .debug_macro   0x000049c3      0x3f7 objdir-CWHUSKY/simpleserial-ml-kem-512.o
 .debug_macro   0x00004dba      0x106 objdir-CWHUSKY/simpleserial-ml-kem-512.o
 .debug_macro   0x00004ec0       0x1c objdir-CWHUSKY/simpleserial-ml-kem-512.o
 .debug_macro   0x00004edc      0x72f objdir-CWHUSKY/simpleserial-ml-kem-512.o
 .debug_macro   0x0000560b      0x2c9 objdir-CWHUSKY/simpleserial-ml-kem-512.o
 .debug_macro   0x000058d4       0xbe objdir-CWHUSKY/simpleserial-ml-kem-512.o
 .debug_macro   0x00005992     0x2807 objdir-CWHUSKY/simpleserial-ml-kem-512.o
 .debug_macro   0x00008199      0x76e objdir-CWHUSKY/simpleserial-ml-kem-512.o
 .debug_macro   0x00008907      0xa84 objdir-CWHUSKY/simpleserial-ml-kem-512.o
 .debug_macro   0x0000938b       0x9a objdir-CWHUSKY/simpleserial-ml-kem-512.o
 .debug_macro   0x00009425      0x3cf objdir-CWHUSKY/simpleserial-ml-kem-512.o
 .debug_macro   0x000097f4       0x64 objdir-CWHUSKY/simpleserial-ml-kem-512.o
 .debug_macro   0x00009858      0x37c objdir-CWHUSKY/simpleserial-ml-kem-512.o
 .debug_macro   0x00009bd4      0x61b objdir-CWHUSKY/simpleserial-ml-kem-512.o
 .debug_macro   0x0000a1ef      0x686 objdir-CWHUSKY/simpleserial-ml-kem-512.o
 .debug_macro   0x0000a875      0x595 objdir-CWHUSKY/simpleserial-ml-kem-512.o
 .debug_macro   0x0000ae0a      0x344 objdir-CWHUSKY/simpleserial-ml-kem-512.o
 .debug_macro   0x0000b14e      0x283 objdir-CWHUSKY/simpleserial-ml-kem-512.o
 .debug_macro   0x0000b3d1      0x2cd objdir-CWHUSKY/simpleserial-ml-kem-512.o
 .debug_macro   0x0000b69e      0x6cf objdir-CWHUSKY/simpleserial-ml-kem-512.o
 .debug_macro   0x0000bd6d       0x76 objdir-CWHUSKY/simpleserial-ml-kem-512.o
 .debug_macro   0x0000bde3       0xb8 objdir-CWHUSKY/simpleserial-ml-kem-512.o
 .debug_macro   0x0000be9b       0xb2 objdir-CWHUSKY/simpleserial-ml-kem-512.o
 .debug_macro   0x0000bf4d       0x88 objdir-CWHUSKY/simpleserial-ml-kem-512.o
 .debug_macro   0x0000bfd5      0x100 objdir-CWHUSKY/simpleserial-ml-kem-512.o
 .debug_macro   0x0000c0d5       0x88 objdir-CWHUSKY/simpleserial-ml-kem-512.o
 .debug_macro   0x0000c15d       0x88 objdir-CWHUSKY/simpleserial-ml-kem-512.o
 .debug_macro   0x0000c1e5      0x2cd objdir-CWHUSKY/simpleserial-ml-kem-512.o
 .debug_macro   0x0000c4b2       0xb2 objdir-CWHUSKY/simpleserial-ml-kem-512.o
 .debug_macro   0x0000c564       0xb2 objdir-CWHUSKY/simpleserial-ml-kem-512.o
 .debug_macro   0x0000c616       0x52 objdir-CWHUSKY/simpleserial-ml-kem-512.o
 .debug_macro   0x0000c668       0xac objdir-CWHUSKY/simpleserial-ml-kem-512.o
 .debug_macro   0x0000c714       0x7c objdir-CWHUSKY/simpleserial-ml-kem-512.o
 .debug_macro   0x0000c790       0x40 objdir-CWHUSKY/simpleserial-ml-kem-512.o
 .debug_macro   0x0000c7d0       0x64 objdir-CWHUSKY/simpleserial-ml-kem-512.o
 .debug_macro   0x0000c834       0x4c objdir-CWHUSKY/simpleserial-ml-kem-512.o
 .debug_macro   0x0000c880       0xa6 objdir-CWHUSKY/simpleserial-ml-kem-512.o
 .debug_macro   0x0000c926       0x7c objdir-CWHUSKY/simpleserial-ml-kem-512.o
 .debug_macro   0x0000c9a2       0x16 objdir-CWHUSKY/simpleserial-ml-kem-512.o
 .debug_macro   0x0000c9b8       0x7c objdir-CWHUSKY/simpleserial-ml-kem-512.o
 .debug_macro   0x0000ca34       0x22 objdir-CWHUSKY/simpleserial-ml-kem-512.o
 .debug_macro   0x0000ca56      0x18b objdir-CWHUSKY/simpleserial-ml-kem-512.o
 .debug_macro   0x0000cbe1      0x15b objdir-CWHUSKY/simpleserial-ml-kem-512.o
 .debug_macro   0x0000cd3c       0x1c objdir-CWHUSKY/simpleserial-ml-kem-512.o
 .debug_macro   0x0000cd58       0x2e objdir-CWHUSKY/simpleserial-ml-kem-512.o
 .debug_macro   0x0000cd86       0x22 objdir-CWHUSKY/simpleserial-ml-kem-512.o
 .debug_macro   0x0000cda8       0x1c objdir-CWHUSKY/simpleserial-ml-kem-512.o
 .debug_macro   0x0000cdc4       0x52 objdir-CWHUSKY/simpleserial-ml-kem-512.o
 .debug_macro   0x0000ce16       0x10 objdir-CWHUSKY/simpleserial-ml-kem-512.o
 .debug_macro   0x0000ce26      0x1e7 objdir-CWHUSKY/simpleserial-ml-kem-512.o
 .debug_macro   0x0000d00d      0x605 objdir-CWHUSKY/simpleserial-ml-kem-512.o
 .debug_macro   0x0000d612      0x107 objdir-CWHUSKY/simpleserial-ml-kem-512.o
 .debug_macro   0x0000d719       0x1c objdir-CWHUSKY/simpleserial-ml-kem-512.o
 .debug_macro   0x0000d735       0x3c objdir-CWHUSKY/simpleserial-ml-kem-512.o
 .debug_macro   0x0000d771       0x10 objdir-CWHUSKY/simpleserial-ml-kem-512.o
 .debug_macro   0x0000d781       0x1c objdir-CWHUSKY/simpleserial-ml-kem-512.o
 .debug_macro   0x0000d79d       0x16 objdir-CWHUSKY/simpleserial-ml-kem-512.o
 .debug_macro   0x0000d7b3      0x170 objdir-CWHUSKY/simpleserial-ml-kem-512.o
 .debug_macro   0x0000d923       0x22 objdir-CWHUSKY/simpleserial-ml-kem-512.o
 .debug_macro   0x0000d945       0x73 objdir-CWHUSKY/simpleserial-ml-kem-512.o
 .debug_macro   0x0000d9b8       0x3e objdir-CWHUSKY/simpleserial-ml-kem-512.o
 .debug_macro   0x0000d9f6      0x3ca objdir-CWHUSKY/simpleserial-ml-kem-512.o
 .debug_macro   0x0000ddc0       0x8e objdir-CWHUSKY/simpleserial-ml-kem-512.o
 .debug_macro   0x0000de4e       0x46 objdir-CWHUSKY/simpleserial-ml-kem-512.o
 .debug_macro   0x0000de94       0x76 objdir-CWHUSKY/simpleserial-ml-kem-512.o
 .debug_macro   0x0000df0a       0x28 objdir-CWHUSKY/simpleserial-ml-kem-512.o
 .debug_macro   0x0000df32       0x16 objdir-CWHUSKY/simpleserial-ml-kem-512.o
 .debug_macro   0x0000df48       0x10 objdir-CWHUSKY/simpleserial-ml-kem-512.o
 .debug_macro   0x0000df58       0x6a objdir-CWHUSKY/simpleserial-ml-kem-512.o
 .debug_macro   0x0000dfc2       0x1c objdir-CWHUSKY/simpleserial-ml-kem-512.o
 .debug_macro   0x0000dfde       0x52 objdir-CWHUSKY/simpleserial-ml-kem-512.o
 .debug_macro   0x0000e030       0x22 objdir-CWHUSKY/simpleserial-ml-kem-512.o
 .debug_macro   0x0000e052       0x10 objdir-CWHUSKY/simpleserial-ml-kem-512.o
 .debug_macro   0x0000e062       0x52 objdir-CWHUSKY/simpleserial-ml-kem-512.o
 .debug_macro   0x0000e0b4       0xc1 objdir-CWHUSKY/simpleserial-ml-kem-512.o
 .debug_macro   0x0000e175       0x1c objdir-CWHUSKY/simpleserial-ml-kem-512.o
 .debug_macro   0x0000e191       0x3d objdir-CWHUSKY/simpleserial-ml-kem-512.o
 .debug_macro   0x0000e1ce      0x51a objdir-CWHUSKY/simpleserial-ml-kem-512.o
 .debug_macro   0x0000e6e8       0x2e objdir-CWHUSKY/simpleserial-ml-kem-512.o
 .debug_macro   0x0000e716       0x34 objdir-CWHUSKY/simpleserial-ml-kem-512.o
 .debug_macro   0x0000e74a       0x16 objdir-CWHUSKY/simpleserial-ml-kem-512.o
 .debug_macro   0x0000e760      0x230 objdir-CWHUSKY/indcpa.o
 .debug_macro   0x0000e990       0x36 objdir-CWHUSKY/ntt.o
 .debug_macro   0x0000e9c6       0x16 objdir-CWHUSKY/ntt.o
 .debug_macro   0x0000e9dc       0x83 objdir-CWHUSKY/poly.o
 .debug_macro   0x0000ea5f      0x189 objdir-CWHUSKY/poly.o
 .debug_macro   0x0000ebe8       0x37 objdir-CWHUSKY/polyvec.o
 .debug_macro   0x0000ec1f       0x32 objdir-CWHUSKY/reduce.o
 .debug_macro   0x0000ec51       0x10 objdir-CWHUSKY/reduce.o
 .debug_macro   0x0000ec61      0x12d objdir-CWHUSKY/symmetric-shake.o
 .debug_macro   0x0000ed8e       0x43 objdir-CWHUSKY/verify.o
 .debug_macro   0x0000edd1       0x16 objdir-CWHUSKY/verify.o
 .debug_macro   0x0000ede7      0x14b objdir-CWHUSKY/fips202.o
 .debug_macro   0x0000ef32       0x55 objdir-CWHUSKY/simpleserial.o
 .debug_macro   0x0000ef87       0x1c objdir-CWHUSKY/simpleserial.o
 .debug_macro   0x0000efa3      0x184 objdir-CWHUSKY/simpleserial.o
 .debug_macro   0x0000f127      0x296 objdir-CWHUSKY/startup_sam4s.o
 .debug_macro   0x0000f3bd       0x27 objdir-CWHUSKY/startup_sam4s.o
 .debug_macro   0x0000f3e4      0x4e9 objdir-CWHUSKY/sam4s_hal.o
 .debug_macro   0x0000f8cd       0x16 objdir-CWHUSKY/sam4s_hal.o
 .debug_macro   0x0000f8e3       0x16 objdir-CWHUSKY/sam4s_hal.o
 .debug_macro   0x0000f8f9      0x2cb objdir-CWHUSKY/sam4s_hal.o
 .debug_macro   0x0000fbc4       0x22 objdir-CWHUSKY/sam4s_hal.o
 .debug_macro   0x0000fbe6       0x58 objdir-CWHUSKY/sam4s_hal.o
 .debug_macro   0x0000fc3e       0x64 objdir-CWHUSKY/sam4s_hal.o
 .debug_macro   0x0000fca2       0x46 objdir-CWHUSKY/sam4s_hal.o
 .debug_macro   0x0000fce8       0x16 objdir-CWHUSKY/sam4s_hal.o
 .debug_macro   0x0000fcfe       0x94 objdir-CWHUSKY/sam4s_hal.o
 .debug_macro   0x0000fd92       0x1c objdir-CWHUSKY/sam4s_hal.o
 .debug_macro   0x0000fdae       0xa4 objdir-CWHUSKY/sam4s_hal.o
 .debug_macro   0x0000fe52      0x445 objdir-CWHUSKY/uart.o
 .debug_macro   0x00010297       0x16 objdir-CWHUSKY/uart.o
 .debug_macro   0x000102ad      0x44b objdir-CWHUSKY/pio.o
 .debug_macro   0x000106f8      0x29e objdir-CWHUSKY/system_sam4s.o
 .debug_macro   0x00010996      0x44b objdir-CWHUSKY/pmc.o
 .debug_macro   0x00010de1       0x52 objdir-CWHUSKY/pmc.o

.debug_line     0x00000000     0xb126
 .debug_line    0x00000000     0x1426 objdir-CWHUSKY/simpleserial-ml-kem-512.o
 .debug_line    0x00001426      0x65f objdir-CWHUSKY/indcpa.o
 .debug_line    0x00001a85      0x34d objdir-CWHUSKY/ntt.o
 .debug_line    0x00001dd2      0x631 objdir-CWHUSKY/poly.o
 .debug_line    0x00002403      0x473 objdir-CWHUSKY/polyvec.o
 .debug_line    0x00002876       0xc5 objdir-CWHUSKY/reduce.o
 .debug_line    0x0000293b      0x253 objdir-CWHUSKY/symmetric-shake.o
 .debug_line    0x00002b8e      0x14e objdir-CWHUSKY/verify.o
 .debug_line    0x00002cdc     0x17ee objdir-CWHUSKY/fips202.o
 .debug_line    0x000044ca      0x5f1 objdir-CWHUSKY/simpleserial.o
 .debug_line    0x00004abb      0x63d objdir-CWHUSKY/startup_sam4s.o
 .debug_line    0x000050f8      0xa8d objdir-CWHUSKY/sam4s_hal.o
 .debug_line    0x00005b85      0xa92 objdir-CWHUSKY/uart.o
 .debug_line    0x00006617     0x1178 objdir-CWHUSKY/pio.o
 .debug_line    0x0000778f      0x6ff objdir-CWHUSKY/system_sam4s.o
 .debug_line    0x00007e8e     0x16b9 objdir-CWHUSKY/pmc.o
 .debug_line    0x00009547      0x11e /usr/lib/gcc/arm-none-eabi/14.2.1/../../../arm-none-eabi/lib/thumb/v7e-m/nofp/libg_nano.a(libc_a-init.o)
 .debug_line    0x00009665      0x1ba /usr/lib/gcc/arm-none-eabi/14.2.1/../../../arm-none-eabi/lib/thumb/v7e-m/nofp/libg_nano.a(libc_a-memset.o)
 .debug_line    0x0000981f       0xb9 /usr/lib/gcc/arm-none-eabi/14.2.1/../../../arm-none-eabi/lib/thumb/v7e-m/nofp/libg_nano.a(libc_a-memcpy.o)
 .debug_line    0x000098d8      0x173 /usr/lib/gcc/arm-none-eabi/14.2.1/../../../arm-none-eabi/lib/thumb/v7e-m/nofp/libg_nano.a(libc_a-malloc.o)
 .debug_line    0x00009a4b       0xeb /usr/lib/gcc/arm-none-eabi/14.2.1/../../../arm-none-eabi/lib/thumb/v7e-m/nofp/libg_nano.a(libc_a-impure.o)
 .debug_line    0x00009b36      0x135 /usr/lib/gcc/arm-none-eabi/14.2.1/../../../arm-none-eabi/lib/thumb/v7e-m/nofp/libg_nano.a(libc_a-exit.o)
 .debug_line    0x00009c6b      0x504 /usr/lib/gcc/arm-none-eabi/14.2.1/../../../arm-none-eabi/lib/thumb/v7e-m/nofp/libg_nano.a(libc_a-findfp.o)
 .debug_line    0x0000a16f      0x452 /usr/lib/gcc/arm-none-eabi/14.2.1/../../../arm-none-eabi/lib/thumb/v7e-m/nofp/libg_nano.a(libc_a-mallocr.o)
 .debug_line    0x0000a5c1      0x2cb /usr/lib/gcc/arm-none-eabi/14.2.1/../../../arm-none-eabi/lib/thumb/v7e-m/nofp/libg_nano.a(libc_a-freer.o)
 .debug_line    0x0000a88c      0x15b /usr/lib/gcc/arm-none-eabi/14.2.1/../../../arm-none-eabi/lib/thumb/v7e-m/nofp/libg_nano.a(libc_a-mlock.o)
 .debug_line    0x0000a9e7      0x19b /usr/lib/gcc/arm-none-eabi/14.2.1/../../../arm-none-eabi/lib/thumb/v7e-m/nofp/libg_nano.a(libc_a-sbrkr.o)
 .debug_line    0x0000ab82      0x24a /usr/lib/gcc/arm-none-eabi/14.2.1/../../../arm-none-eabi/lib/thumb/v7e-m/nofp/libg_nano.a(libc_a-__call_atexit.o)
 .debug_line    0x0000adcc      0x283 /usr/lib/gcc/arm-none-eabi/14.2.1/../../../arm-none-eabi/lib/thumb/v7e-m/nofp/libg_nano.a(libc_a-reent.o)
 .debug_line    0x0000b04f       0x76 /usr/lib/gcc/arm-none-eabi/14.2.1/../../../arm-none-eabi/lib/thumb/v7e-m/nofp/libnosys.a(sbrk.o)
 .debug_line    0x0000b0c5       0x61 /usr/lib/gcc/arm-none-eabi/14.2.1/../../../arm-none-eabi/lib/thumb/v7e-m/nofp/libnosys.a(_exit.o)

.debug_str      0x00000000    0x4edc4
 .debug_str     0x00000000    0x4edc4 objdir-CWHUSKY/simpleserial-ml-kem-512.o
                              0x4ad98 (size before relaxing)
 .debug_str     0x0004edc4        0x0 objdir-CWHUSKY/indcpa.o
                               0x917c (size before relaxing)
 .debug_str     0x0004edc4        0x0 objdir-CWHUSKY/ntt.o
                               0x3e10 (size before relaxing)
 .debug_str     0x0004edc4        0x0 objdir-CWHUSKY/poly.o
                               0x478c (size before relaxing)
 .debug_str     0x0004edc4        0x0 objdir-CWHUSKY/polyvec.o
                               0x3fcd (size before relaxing)
 .debug_str     0x0004edc4        0x0 objdir-CWHUSKY/reduce.o
                               0x3d6f (size before relaxing)
 .debug_str     0x0004edc4        0x0 objdir-CWHUSKY/symmetric-shake.o
                               0x71f6 (size before relaxing)
 .debug_str     0x0004edc4        0x0 objdir-CWHUSKY/verify.o
                               0x4134 (size before relaxing)
 .debug_str     0x0004edc4        0x0 objdir-CWHUSKY/fips202.o
                               0x719b (size before relaxing)
 .debug_str     0x0004edc4        0x0 objdir-CWHUSKY/simpleserial.o
                               0x3fcc (size before relaxing)
 .debug_str     0x0004edc4        0x0 objdir-CWHUSKY/startup_sam4s.o
                              0x383bd (size before relaxing)
 .debug_str     0x0004edc4        0x0 objdir-CWHUSKY/sam4s_hal.o
                              0x49597 (size before relaxing)
 .debug_str     0x0004edc4        0x0 objdir-CWHUSKY/uart.o
                              0x47d22 (size before relaxing)
 .debug_str     0x0004edc4        0x0 objdir-CWHUSKY/pio.o
                              0x48599 (size before relaxing)
 .debug_str     0x0004edc4        0x0 objdir-CWHUSKY/system_sam4s.o
                              0x3818a (size before relaxing)
 .debug_str     0x0004edc4        0x0 objdir-CWHUSKY/pmc.o
                              0x483ed (size before relaxing)
 .debug_str     0x0004edc4        0x0 /usr/lib/gcc/arm-none-eabi/14.2.1/../../../arm-none-eabi/lib/thumb/v7e-m/nofp/libg_nano.a(libc_a-init.o)
                                0x1f8 (size before relaxing)
 .debug_str     0x0004edc4        0x0 /usr/lib/gcc/arm-none-eabi/14.2.1/../../../arm-none-eabi/lib/thumb/v7e-m/nofp/libg_nano.a(libc_a-memset.o)
                                0x1ab (size before relaxing)
 .debug_str     0x0004edc4        0x0 /usr/lib/gcc/arm-none-eabi/14.2.1/../../../arm-none-eabi/lib/thumb/v7e-m/nofp/libg_nano.a(libc_a-memcpy.o)
                                 0xb0 (size before relaxing)
 .debug_str     0x0004edc4        0x0 /usr/lib/gcc/arm-none-eabi/14.2.1/../../../arm-none-eabi/lib/thumb/v7e-m/nofp/libg_nano.a(libc_a-malloc.o)
                                0x4df (size before relaxing)
 .debug_str     0x0004edc4        0x0 /usr/lib/gcc/arm-none-eabi/14.2.1/../../../arm-none-eabi/lib/thumb/v7e-m/nofp/libg_nano.a(libc_a-impure.o)
                                0x4ba (size before relaxing)
 .debug_str     0x0004edc4        0x0 /usr/lib/gcc/arm-none-eabi/14.2.1/../../../arm-none-eabi/lib/thumb/v7e-m/nofp/libg_nano.a(libc_a-exit.o)
                                0x1bd (size before relaxing)
 .debug_str     0x0004edc4        0x0 /usr/lib/gcc/arm-none-eabi/14.2.1/../../../arm-none-eabi/lib/thumb/v7e-m/nofp/libg_nano.a(libc_a-findfp.o)
                                0x6bd (size before relaxing)
 .debug_str     0x0004edc4        0x0 /usr/lib/gcc/arm-none-eabi/14.2.1/../../../arm-none-eabi/lib/thumb/v7e-m/nofp/libg_nano.a(libc_a-mallocr.o)
                                0x59b (size before relaxing)
 .debug_str     0x0004edc4        0x0 /usr/lib/gcc/arm-none-eabi/14.2.1/../../../arm-none-eabi/lib/thumb/v7e-m/nofp/libg_nano.a(libc_a-freer.o)
                                0x53a (size before relaxing)
 .debug_str     0x0004edc4        0x0 /usr/lib/gcc/arm-none-eabi/14.2.1/../../../arm-none-eabi/lib/thumb/v7e-m/nofp/libg_nano.a(libc_a-mlock.o)
                                0x4d8 (size before relaxing)
 .debug_str     0x0004edc4        0x0 /usr/lib/gcc/arm-none-eabi/14.2.1/../../../arm-none-eabi/lib/thumb/v7e-m/nofp/libg_nano.a(libc_a-sbrkr.o)
                                0x4c3 (size before relaxing)
 .debug_str     0x0004edc4        0x0 /usr/lib/gcc/arm-none-eabi/14.2.1/../../../arm-none-eabi/lib/thumb/v7e-m/nofp/libg_nano.a(libc_a-__call_atexit.o)
                                0x240 (size before relaxing)
 .debug_str     0x0004edc4        0x0 /usr/lib/gcc/arm-none-eabi/14.2.1/../../../arm-none-eabi/lib/thumb/v7e-m/nofp/libg_nano.a(libc_a-reent.o)
                                0x4d9 (size before relaxing)
 .debug_str     0x0004edc4        0x0 /usr/lib/gcc/arm-none-eabi/14.2.1/../../../arm-none-eabi/lib/thumb/v7e-m/nofp/libnosys.a(sbrk.o)
                                0x11b (size before relaxing)
 .debug_str     0x0004edc4        0x0 /usr/lib/gcc/arm-none-eabi/14.2.1/../../../arm-none-eabi/lib/thumb/v7e-m/nofp/libnosys.a(_exit.o)
                                0x167 (size before relaxing)

.debug_frame    0x00000000     0x1d70
 .debug_frame   0x00000000      0x284 objdir-CWHUSKY/simpleserial-ml-kem-512.o
 .debug_frame   0x00000284       0xd8 objdir-CWHUSKY/indcpa.o
 .debug_frame   0x0000035c       0x8c objdir-CWHUSKY/ntt.o
 .debug_frame   0x000003e8      0x1d4 objdir-CWHUSKY/poly.o
 .debug_frame   0x000005bc      0x160 objdir-CWHUSKY/polyvec.o
 .debug_frame   0x0000071c       0x30 objdir-CWHUSKY/reduce.o
 .debug_frame   0x0000074c       0x78 objdir-CWHUSKY/symmetric-shake.o
 .debug_frame   0x000007c4       0x58 objdir-CWHUSKY/verify.o
 .debug_frame   0x0000081c      0x59c objdir-CWHUSKY/fips202.o
 .debug_frame   0x00000db8      0x16c objdir-CWHUSKY/simpleserial.o
 .debug_frame   0x00000f24       0x38 objdir-CWHUSKY/startup_sam4s.o
 .debug_frame   0x00000f5c       0xdc objdir-CWHUSKY/sam4s_hal.o
 .debug_frame   0x00001038      0x1b8 objdir-CWHUSKY/uart.o
 .debug_frame   0x000011f0      0x370 objdir-CWHUSKY/pio.o
 .debug_frame   0x00001560       0x48 objdir-CWHUSKY/system_sam4s.o
 .debug_frame   0x000015a8      0x438 objdir-CWHUSKY/pmc.o
 .debug_frame   0x000019e0       0x2c /usr/lib/gcc/arm-none-eabi/14.2.1/../../../arm-none-eabi/lib/thumb/v7e-m/nofp/libg_nano.a(libc_a-init.o)
 .debug_frame   0x00001a0c       0x2c /usr/lib/gcc/arm-none-eabi/14.2.1/../../../arm-none-eabi/lib/thumb/v7e-m/nofp/libg_nano.a(libc_a-memset.o)
 .debug_frame   0x00001a38       0x28 /usr/lib/gcc/arm-none-eabi/14.2.1/../../../arm-none-eabi/lib/thumb/v7e-m/nofp/libg_nano.a(libc_a-memcpy.o)
 .debug_frame   0x00001a60       0x30 /usr/lib/gcc/arm-none-eabi/14.2.1/../../../arm-none-eabi/lib/thumb/v7e-m/nofp/libg_nano.a(libc_a-malloc.o)
 .debug_frame   0x00001a90       0x28 /usr/lib/gcc/arm-none-eabi/14.2.1/../../../arm-none-eabi/lib/thumb/v7e-m/nofp/libg_nano.a(libc_a-exit.o)
 .debug_frame   0x00001ab8       0xf4 /usr/lib/gcc/arm-none-eabi/14.2.1/../../../arm-none-eabi/lib/thumb/v7e-m/nofp/libg_nano.a(libc_a-findfp.o)
 .debug_frame   0x00001bac       0x50 /usr/lib/gcc/arm-none-eabi/14.2.1/../../../arm-none-eabi/lib/thumb/v7e-m/nofp/libg_nano.a(libc_a-mallocr.o)
 .debug_frame   0x00001bfc       0x58 /usr/lib/gcc/arm-none-eabi/14.2.1/../../../arm-none-eabi/lib/thumb/v7e-m/nofp/libg_nano.a(libc_a-freer.o)
 .debug_frame   0x00001c54       0x30 /usr/lib/gcc/arm-none-eabi/14.2.1/../../../arm-none-eabi/lib/thumb/v7e-m/nofp/libg_nano.a(libc_a-mlock.o)
 .debug_frame   0x00001c84       0x2c /usr/lib/gcc/arm-none-eabi/14.2.1/../../../arm-none-eabi/lib/thumb/v7e-m/nofp/libg_nano.a(libc_a-sbrkr.o)
 .debug_frame   0x00001cb0       0x40 /usr/lib/gcc/arm-none-eabi/14.2.1/../../../arm-none-eabi/lib/thumb/v7e-m/nofp/libg_nano.a(libc_a-__call_atexit.o)
 .debug_frame   0x00001cf0       0x40 /usr/lib/gcc/arm-none-eabi/14.2.1/../../../arm-none-eabi/lib/thumb/v7e-m/nofp/libg_nano.a(libc_a-reent.o)
 .debug_frame   0x00001d30       0x20 /usr/lib/gcc/arm-none-eabi/14.2.1/../../../arm-none-eabi/lib/thumb/v7e-m/nofp/libnosys.a(sbrk.o)
 .debug_frame   0x00001d50       0x20 /usr/lib/gcc/arm-none-eabi/14.2.1/../../../arm-none-eabi/lib/thumb/v7e-m/nofp/libnosys.a(_exit.o)

.debug_loclists
                0x00000000      0xa31
 .debug_loclists
                0x00000000       0x65 /usr/lib/gcc/arm-none-eabi/14.2.1/../../../arm-none-eabi/lib/thumb/v7e-m/nofp/libg_nano.a(libc_a-init.o)
 .debug_loclists
                0x00000065      0x1c2 /usr/lib/gcc/arm-none-eabi/14.2.1/../../../arm-none-eabi/lib/thumb/v7e-m/nofp/libg_nano.a(libc_a-memset.o)
 .debug_loclists
                0x00000227       0x4a /usr/lib/gcc/arm-none-eabi/14.2.1/../../../arm-none-eabi/lib/thumb/v7e-m/nofp/libg_nano.a(libc_a-malloc.o)
 .debug_loclists
                0x00000271       0x1b /usr/lib/gcc/arm-none-eabi/14.2.1/../../../arm-none-eabi/lib/thumb/v7e-m/nofp/libg_nano.a(libc_a-exit.o)
 .debug_loclists
                0x0000028c      0x1d0 /usr/lib/gcc/arm-none-eabi/14.2.1/../../../arm-none-eabi/lib/thumb/v7e-m/nofp/libg_nano.a(libc_a-findfp.o)
 .debug_loclists
                0x0000045c      0x263 /usr/lib/gcc/arm-none-eabi/14.2.1/../../../arm-none-eabi/lib/thumb/v7e-m/nofp/libg_nano.a(libc_a-mallocr.o)
 .debug_loclists
                0x000006bf      0x164 /usr/lib/gcc/arm-none-eabi/14.2.1/../../../arm-none-eabi/lib/thumb/v7e-m/nofp/libg_nano.a(libc_a-freer.o)
 .debug_loclists
                0x00000823       0x4b /usr/lib/gcc/arm-none-eabi/14.2.1/../../../arm-none-eabi/lib/thumb/v7e-m/nofp/libg_nano.a(libc_a-sbrkr.o)
 .debug_loclists
                0x0000086e       0xff /usr/lib/gcc/arm-none-eabi/14.2.1/../../../arm-none-eabi/lib/thumb/v7e-m/nofp/libg_nano.a(libc_a-__call_atexit.o)
 .debug_loclists
                0x0000096d       0x80 /usr/lib/gcc/arm-none-eabi/14.2.1/../../../arm-none-eabi/lib/thumb/v7e-m/nofp/libg_nano.a(libc_a-reent.o)
 .debug_loclists
                0x000009ed       0x30 /usr/lib/gcc/arm-none-eabi/14.2.1/../../../arm-none-eabi/lib/thumb/v7e-m/nofp/libnosys.a(sbrk.o)
 .debug_loclists
                0x00000a1d       0x14 /usr/lib/gcc/arm-none-eabi/14.2.1/../../../arm-none-eabi/lib/thumb/v7e-m/nofp/libnosys.a(_exit.o)

.debug_line_str
                0x00000000       0x9a
 .debug_line_str
                0x00000000       0x9a /usr/lib/gcc/arm-none-eabi/14.2.1/../../../arm-none-eabi/lib/thumb/v7e-m/nofp/libg_nano.a(libc_a-memcpy.o)

.debug_rnglists
                0x00000000       0xd4
 .debug_rnglists
                0x00000000       0x77 /usr/lib/gcc/arm-none-eabi/14.2.1/../../../arm-none-eabi/lib/thumb/v7e-m/nofp/libg_nano.a(libc_a-findfp.o)
 .debug_rnglists
                0x00000077       0x1e /usr/lib/gcc/arm-none-eabi/14.2.1/../../../arm-none-eabi/lib/thumb/v7e-m/nofp/libg_nano.a(libc_a-mallocr.o)
 .debug_rnglists
                0x00000095       0x13 /usr/lib/gcc/arm-none-eabi/14.2.1/../../../arm-none-eabi/lib/thumb/v7e-m/nofp/libg_nano.a(libc_a-freer.o)
 .debug_rnglists
                0x000000a8       0x2c /usr/lib/gcc/arm-none-eabi/14.2.1/../../../arm-none-eabi/lib/thumb/v7e-m/nofp/libg_nano.a(libc_a-__call_atexit.o)

Cross Reference Table

Symbol                                            File
ACC_Handler                                       objdir-CWHUSKY/startup_sam4s.o
ADC_Handler                                       objdir-CWHUSKY/startup_sam4s.o
AES128_ECB_decrypt                                objdir-CWHUSKY/aes.o
AES128_ECB_encrypt                                objdir-CWHUSKY/aes.o
AES128_ECB_indp_crypto                            objdir-CWHUSKY/aes.o
                                                  objdir-CWHUSKY/aes-independant.o
AES128_ECB_indp_setkey                            objdir-CWHUSKY/aes.o
                                                  objdir-CWHUSKY/aes-independant.o
BusFault_Handler                                  objdir-CWHUSKY/startup_sam4s.o
CRCCU_Handler                                     objdir-CWHUSKY/startup_sam4s.o
DACC_Handler                                      objdir-CWHUSKY/startup_sam4s.o
DebugMon_Handler                                  objdir-CWHUSKY/startup_sam4s.o
Dummy_Handler                                     objdir-CWHUSKY/startup_sam4s.o
EFC0_Handler                                      objdir-CWHUSKY/startup_sam4s.o
HSMCI_Handler                                     objdir-CWHUSKY/startup_sam4s.o
HardFault_Handler                                 objdir-CWHUSKY/startup_sam4s.o
MemManage_Handler                                 objdir-CWHUSKY/startup_sam4s.o
NMI_Handler                                       objdir-CWHUSKY/startup_sam4s.o
PIOA_Handler                                      objdir-CWHUSKY/startup_sam4s.o
PIOB_Handler                                      objdir-CWHUSKY/startup_sam4s.o
PMC_Handler                                       objdir-CWHUSKY/startup_sam4s.o
PQCLEAN_MLKEM512_CLEAN_barrett_reduce             objdir-CWHUSKY/reduce.o
                                                  objdir-CWHUSKY/poly.o
                                                  objdir-CWHUSKY/ntt.o
PQCLEAN_MLKEM512_CLEAN_basemul                    objdir-CWHUSKY/ntt.o
                                                  objdir-CWHUSKY/poly.o
PQCLEAN_MLKEM512_CLEAN_cmov                       objdir-CWHUSKY/verify.o
                                                  objdir-CWHUSKY/kem.o
                                                  objdir-CWHUSKY/simpleserial-ml-kem-512.o
PQCLEAN_MLKEM512_CLEAN_cmov_int16                 objdir-CWHUSKY/verify.o
                                                  objdir-CWHUSKY/poly.o
PQCLEAN_MLKEM512_CLEAN_crypto_kem_dec             objdir-CWHUSKY/kem.o
PQCLEAN_MLKEM512_CLEAN_crypto_kem_enc             objdir-CWHUSKY/kem.o
PQCLEAN_MLKEM512_CLEAN_crypto_kem_enc_derand      objdir-CWHUSKY/kem.o
PQCLEAN_MLKEM512_CLEAN_crypto_kem_keypair         objdir-CWHUSKY/kem.o
PQCLEAN_MLKEM512_CLEAN_crypto_kem_keypair_derand  objdir-CWHUSKY/kem.o
PQCLEAN_MLKEM512_CLEAN_gen_matrix                 objdir-CWHUSKY/indcpa.o
PQCLEAN_MLKEM512_CLEAN_indcpa_dec                 objdir-CWHUSKY/indcpa.o
                                                  objdir-CWHUSKY/kem.o
                                                  objdir-CWHUSKY/simpleserial-ml-kem-512.o
PQCLEAN_MLKEM512_CLEAN_indcpa_enc                 objdir-CWHUSKY/indcpa.o
                                                  objdir-CWHUSKY/kem.o
PQCLEAN_MLKEM512_CLEAN_indcpa_keypair_derand      objdir-CWHUSKY/indcpa.o
                                                  objdir-CWHUSKY/kem.o
PQCLEAN_MLKEM512_CLEAN_invntt                     objdir-CWHUSKY/ntt.o
                                                  objdir-CWHUSKY/poly.o
PQCLEAN_MLKEM512_CLEAN_kyber_shake128_absorb      objdir-CWHUSKY/symmetric-shake.o
                                                  objdir-CWHUSKY/indcpa.o
PQCLEAN_MLKEM512_CLEAN_kyber_shake256_prf         objdir-CWHUSKY/symmetric-shake.o
                                                  objdir-CWHUSKY/poly.o
PQCLEAN_MLKEM512_CLEAN_kyber_shake256_rkprf       objdir-CWHUSKY/symmetric-shake.o
                                                  objdir-CWHUSKY/kem.o
                                                  objdir-CWHUSKY/simpleserial-ml-kem-512.o
PQCLEAN_MLKEM512_CLEAN_montgomery_reduce          objdir-CWHUSKY/reduce.o
                                                  objdir-CWHUSKY/poly.o
                                                  objdir-CWHUSKY/ntt.o
PQCLEAN_MLKEM512_CLEAN_ntt                        objdir-CWHUSKY/ntt.o
                                                  objdir-CWHUSKY/poly.o
PQCLEAN_MLKEM512_CLEAN_poly_add                   objdir-CWHUSKY/poly.o
                                                  objdir-CWHUSKY/polyvec.o
                                                  objdir-CWHUSKY/indcpa.o
PQCLEAN_MLKEM512_CLEAN_poly_basemul_montgomery    objdir-CWHUSKY/poly.o
                                                  objdir-CWHUSKY/polyvec.o
PQCLEAN_MLKEM512_CLEAN_poly_cbd_eta1              objdir-CWHUSKY/cbd.o
                                                  objdir-CWHUSKY/poly.o
PQCLEAN_MLKEM512_CLEAN_poly_cbd_eta2              objdir-CWHUSKY/cbd.o
                                                  objdir-CWHUSKY/poly.o
PQCLEAN_MLKEM512_CLEAN_poly_compress              objdir-CWHUSKY/poly.o
                                                  objdir-CWHUSKY/indcpa.o
PQCLEAN_MLKEM512_CLEAN_poly_decompress            objdir-CWHUSKY/poly.o
                                                  objdir-CWHUSKY/indcpa.o
PQCLEAN_MLKEM512_CLEAN_poly_frombytes             objdir-CWHUSKY/poly.o
                                                  objdir-CWHUSKY/polyvec.o
PQCLEAN_MLKEM512_CLEAN_poly_frommsg               objdir-CWHUSKY/poly.o
                                                  objdir-CWHUSKY/indcpa.o
PQCLEAN_MLKEM512_CLEAN_poly_getnoise_eta1         objdir-CWHUSKY/poly.o
                                                  objdir-CWHUSKY/indcpa.o
PQCLEAN_MLKEM512_CLEAN_poly_getnoise_eta2         objdir-CWHUSKY/poly.o
                                                  objdir-CWHUSKY/indcpa.o
PQCLEAN_MLKEM512_CLEAN_poly_invntt_tomont         objdir-CWHUSKY/poly.o
                                                  objdir-CWHUSKY/polyvec.o
                                                  objdir-CWHUSKY/indcpa.o
PQCLEAN_MLKEM512_CLEAN_poly_ntt                   objdir-CWHUSKY/poly.o
                                                  objdir-CWHUSKY/polyvec.o
PQCLEAN_MLKEM512_CLEAN_poly_reduce                objdir-CWHUSKY/poly.o
                                                  objdir-CWHUSKY/polyvec.o
                                                  objdir-CWHUSKY/indcpa.o
PQCLEAN_MLKEM512_CLEAN_poly_sub                   objdir-CWHUSKY/poly.o
                                                  objdir-CWHUSKY/indcpa.o
PQCLEAN_MLKEM512_CLEAN_poly_tobytes               objdir-CWHUSKY/poly.o
                                                  objdir-CWHUSKY/polyvec.o
PQCLEAN_MLKEM512_CLEAN_poly_tomont                objdir-CWHUSKY/poly.o
                                                  objdir-CWHUSKY/indcpa.o
PQCLEAN_MLKEM512_CLEAN_poly_tomsg                 objdir-CWHUSKY/poly.o
                                                  objdir-CWHUSKY/indcpa.o
PQCLEAN_MLKEM512_CLEAN_polyvec_add                objdir-CWHUSKY/polyvec.o
                                                  objdir-CWHUSKY/indcpa.o
PQCLEAN_MLKEM512_CLEAN_polyvec_basemul_acc_montgomery objdir-CWHUSKY/polyvec.o
                                                  objdir-CWHUSKY/indcpa.o
PQCLEAN_MLKEM512_CLEAN_polyvec_compress           objdir-CWHUSKY/polyvec.o
                                                  objdir-CWHUSKY/indcpa.o
PQCLEAN_MLKEM512_CLEAN_polyvec_decompress         objdir-CWHUSKY/polyvec.o
                                                  objdir-CWHUSKY/indcpa.o
PQCLEAN_MLKEM512_CLEAN_polyvec_frombytes          objdir-CWHUSKY/polyvec.o
                                                  objdir-CWHUSKY/indcpa.o
PQCLEAN_MLKEM512_CLEAN_polyvec_invntt_tomont      objdir-CWHUSKY/polyvec.o
                                                  objdir-CWHUSKY/indcpa.o
PQCLEAN_MLKEM512_CLEAN_polyvec_ntt                objdir-CWHUSKY/polyvec.o
                                                  objdir-CWHUSKY/indcpa.o
PQCLEAN_MLKEM512_CLEAN_polyvec_reduce             objdir-CWHUSKY/polyvec.o
                                                  objdir-CWHUSKY/indcpa.o
PQCLEAN_MLKEM512_CLEAN_polyvec_tobytes            objdir-CWHUSKY/polyvec.o
                                                  objdir-CWHUSKY/indcpa.o
PQCLEAN_MLKEM512_CLEAN_verify                     objdir-CWHUSKY/verify.o
                                                  objdir-CWHUSKY/kem.o
                                                  objdir-CWHUSKY/simpleserial-ml-kem-512.o
PQCLEAN_MLKEM512_CLEAN_zetas                      objdir-CWHUSKY/ntt.o
                                                  objdir-CWHUSKY/poly.o
PQCLEAN_randombytes                               objdir-CWHUSKY/randombytes_sam4s.o
                                                  objdir-CWHUSKY/kem.o
PWM_Handler                                       objdir-CWHUSKY/startup_sam4s.o
PendSV_Handler                                    objdir-CWHUSKY/startup_sam4s.o
RSTC_Handler                                      objdir-CWHUSKY/startup_sam4s.o
RTC_Handler                                       objdir-CWHUSKY/startup_sam4s.o
RTT_Handler                                       objdir-CWHUSKY/startup_sam4s.o
Rcon                                              objdir-CWHUSKY/aes.o
Reset_Handler                                     objdir-CWHUSKY/startup_sam4s.o
SPI_Handler                                       objdir-CWHUSKY/startup_sam4s.o
SSC_Handler                                       objdir-CWHUSKY/startup_sam4s.o
SUPC_Handler                                      objdir-CWHUSKY/startup_sam4s.o
SVC_Handler                                       objdir-CWHUSKY/startup_sam4s.o
SysTick_Handler                                   objdir-CWHUSKY/startup_sam4s.o
SystemCoreClock                                   objdir-CWHUSKY/system_sam4s.o
SystemCoreClockUpdate                             objdir-CWHUSKY/system_sam4s.o
                                                  objdir-CWHUSKY/sysclk.o
                                                  objdir-CWHUSKY/sam4s_hal.o
SystemInit                                        objdir-CWHUSKY/system_sam4s.o
TC0_Handler                                       objdir-CWHUSKY/startup_sam4s.o
TC1_Handler                                       objdir-CWHUSKY/startup_sam4s.o
TC2_Handler                                       objdir-CWHUSKY/startup_sam4s.o
TWI0_Handler                                      objdir-CWHUSKY/startup_sam4s.o
TWI1_Handler                                      objdir-CWHUSKY/startup_sam4s.o
UART0_Handler                                     objdir-CWHUSKY/startup_sam4s.o
UART1_Handler                                     objdir-CWHUSKY/startup_sam4s.o
UDP_Handler                                       objdir-CWHUSKY/startup_sam4s.o
USART0_Handler                                    objdir-CWHUSKY/startup_sam4s.o
USART1_Handler                                    objdir-CWHUSKY/startup_sam4s.o
UsageFault_Handler                                objdir-CWHUSKY/startup_sam4s.o
WDT_Handler                                       objdir-CWHUSKY/startup_sam4s.o
_ITM_deregisterTMCloneTable                       /usr/lib/gcc/arm-none-eabi/14.2.1/thumb/v7e-m/nofp/crtbegin.o
_ITM_registerTMCloneTable                         /usr/lib/gcc/arm-none-eabi/14.2.1/thumb/v7e-m/nofp/crtbegin.o
__TMC_END__                                       /usr/lib/gcc/arm-none-eabi/14.2.1/thumb/v7e-m/nofp/crtend.o
                                                  /usr/lib/gcc/arm-none-eabi/14.2.1/thumb/v7e-m/nofp/crtbegin.o
__atexit                                          /usr/lib/gcc/arm-none-eabi/14.2.1/../../../arm-none-eabi/lib/thumb/v7e-m/nofp/libg_nano.a(libc_a-__call_atexit.o)
                                                  /usr/lib/gcc/arm-none-eabi/14.2.1/../../../arm-none-eabi/lib/thumb/v7e-m/nofp/libg_nano.a(libc_a-__atexit.o)
__atexit0                                         /usr/lib/gcc/arm-none-eabi/14.2.1/../../../arm-none-eabi/lib/thumb/v7e-m/nofp/libg_nano.a(libc_a-__atexit.o)
__atexit_dummy                                    /usr/lib/gcc/arm-none-eabi/14.2.1/../../../arm-none-eabi/lib/thumb/v7e-m/nofp/libg_nano.a(libc_a-__atexit.o)
__bss_end__                                       /usr/lib/gcc/arm-none-eabi/14.2.1/../../../arm-none-eabi/lib/thumb/v7e-m/nofp/crt0.o
__bss_start__                                     /usr/lib/gcc/arm-none-eabi/14.2.1/../../../arm-none-eabi/lib/thumb/v7e-m/nofp/crt0.o
__call_exitprocs                                  /usr/lib/gcc/arm-none-eabi/14.2.1/../../../arm-none-eabi/lib/thumb/v7e-m/nofp/libg_nano.a(libc_a-__call_atexit.o)
                                                  /usr/lib/gcc/arm-none-eabi/14.2.1/../../../arm-none-eabi/lib/thumb/v7e-m/nofp/libg_nano.a(libc_a-__atexit.o)
                                                  /usr/lib/gcc/arm-none-eabi/14.2.1/../../../arm-none-eabi/lib/thumb/v7e-m/nofp/libg_nano.a(libc_a-exit.o)
__deregister_frame_info                           /usr/lib/gcc/arm-none-eabi/14.2.1/thumb/v7e-m/nofp/crtbegin.o
__dso_handle                                      /usr/lib/gcc/arm-none-eabi/14.2.1/thumb/v7e-m/nofp/crtbegin.o
__fini_array_end                                  /usr/lib/gcc/arm-none-eabi/14.2.1/../../../arm-none-eabi/lib/thumb/v7e-m/nofp/libg_nano.a(libc_a-fini.o)
__fini_array_start                                /usr/lib/gcc/arm-none-eabi/14.2.1/../../../arm-none-eabi/lib/thumb/v7e-m/nofp/libg_nano.a(libc_a-fini.o)
__fp_lock_all                                     /usr/lib/gcc/arm-none-eabi/14.2.1/../../../arm-none-eabi/lib/thumb/v7e-m/nofp/libg_nano.a(libc_a-findfp.o)
__fp_unlock_all                                   /usr/lib/gcc/arm-none-eabi/14.2.1/../../../arm-none-eabi/lib/thumb/v7e-m/nofp/libg_nano.a(libc_a-findfp.o)
__init_array_end                                  /usr/lib/gcc/arm-none-eabi/14.2.1/../../../arm-none-eabi/lib/thumb/v7e-m/nofp/libg_nano.a(libc_a-init.o)
__init_array_start                                /usr/lib/gcc/arm-none-eabi/14.2.1/../../../arm-none-eabi/lib/thumb/v7e-m/nofp/libg_nano.a(libc_a-init.o)
__libc_fini_array                                 /usr/lib/gcc/arm-none-eabi/14.2.1/../../../arm-none-eabi/lib/thumb/v7e-m/nofp/libg_nano.a(libc_a-fini.o)
                                                  /usr/lib/gcc/arm-none-eabi/14.2.1/../../../arm-none-eabi/lib/thumb/v7e-m/nofp/crt0.o
__libc_init_array                                 /usr/lib/gcc/arm-none-eabi/14.2.1/../../../arm-none-eabi/lib/thumb/v7e-m/nofp/libg_nano.a(libc_a-init.o)
                                                  objdir-CWHUSKY/startup_sam4s.o
                                                  /usr/lib/gcc/arm-none-eabi/14.2.1/../../../arm-none-eabi/lib/thumb/v7e-m/nofp/crt0.o
__malloc_free_list                                /usr/lib/gcc/arm-none-eabi/14.2.1/../../../arm-none-eabi/lib/thumb/v7e-m/nofp/libg_nano.a(libc_a-mallocr.o)
                                                  /usr/lib/gcc/arm-none-eabi/14.2.1/../../../arm-none-eabi/lib/thumb/v7e-m/nofp/libg_nano.a(libc_a-freer.o)
__malloc_lock                                     /usr/lib/gcc/arm-none-eabi/14.2.1/../../../arm-none-eabi/lib/thumb/v7e-m/nofp/libg_nano.a(libc_a-mlock.o)
                                                  /usr/lib/gcc/arm-none-eabi/14.2.1/../../../arm-none-eabi/lib/thumb/v7e-m/nofp/libg_nano.a(libc_a-freer.o)
                                                  /usr/lib/gcc/arm-none-eabi/14.2.1/../../../arm-none-eabi/lib/thumb/v7e-m/nofp/libg_nano.a(libc_a-mallocr.o)
__malloc_sbrk_start                               /usr/lib/gcc/arm-none-eabi/14.2.1/../../../arm-none-eabi/lib/thumb/v7e-m/nofp/libg_nano.a(libc_a-mallocr.o)
__malloc_unlock                                   /usr/lib/gcc/arm-none-eabi/14.2.1/../../../arm-none-eabi/lib/thumb/v7e-m/nofp/libg_nano.a(libc_a-mlock.o)
                                                  /usr/lib/gcc/arm-none-eabi/14.2.1/../../../arm-none-eabi/lib/thumb/v7e-m/nofp/libg_nano.a(libc_a-freer.o)
                                                  /usr/lib/gcc/arm-none-eabi/14.2.1/../../../arm-none-eabi/lib/thumb/v7e-m/nofp/libg_nano.a(libc_a-mallocr.o)
__on_exit_args                                    /usr/lib/gcc/arm-none-eabi/14.2.1/../../../arm-none-eabi/lib/thumb/v7e-m/nofp/libg_nano.a(libc_a-__atexit.o)