Archive member included to satisfy reference by file (symbol)

/usr/lib/gcc/arm-none-eabi/14.2.1/../../../arm-none-eabi/lib/thumb/v7e-m/nofp/libg_nano.a(libc_a-init.o)
                              /usr/lib/gcc/arm-none-eabi/14.2.1/../../../arm-none-eabi/lib/thumb/v7e-m/nofp/crt0.o (__libc_init_array)
/usr/lib/gcc/arm-none-eabi/14.2.1/../../../arm-none-eabi/lib/thumb/v7e-m/nofp/libg_nano.a(libc_a-memset.o)
                              /usr/lib/gcc/arm-none-eabi/14.2.1/../../../arm-none-eabi/lib/thumb/v7e-m/nofp/crt0.o (memset)
/usr/lib/gcc/arm-none-eabi/14.2.1/../../../arm-none-eabi/lib/thumb/v7e-m/nofp/libg_nano.a(libc_a-memcpy.o)
                              objdir-CWHUSKY/simpleserial-ml-kem-768.o (memcpy)
/usr/lib/gcc/arm-none-eabi/14.2.1/../../../arm-none-eabi/lib/thumb/v7e-m/nofp/libg_nano.a(libc_a-exit.o)
                              /usr/lib/gcc/arm-none-eabi/14.2.1/../../../arm-none-eabi/lib/thumb/v7e-m/nofp/crt0.o (exit)
/usr/lib/gcc/arm-none-eabi/14.2.1/../../../arm-none-eabi/lib/thumb/v7e-m/nofp/libg_nano.a(libc_a-atexit.o)
                              /usr/lib/gcc/arm-none-eabi/14.2.1/../../../arm-none-eabi/lib/thumb/v7e-m/nofp/crt0.o (atexit)
/usr/lib/gcc/arm-none-eabi/14.2.1/../../../arm-none-eabi/lib/thumb/v7e-m/nofp/libg_nano.a(libc_a-fini.o)
                              /usr/lib/gcc/arm-none-eabi/14.2.1/../../../arm-none-eabi/lib/thumb/v7e-m/nofp/crt0.o (__libc_fini_array)
/usr/lib/gcc/arm-none-eabi/14.2.1/../../../arm-none-eabi/lib/thumb/v7e-m/nofp/libg_nano.a(libc_a-findfp.o)
                              /usr/lib/gcc/arm-none-eabi/14.2.1/../../../arm-none-eabi/lib/thumb/v7e-m/nofp/libg_nano.a(libc_a-exit.o) (__stdio_exit_handler)
/usr/lib/gcc/arm-none-eabi/14.2.1/../../../arm-none-eabi/lib/thumb/v7e-m/nofp/libg_nano.a(libc_a-fflush.o)
                              /usr/lib/gcc/arm-none-eabi/14.2.1/../../../arm-none-eabi/lib/thumb/v7e-m/nofp/libg_nano.a(libc_a-findfp.o) (_fflush_r)
/usr/lib/gcc/arm-none-eabi/14.2.1/../../../arm-none-eabi/lib/thumb/v7e-m/nofp/libg_nano.a(libc_a-mallocr.o)
                              /usr/lib/gcc/arm-none-eabi/14.2.1/../../../arm-none-eabi/lib/thumb/v7e-m/nofp/libg_nano.a(libc_a-findfp.o) (_malloc_r)
/usr/lib/gcc/arm-none-eabi/14.2.1/../../../arm-none-eabi/lib/thumb/v7e-m/nofp/libg_nano.a(libc_a-freer.o)
                              /usr/lib/gcc/arm-none-eabi/14.2.1/../../../arm-none-eabi/lib/thumb/v7e-m/nofp/libg_nano.a(libc_a-fflush.o) (_free_r)
/usr/lib/gcc/arm-none-eabi/14.2.1/../../../arm-none-eabi/lib/thumb/v7e-m/nofp/libg_nano.a(libc_a-fwalk.o)
                              /usr/lib/gcc/arm-none-eabi/14.2.1/../../../arm-none-eabi/lib/thumb/v7e-m/nofp/libg_nano.a(libc_a-findfp.o) (_fwalk_sglue)
/usr/lib/gcc/arm-none-eabi/14.2.1/../../../arm-none-eabi/lib/thumb/v7e-m/nofp/libg_nano.a(libc_a-__atexit.o)
                              /usr/lib/gcc/arm-none-eabi/14.2.1/../../../arm-none-eabi/lib/thumb/v7e-m/nofp/libg_nano.a(libc_a-atexit.o) (__register_exitproc)
/usr/lib/gcc/arm-none-eabi/14.2.1/../../../arm-none-eabi/lib/thumb/v7e-m/nofp/libg_nano.a(libc_a-impure.o)
                              /usr/lib/gcc/arm-none-eabi/14.2.1/../../../arm-none-eabi/lib/thumb/v7e-m/nofp/libg_nano.a(libc_a-fflush.o) (_impure_ptr)
/usr/lib/gcc/arm-none-eabi/14.2.1/../../../arm-none-eabi/lib/thumb/v7e-m/nofp/libg_nano.a(libc_a-mlock.o)
                              /usr/lib/gcc/arm-none-eabi/14.2.1/../../../arm-none-eabi/lib/thumb/v7e-m/nofp/libg_nano.a(libc_a-mallocr.o) (__malloc_lock)
/usr/lib/gcc/arm-none-eabi/14.2.1/../../../arm-none-eabi/lib/thumb/v7e-m/nofp/libg_nano.a(libc_a-sbrkr.o)
                              /usr/lib/gcc/arm-none-eabi/14.2.1/../../../arm-none-eabi/lib/thumb/v7e-m/nofp/libg_nano.a(libc_a-mallocr.o) (_sbrk_r)
/usr/lib/gcc/arm-none-eabi/14.2.1/../../../arm-none-eabi/lib/thumb/v7e-m/nofp/libg_nano.a(libc_a-stdio.o)
                              /usr/lib/gcc/arm-none-eabi/14.2.1/../../../arm-none-eabi/lib/thumb/v7e-m/nofp/libg_nano.a(libc_a-findfp.o) (__sread)
/usr/lib/gcc/arm-none-eabi/14.2.1/../../../arm-none-eabi/lib/thumb/v7e-m/nofp/libg_nano.a(libc_a-readr.o)
                              /usr/lib/gcc/arm-none-eabi/14.2.1/../../../arm-none-eabi/lib/thumb/v7e-m/nofp/libg_nano.a(libc_a-stdio.o) (_read_r)
/usr/lib/gcc/arm-none-eabi/14.2.1/../../../arm-none-eabi/lib/thumb/v7e-m/nofp/libg_nano.a(libc_a-writer.o)
                              /usr/lib/gcc/arm-none-eabi/14.2.1/../../../arm-none-eabi/lib/thumb/v7e-m/nofp/libg_nano.a(libc_a-stdio.o) (_write_r)
/usr/lib/gcc/arm-none-eabi/14.2.1/../../../arm-none-eabi/lib/thumb/v7e-m/nofp/libg_nano.a(libc_a-closer.o)
                              /usr/lib/gcc/arm-none-eabi/14.2.1/../../../arm-none-eabi/lib/thumb/v7e-m/nofp/libg_nano.a(libc_a-stdio.o) (_close_r)
/usr/lib/gcc/arm-none-eabi/14.2.1/../../../arm-none-eabi/lib/thumb/v7e-m/nofp/libg_nano.a(libc_a-lseekr.o)
[...]
Memory Configuration

Name             Origin             Length             Attributes
rom              0x00400000         0x00020000         xr
ram              0x20000000         0x00010000         xrw
*default*        0x00000000         0xffffffff

Linker script and memory map

LOAD /usr/lib/gcc/arm-none-eabi/14.2.1/thumb/v7e-m/nofp/crti.o
LOAD /usr/lib/gcc/arm-none-eabi/14.2.1/thumb/v7e-m/nofp/crtbegin.o
LOAD /usr/lib/gcc/arm-none-eabi/14.2.1/../../../arm-none-eabi/lib/thumb/v7e-m/nofp/crt0.o
LOAD objdir-CWHUSKY/simpleserial-ml-kem-768.o
LOAD objdir-CWHUSKY/kem.o
LOAD objdir-CWHUSKY/indcpa.o
LOAD objdir-CWHUSKY/poly.o
LOAD objdir-CWHUSKY/polyvec.o
LOAD objdir-CWHUSKY/ntt.o
LOAD objdir-CWHUSKY/fips202.o
LOAD objdir-CWHUSKY/keccakf1600.o
LOAD objdir-CWHUSKY/symmetric-fips202.o
LOAD objdir-CWHUSKY/verify.o
LOAD objdir-CWHUSKY/cbd.o
LOAD objdir-CWHUSKY/randombytes.o
LOAD objdir-CWHUSKY/reduce.o
LOAD objdir-CWHUSKY/simpleserial.o
LOAD objdir-CWHUSKY/hal.o
LOAD objdir-CWHUSKY/startup_sam4s.o
LOAD objdir-CWHUSKY/sam4s_hal.o
LOAD objdir-CWHUSKY/uart.o
LOAD objdir-CWHUSKY/pio.o
LOAD objdir-CWHUSKY/system_sam4s.o
LOAD objdir-CWHUSKY/sysclk.o
LOAD objdir-CWHUSKY/pmc.o
LOAD objdir-CWHUSKY/cmov_int16.o
LOAD objdir-CWHUSKY/fastaddsub.o
LOAD /usr/lib/gcc/arm-none-eabi/14.2.1/../../../arm-none-eabi/lib/thumb/v7e-m/nofp/libm.a
LOAD /usr/lib/gcc/arm-none-eabi/14.2.1/../../../arm-none-eabi/lib/thumb/v7e-m/nofp/libm.a
START GROUP
LOAD /usr/lib/gcc/arm-none-eabi/14.2.1/../../../arm-none-eabi/lib/thumb/v7e-m/nofp/libm.a
END GROUP
LOAD /usr/lib/gcc/arm-none-eabi/14.2.1/../../../arm-none-eabi/lib/thumb/v7e-m/nofp/libm.a
START GROUP
LOAD /usr/lib/gcc/arm-none-eabi/14.2.1/thumb/v7e-m/nofp/libgcc.a
LOAD /usr/lib/gcc/arm-none-eabi/14.2.1/../../../arm-none-eabi/lib/thumb/v7e-m/nofp/libg_nano.a
LOAD /usr/lib/gcc/arm-none-eabi/14.2.1/../../../arm-none-eabi/lib/thumb/v7e-m/nofp/libc_nano.a
END GROUP
START GROUP
LOAD /usr/lib/gcc/arm-none-eabi/14.2.1/thumb/v7e-m/nofp/libgcc.a
LOAD /usr/lib/gcc/arm-none-eabi/14.2.1/../../../arm-none-eabi/lib/thumb/v7e-m/nofp/libc_nano.a
LOAD /usr/lib/gcc/arm-none-eabi/14.2.1/../../../arm-none-eabi/lib/thumb/v7e-m/nofp/libnosys.a
END GROUP
START GROUP
LOAD /usr/lib/gcc/arm-none-eabi/14.2.1/thumb/v7e-m/nofp/libgcc.a
LOAD /usr/lib/gcc/arm-none-eabi/14.2.1/../../../arm-none-eabi/lib/thumb/v7e-m/nofp/libc_nano.a
LOAD /usr/lib/gcc/arm-none-eabi/14.2.1/../../../arm-none-eabi/lib/thumb/v7e-m/nofp/libnosys.a
END GROUP
LOAD /usr/lib/gcc/arm-none-eabi/14.2.1/thumb/v7e-m/nofp/crtend.o
LOAD /usr/lib/gcc/arm-none-eabi/14.2.1/thumb/v7e-m/nofp/crtn.o
                0x00001000                        __stack_size__ = DEFINED (__stack_size__)?__stack_size__:0x1000
                0x2000fffc                        __ram_end__ = ((ORIGIN (ram) + LENGTH (ram)) - 0x4)

.text           0x00400000     0x2fc8
                0x00400000                        . = ALIGN (0x4)
                0x00400000                        _sfixed = .
 *(.vectors .vectors.*)
 .vectors       0x00400000       0xcc objdir-CWHUSKY/startup_sam4s.o
                0x00400000                exception_table
 *(.text .text.* .gnu.linkonce.t.*)
 .text          0x004000cc       0x88 /usr/lib/gcc/arm-none-eabi/14.2.1/thumb/v7e-m/nofp/crtbegin.o
 .text.mlkem.part.0
                0x00400154       0x4c objdir-CWHUSKY/simpleserial-ml-kem-768.o
 .text.mlkem    0x004001a0       0x40 objdir-CWHUSKY/simpleserial-ml-kem-768.o
                0x004001a0                mlkem
 .text.startup.main
                0x004001e0       0x68 objdir-CWHUSKY/simpleserial-ml-kem-768.o
                0x004001e0                main
 .text.PQCLEAN_MLKEM768_CLEAN_crypto_kem_keypair_derand
                0x00400248       0x50 objdir-CWHUSKY/kem.o
                0x00400248                PQCLEAN_MLKEM768_CLEAN_crypto_kem_keypair_derand
 .text.PQCLEAN_MLKEM768_CLEAN_crypto_kem_keypair
                0x00400298       0x28 objdir-CWHUSKY/kem.o
                0x00400298                PQCLEAN_MLKEM768_CLEAN_crypto_kem_keypair
 .text.PQCLEAN_MLKEM768_CLEAN_crypto_kem_enc_derand
                0x004002c0       0x70 objdir-CWHUSKY/kem.o
                0x004002c0                PQCLEAN_MLKEM768_CLEAN_crypto_kem_enc_derand
 .text.PQCLEAN_MLKEM768_CLEAN_crypto_kem_enc
                0x00400330       0x2c objdir-CWHUSKY/kem.o
                0x00400330                PQCLEAN_MLKEM768_CLEAN_crypto_kem_enc
 .text.rej_uniform
                0x0040035c       0x56 objdir-CWHUSKY/indcpa.o
 *fill*         0x004003b2        0x2 
 .text.PQCLEAN_MLKEM768_CLEAN_gen_matrix
                0x004003b4       0xa0 objdir-CWHUSKY/indcpa.o
                0x004003b4                PQCLEAN_MLKEM768_CLEAN_gen_matrix
 .text.PQCLEAN_MLKEM768_CLEAN_indcpa_keypair_derand
                0x00400454      0x134 objdir-CWHUSKY/indcpa.o
                0x00400454                PQCLEAN_MLKEM768_CLEAN_indcpa_keypair_derand
 .text.PQCLEAN_MLKEM768_CLEAN_indcpa_enc
                0x00400588      0x174 objdir-CWHUSKY/indcpa.o
                0x00400588                PQCLEAN_MLKEM768_CLEAN_indcpa_enc
 .text.PQCLEAN_MLKEM768_CLEAN_poly_compress
                0x004006fc       0xa0 objdir-CWHUSKY/poly.o
                0x004006fc                PQCLEAN_MLKEM768_CLEAN_poly_compress
 .text.PQCLEAN_MLKEM768_CLEAN_poly_tobytes
                0x0040079c       0x44 objdir-CWHUSKY/poly.o
                0x0040079c                PQCLEAN_MLKEM768_CLEAN_poly_tobytes
 .text.PQCLEAN_MLKEM768_CLEAN_poly_frombytes
                0x004007e0       0x30 objdir-CWHUSKY/poly.o
                0x004007e0                PQCLEAN_MLKEM768_CLEAN_poly_frombytes
 .text.PQCLEAN_MLKEM768_CLEAN_poly_frommsg
                0x00400810       0x40 objdir-CWHUSKY/poly.o
                0x00400810                PQCLEAN_MLKEM768_CLEAN_poly_frommsg
 .text.PQCLEAN_MLKEM768_CLEAN_poly_getnoise_eta1
                0x00400850       0x28 objdir-CWHUSKY/poly.o
                0x00400850                PQCLEAN_MLKEM768_CLEAN_poly_getnoise_eta1
 .text.PQCLEAN_MLKEM768_CLEAN_poly_getnoise_eta2
                0x00400878       0x28 objdir-CWHUSKY/poly.o
                0x00400878                PQCLEAN_MLKEM768_CLEAN_poly_getnoise_eta2
 .text.PQCLEAN_MLKEM768_CLEAN_poly_invntt_tomont
                0x004008a0        0x8 objdir-CWHUSKY/poly.o
                0x004008a0                PQCLEAN_MLKEM768_CLEAN_poly_invntt_tomont
 .text.PQCLEAN_MLKEM768_CLEAN_poly_basemul_montgomery
                0x004008a8       0x4c objdir-CWHUSKY/poly.o
                0x004008a8                PQCLEAN_MLKEM768_CLEAN_poly_basemul_montgomery
 .text.PQCLEAN_MLKEM768_CLEAN_poly_tomont
                0x004008f4       0x24 objdir-CWHUSKY/poly.o
                0x004008f4                PQCLEAN_MLKEM768_CLEAN_poly_tomont
 .text.PQCLEAN_MLKEM768_CLEAN_poly_reduce
                0x00400918       0x1c objdir-CWHUSKY/poly.o
                0x00400918                PQCLEAN_MLKEM768_CLEAN_poly_reduce
 .text.PQCLEAN_MLKEM768_CLEAN_poly_ntt
                0x00400934       0x1c objdir-CWHUSKY/poly.o
                0x00400934                PQCLEAN_MLKEM768_CLEAN_poly_ntt
 .text.PQCLEAN_MLKEM768_CLEAN_poly_add
                0x00400950       0x1c objdir-CWHUSKY/poly.o
                0x00400950                PQCLEAN_MLKEM768_CLEAN_poly_add
 .text.PQCLEAN_MLKEM768_CLEAN_polyvec_compress
                0x0040096c       0xf4 objdir-CWHUSKY/polyvec.o
                0x0040096c                PQCLEAN_MLKEM768_CLEAN_polyvec_compress
 .text.PQCLEAN_MLKEM768_CLEAN_polyvec_tobytes
                0x00400a60       0x28 objdir-CWHUSKY/polyvec.o
                0x00400a60                PQCLEAN_MLKEM768_CLEAN_polyvec_tobytes
 .text.PQCLEAN_MLKEM768_CLEAN_polyvec_frombytes
                0x00400a88       0x28 objdir-CWHUSKY/polyvec.o
                0x00400a88                PQCLEAN_MLKEM768_CLEAN_polyvec_frombytes
 .text.PQCLEAN_MLKEM768_CLEAN_polyvec_ntt
                0x00400ab0       0x20 objdir-CWHUSKY/polyvec.o
                0x00400ab0                PQCLEAN_MLKEM768_CLEAN_polyvec_ntt
 .text.PQCLEAN_MLKEM768_CLEAN_polyvec_invntt_tomont
                0x00400ad0       0x20 objdir-CWHUSKY/polyvec.o
                0x00400ad0                PQCLEAN_MLKEM768_CLEAN_polyvec_invntt_tomont
 .text.PQCLEAN_MLKEM768_CLEAN_polyvec_basemul_acc_montgomery
                0x00400af0       0x58 objdir-CWHUSKY/polyvec.o
                0x00400af0                PQCLEAN_MLKEM768_CLEAN_polyvec_basemul_acc_montgomery
 .text.PQCLEAN_MLKEM768_CLEAN_polyvec_reduce
                0x00400b48       0x20 objdir-CWHUSKY/polyvec.o
                0x00400b48                PQCLEAN_MLKEM768_CLEAN_polyvec_reduce
 .text.PQCLEAN_MLKEM768_CLEAN_polyvec_add
                0x00400b68       0x2c objdir-CWHUSKY/polyvec.o
                0x00400b68                PQCLEAN_MLKEM768_CLEAN_polyvec_add
 .text.PQCLEAN_MLKEM768_CLEAN_ntt
                0x00400b94       0x98 objdir-CWHUSKY/ntt.o
                0x00400b94                PQCLEAN_MLKEM768_CLEAN_ntt
 .text.PQCLEAN_MLKEM768_CLEAN_invntt
                0x00400c2c       0xac objdir-CWHUSKY/ntt.o
                0x00400c2c                PQCLEAN_MLKEM768_CLEAN_invntt
 .text.PQCLEAN_MLKEM768_CLEAN_basemul
                0x00400cd8       0x58 objdir-CWHUSKY/ntt.o
                0x00400cd8                PQCLEAN_MLKEM768_CLEAN_basemul
 .text.keccak_inc_init
                0x00400d30       0x1c objdir-CWHUSKY/fips202.o
 .text.keccak_inc_finalize
                0x00400d4c       0x58 objdir-CWHUSKY/fips202.o
 .text.keccak_inc_absorb
                0x00400da4       0x70 objdir-CWHUSKY/fips202.o
 .text.keccak_absorb
                0x00400e14       0x78 objdir-CWHUSKY/fips202.o
 .text.keccak_inc_squeeze
                0x00400e8c       0x78 objdir-CWHUSKY/fips202.o
 .text.keccak_squeezeblocks
                0x00400f04       0x38 objdir-CWHUSKY/fips202.o
 .text.shake128_absorb
                0x00400f3c       0x2c objdir-CWHUSKY/fips202.o
                0x00400f3c                shake128_absorb
 .text.shake128_squeezeblocks
                0x00400f68       0x10 objdir-CWHUSKY/fips202.o
                0x00400f68                shake128_squeezeblocks
 .text.shake128_ctx_release
                0x00400f78        0x2 objdir-CWHUSKY/fips202.o
                0x00400f78                shake128_ctx_release
 *fill*         0x00400f7a        0x2 
 .text.shake256
                0x00400f7c       0x48 objdir-CWHUSKY/fips202.o
                0x00400f7c                shake256
 .text.sha3_256
                0x00400fc4       0x48 objdir-CWHUSKY/fips202.o
                0x00400fc4                sha3_256
 .text.sha3_512
                0x0040100c       0x48 objdir-CWHUSKY/fips202.o
                0x0040100c                sha3_512
 .text.KeccakF1600_StateExtractBytes
                0x00401054       0x42 objdir-CWHUSKY/keccakf1600.o
                0x00401054                KeccakF1600_StateExtractBytes
 .text.KeccakF1600_StateXORBytes
                0x00401096       0x50 objdir-CWHUSKY/keccakf1600.o
                0x00401096                KeccakF1600_StateXORBytes
 *fill*         0x004010e6        0x2 
 .text.KeccakF1600_StatePermute
                0x004010e8      0xdec objdir-CWHUSKY/keccakf1600.o
                0x004010e8                KeccakF1600_StatePermute
 .text.kyber_shake128_absorb
                0x00401ed4       0x38 objdir-CWHUSKY/symmetric-fips202.o
                0x00401ed4                kyber_shake128_absorb
 .text.kyber_shake256_prf
                0x00401f0c       0x38 objdir-CWHUSKY/symmetric-fips202.o
                0x00401f0c                kyber_shake256_prf
 .text.PQCLEAN_MLKEM768_CLEAN_cmov_int16
                0x00401f44       0x2c objdir-CWHUSKY/verify.o
                0x00401f44                PQCLEAN_MLKEM768_CLEAN_cmov_int16
 .text.cbd2     0x00401f70       0x44 objdir-CWHUSKY/cbd.o
 .text.PQCLEAN_MLKEM768_CLEAN_poly_cbd_eta1
                0x00401fb4        0x8 objdir-CWHUSKY/cbd.o
                0x00401fb4                PQCLEAN_MLKEM768_CLEAN_poly_cbd_eta1
 .text.PQCLEAN_MLKEM768_CLEAN_poly_cbd_eta2
                0x00401fbc        0x8 objdir-CWHUSKY/cbd.o
                0x00401fbc                PQCLEAN_MLKEM768_CLEAN_poly_cbd_eta2
 .text.surf     0x00401fc4      0x150 objdir-CWHUSKY/randombytes.o
 .text.randombytes_regen
                0x00402114       0xa0 objdir-CWHUSKY/randombytes.o
                0x00402114                randombytes_regen
 .text.PQCLEAN_randombytes
                0x004021b4       0x34 objdir-CWHUSKY/randombytes.o
                0x004021b4                PQCLEAN_randombytes
 .text.PQCLEAN_MLKEM768_CLEAN_montgomery_reduce
                0x004021e8       0x1c objdir-CWHUSKY/reduce.o
                0x004021e8                PQCLEAN_MLKEM768_CLEAN_montgomery_reduce
 .text.PQCLEAN_MLKEM768_CLEAN_barrett_reduce
                0x00402204       0x20 objdir-CWHUSKY/reduce.o
                0x00402204                PQCLEAN_MLKEM768_CLEAN_barrett_reduce
 .text.ss_crc   0x00402224       0x2c objdir-CWHUSKY/simpleserial.o
                0x00402224                ss_crc
 .text.stuff_data
                0x00402250       0x22 objdir-CWHUSKY/simpleserial.o
                0x00402250                stuff_data
 .text.unstuff_data
                0x00402272       0x1e objdir-CWHUSKY/simpleserial.o
                0x00402272                unstuff_data
 .text.simpleserial_addcmd
                0x00402290       0x40 objdir-CWHUSKY/simpleserial.o
                0x00402290                simpleserial_addcmd
 .text.simpleserial_init
                0x004022d0       0x28 objdir-CWHUSKY/simpleserial.o
                0x004022d0                simpleserial_init
 .text.simpleserial_put
                0x004022f8       0x6c objdir-CWHUSKY/simpleserial.o
                0x004022f8                simpleserial_put
 .text.check_version
                0x00402364       0x20 objdir-CWHUSKY/simpleserial.o
                0x00402364                check_version
 .text.ss_get_commands
                0x00402384       0x44 objdir-CWHUSKY/simpleserial.o
                0x00402384                ss_get_commands
 .text.simpleserial_get
                0x004023c8      0x104 objdir-CWHUSKY/simpleserial.o
                0x004023c8                simpleserial_get
 .text.Dummy_Handler
                0x004024cc        0x2 objdir-CWHUSKY/startup_sam4s.o
                0x004024cc                DACC_Handler
                0x004024cc                DebugMon_Handler
                0x004024cc                HardFault_Handler
                0x004024cc                TC2_Handler
                0x004024cc                SPI_Handler
                0x004024cc                SysTick_Handler
                0x004024cc                TWI1_Handler
                0x004024cc                PendSV_Handler
                0x004024cc                NMI_Handler
                0x004024cc                ADC_Handler
                0x004024cc                CRCCU_Handler
                0x004024cc                USART0_Handler
                0x004024cc                RTT_Handler
                0x004024cc                PIOB_Handler
                0x004024cc                RTC_Handler
                0x004024cc                UsageFault_Handler
                0x004024cc                WDT_Handler
                0x004024cc                TC1_Handler
                0x004024cc                HSMCI_Handler
                0x004024cc                UART1_Handler
                0x004024cc                Dummy_Handler
                0x004024cc                TWI0_Handler
                0x004024cc                USART1_Handler
                0x004024cc                PIOA_Handler
                0x004024cc                SSC_Handler
                0x004024cc                EFC0_Handler
                0x004024cc                ACC_Handler
                0x004024cc                PMC_Handler
                0x004024cc                PWM_Handler
                0x004024cc                MemManage_Handler
                0x004024cc                SUPC_Handler
                0x004024cc                SVC_Handler
                0x004024cc                UART0_Handler
                0x004024cc                UDP_Handler
                0x004024cc                BusFault_Handler
                0x004024cc                RSTC_Handler
                0x004024cc                TC0_Handler
 *fill*         0x004024ce        0x2 
 .text.Reset_Handler
                0x004024d0       0x7c objdir-CWHUSKY/startup_sam4s.o
                0x004024d0                Reset_Handler
 .text.platform_init
                0x0040254c       0x98 objdir-CWHUSKY/sam4s_hal.o
                0x0040254c                platform_init
 .text.init_uart
                0x004025e4       0x60 objdir-CWHUSKY/sam4s_hal.o
                0x004025e4                init_uart
 .text.putch    0x00402644       0x1c objdir-CWHUSKY/sam4s_hal.o
                0x00402644                putch
 .text.getch    0x00402660       0x20 objdir-CWHUSKY/sam4s_hal.o
                0x00402660                getch
 .text.trigger_setup
                0x00402680       0x20 objdir-CWHUSKY/sam4s_hal.o
                0x00402680                trigger_setup
 .text.trigger_low
                0x004026a0       0x20 objdir-CWHUSKY/sam4s_hal.o
                0x004026a0                trigger_low
 .text.trigger_high
                0x004026c0       0x20 objdir-CWHUSKY/sam4s_hal.o
                0x004026c0                trigger_high
 .text.uart_init
                0x004026e0       0x34 objdir-CWHUSKY/uart.o
                0x004026e0                uart_init
 .text.uart_enable_tx
                0x00402714        0x6 objdir-CWHUSKY/uart.o
                0x00402714                uart_enable_tx
 .text.uart_enable_rx
                0x0040271a        0x6 objdir-CWHUSKY/uart.o
                0x0040271a                uart_enable_rx
 .text.uart_write
                0x00402720        0xe objdir-CWHUSKY/uart.o
                0x00402720                uart_write
 .text.uart_read
                0x0040272e       0x10 objdir-CWHUSKY/uart.o
                0x0040272e                uart_read
 .text.pio_set_peripheral
                0x0040273e       0x6e objdir-CWHUSKY/pio.o
                0x0040273e                pio_set_peripheral
 .text.pio_set_input
                0x004027ac       0x2e objdir-CWHUSKY/pio.o
                0x004027ac                pio_set_input
 .text.pio_set_output
                0x004027da       0x24 objdir-CWHUSKY/pio.o
                0x004027da                pio_set_output
 .text.pio_set_pin_high
                0x004027fe       0x18 objdir-CWHUSKY/pio.o
                0x004027fe                pio_set_pin_high
 .text.pio_set_pin_low
                0x00402816       0x18 objdir-CWHUSKY/pio.o
                0x00402816                pio_set_pin_low
 *fill*         0x0040282e        0x2 
 .text.pio_configure_pin
                0x00402830       0xa4 objdir-CWHUSKY/pio.o
                0x00402830                pio_configure_pin
 .text.SystemCoreClockUpdate
                0x004028d4       0xcc objdir-CWHUSKY/system_sam4s.o
                0x004028d4                SystemCoreClockUpdate
 .text.system_init_flash
                0x004029a0       0x64 objdir-CWHUSKY/system_sam4s.o
                0x004029a0                system_init_flash
 .text.pmc_switch_mck_to_sclk
                0x00402a04       0x40 objdir-CWHUSKY/pmc.o
                0x00402a04                pmc_switch_mck_to_sclk
 .text.pmc_switch_mck_to_mainck
                0x00402a44       0x44 objdir-CWHUSKY/pmc.o
                0x00402a44                pmc_switch_mck_to_mainck
 .text.pmc_switch_mainck_to_xtal
                0x00402a88       0x4c objdir-CWHUSKY/pmc.o
                0x00402a88                pmc_switch_mainck_to_xtal
 .text.pmc_osc_is_ready_mainck
                0x00402ad4       0x10 objdir-CWHUSKY/pmc.o
                0x00402ad4                pmc_osc_is_ready_mainck
 .text.pmc_enable_periph_clk
                0x00402ae4       0x3c objdir-CWHUSKY/pmc.o
                0x00402ae4                pmc_enable_periph_clk
 .text.pmc_set_writeprotect
                0x00402b20       0x1c objdir-CWHUSKY/pmc.o
                0x00402b20                pmc_set_writeprotect
 .text          0x00402b3c       0x50 /usr/lib/gcc/arm-none-eabi/14.2.1/../../../arm-none-eabi/lib/thumb/v7e-m/nofp/libg_nano.a(libc_a-init.o)
                0x00402b3c                __libc_init_array
 .text          0x00402b8c       0xa4 /usr/lib/gcc/arm-none-eabi/14.2.1/../../../arm-none-eabi/lib/thumb/v7e-m/nofp/libg_nano.a(libc_a-memset.o)
                0x00402b8c                memset
 .text          0x00402c30      0x134 /usr/lib/gcc/arm-none-eabi/14.2.1/../../../arm-none-eabi/lib/thumb/v7e-m/nofp/libg_nano.a(libc_a-memcpy.o)
                0x00402c30                memcpy
 *(.glue_7t)
 .glue_7t       0x00402d64        0x0 linker stubs
 *(.glue_7)
 .glue_7        0x00402d64        0x0 linker stubs
 *(.rodata .rodata* .gnu.linkonce.r.*)
 .rodata.PQCLEAN_MLKEM768_CLEAN_zetas
                0x00402d64      0x100 objdir-CWHUSKY/ntt.o
                0x00402d64                PQCLEAN_MLKEM768_CLEAN_zetas
 *fill*         0x00402e64        0x4 
 .rodata.KeccakF_RoundConstants
                0x00402e68       0xc0 objdir-CWHUSKY/keccakf1600.o
 .rodata.seed   0x00402f28       0x80 objdir-CWHUSKY/randombytes.o
 *(.ARM.extab* .gnu.linkonce.armextab.*)
                0x00402fa8                        . = ALIGN (0x4)
 *(.init)
 .init          0x00402fa8        0x4 /usr/lib/gcc/arm-none-eabi/14.2.1/thumb/v7e-m/nofp/crti.o
                0x00402fa8                _init
 .init          0x00402fac        0x8 /usr/lib/gcc/arm-none-eabi/14.2.1/thumb/v7e-m/nofp/crtn.o
                0x00402fb4                        . = ALIGN (0x4)
                0x00402fb4                        __preinit_array_start = .
 *(.preinit_array)
                0x00402fb4                        __preinit_array_end = .
                0x00402fb4                        . = ALIGN (0x4)
                0x00402fb4                        __init_array_start = .
 *(SORT_BY_NAME(.init_array.*))
 *(.init_array)
 .init_array    0x00402fb4        0x4 /usr/lib/gcc/arm-none-eabi/14.2.1/thumb/v7e-m/nofp/crtbegin.o
                0x00402fb8                        __init_array_end = .
                0x00402fb8                        . = ALIGN (0x4)
 *crtbegin.o(.ctors)
 *(EXCLUDE_FILE(*crtend.o) .ctors)
 *(SORT_BY_NAME(.ctors.*))
 *crtend.o(.ctors)
                0x00402fb8                        . = ALIGN (0x4)
 *(.fini)
 .fini          0x00402fb8        0x4 /usr/lib/gcc/arm-none-eabi/14.2.1/thumb/v7e-m/nofp/crti.o
                0x00402fb8                _fini
 .fini          0x00402fbc        0x8 /usr/lib/gcc/arm-none-eabi/14.2.1/thumb/v7e-m/nofp/crtn.o
                0x00402fc4                        . = ALIGN (0x4)
                0x00402fc4                        __fini_array_start = .
 *(.fini_array)
 .fini_array    0x00402fc4        0x4 /usr/lib/gcc/arm-none-eabi/14.2.1/thumb/v7e-m/nofp/crtbegin.o
 *(SORT_BY_NAME(.fini_array.*))
                0x00402fc8                        __fini_array_end = .
 *crtbegin.o(.dtors)
 *(EXCLUDE_FILE(*crtend.o) .dtors)
 *(SORT_BY_NAME(.dtors.*))
 *crtend.o(.dtors)
                0x00402fc8                        . = ALIGN (0x4)
                0x00402fc8                        _efixed = .
                [!provide]                        PROVIDE (__exidx_start = .)

.vfp11_veneer   0x00402fc8        0x0
 .vfp11_veneer  0x00402fc8        0x0 linker stubs

.v4_bx          0x00402fc8        0x0
 .v4_bx         0x00402fc8        0x0 linker stubs

.iplt           0x00402fc8        0x0
 .iplt          0x00402fc8        0x0 /usr/lib/gcc/arm-none-eabi/14.2.1/thumb/v7e-m/nofp/crtbegin.o

.ARM.exidx      0x00402fc8        0x8
 *(.ARM.exidx* .gnu.linkonce.armexidx.*)
 .ARM.exidx     0x00402fc8        0x8 /usr/lib/gcc/arm-none-eabi/14.2.1/../../../arm-none-eabi/lib/thumb/v7e-m/nofp/libg_nano.a(libc_a-memcpy.o)
                [!provide]                        PROVIDE (__exidx_end = .)

.eh_frame       0x00402fd0        0x0
 .eh_frame      0x00402fd0        0x0 /usr/lib/gcc/arm-none-eabi/14.2.1/thumb/v7e-m/nofp/crtbegin.o

.rel.dyn        0x00402fd0        0x0
 .rel.iplt      0x00402fd0        0x0 /usr/lib/gcc/arm-none-eabi/14.2.1/thumb/v7e-m/nofp/crtbegin.o

.tm_clone_table
                0x00402fd0        0x0
 .tm_clone_table
                0x00402fd0        0x0 /usr/lib/gcc/arm-none-eabi/14.2.1/thumb/v7e-m/nofp/crtbegin.o
 .tm_clone_table
                0x00402fd0        0x0 /usr/lib/gcc/arm-none-eabi/14.2.1/thumb/v7e-m/nofp/crtend.o

.igot.plt       0x00402fd0        0x0
 .igot.plt      0x00402fd0        0x0 /usr/lib/gcc/arm-none-eabi/14.2.1/thumb/v7e-m/nofp/crtbegin.o
                0x00402fd0                        . = ALIGN (0x4)
                0x00402fd0                        _etext = .

.relocate       0x20000000        0x4 load address 0x00402fd0
                0x20000000                        . = ALIGN (0x4)
                0x20000000                        _srelocate = .
 *(.ramfunc .ramfunc.*)
 *(.data .data.*)
 .data.SystemCoreClock
                0x20000000        0x4 objdir-CWHUSKY/system_sam4s.o
                0x20000000                SystemCoreClock
                0x20000004                        . = ALIGN (0x4)
                0x20000004                        _erelocate = .

.bss            0x20000004     0x1014 load address 0x00402fd4
                0x20000004                        . = ALIGN (0x4)
                0x20000004                        _sbss = .
                0x20000004                        _szero = .
 *(.bss .bss.*)
 .bss           0x20000004       0x1c /usr/lib/gcc/arm-none-eabi/14.2.1/thumb/v7e-m/nofp/crtbegin.o
 .bss.pk        0x20000020      0x4a0 objdir-CWHUSKY/simpleserial-ml-kem-768.o
 .bss.sk        0x200004c0      0x960 objdir-CWHUSKY/simpleserial-ml-kem-768.o
 .bss.outleft   0x20000e20        0x4 objdir-CWHUSKY/randombytes.o
 .bss.out_buf   0x20000e24       0x40 objdir-CWHUSKY/randombytes.o
 .bss.in        0x20000e64       0x30 objdir-CWHUSKY/randombytes.o
 .bss.commands  0x20000e94      0x180 objdir-CWHUSKY/simpleserial.o
 .bss.num_commands
                0x20001014        0x4 objdir-CWHUSKY/simpleserial.o
 *(COMMON)
                0x20001018                        . = ALIGN (0x4)
                0x20001018                        _ebss = .
                0x20001018                        _ezero = .

.stack          0x20001018     0x1000 load address 0x00403fe8
                0x20001018                        . = ALIGN (0x8)
                0x20001018                        _sstack = .
                0x20002018                        . = (. + __stack_size__)
 *fill*         0x20001018     0x1000 
                0x20002018                        . = ALIGN (0x8)
                0x20002018                        _estack = .

.mpssemem
 *(.mpssemem)
                0x20002018                        . = ALIGN (0x4)
                0x20002018                        end = .
                0x20002018                        _end = .
OUTPUT(simpleserial-ml-kem-768-CWHUSKY.elf elf32-littlearm)
LOAD linker stubs

.ARM.attributes
                0x00000000       0x2a
 .ARM.attributes
                0x00000000       0x1e /usr/lib/gcc/arm-none-eabi/14.2.1/thumb/v7e-m/nofp/crti.o
 .ARM.attributes
                0x0000001e       0x2e /usr/lib/gcc/arm-none-eabi/14.2.1/thumb/v7e-m/nofp/crtbegin.o
 .ARM.attributes
                0x0000004c       0x2e objdir-CWHUSKY/simpleserial-ml-kem-768.o
 .ARM.attributes
                0x0000007a       0x2e objdir-CWHUSKY/kem.o
 .ARM.attributes
                0x000000a8       0x2e objdir-CWHUSKY/indcpa.o
 .ARM.attributes
                0x000000d6       0x2e objdir-CWHUSKY/poly.o
 .ARM.attributes
                0x00000104       0x2e objdir-CWHUSKY/polyvec.o
 .ARM.attributes
                0x00000132       0x2e objdir-CWHUSKY/ntt.o
 .ARM.attributes
                0x00000160       0x2e objdir-CWHUSKY/fips202.o
 .ARM.attributes
                0x0000018e       0x2e objdir-CWHUSKY/keccakf1600.o
 .ARM.attributes
                0x000001bc       0x2e objdir-CWHUSKY/symmetric-fips202.o
 .ARM.attributes
                0x000001ea       0x2e objdir-CWHUSKY/verify.o
 .ARM.attributes
                0x00000218       0x2e objdir-CWHUSKY/cbd.o
 .ARM.attributes
                0x00000246       0x2e objdir-CWHUSKY/randombytes.o
 .ARM.attributes
                0x00000274       0x2e objdir-CWHUSKY/reduce.o
 .ARM.attributes
                0x000002a2       0x2e objdir-CWHUSKY/simpleserial.o
 .ARM.attributes
                0x000002d0       0x2e objdir-CWHUSKY/startup_sam4s.o
 .ARM.attributes
                0x000002fe       0x2e objdir-CWHUSKY/sam4s_hal.o
 .ARM.attributes
                0x0000032c       0x2e objdir-CWHUSKY/uart.o
 .ARM.attributes
                0x0000035a       0x2e objdir-CWHUSKY/pio.o
 .ARM.attributes
                0x00000388       0x2e objdir-CWHUSKY/system_sam4s.o
 .ARM.attributes
                0x000003b6       0x2e objdir-CWHUSKY/pmc.o
 .ARM.attributes
                0x000003e4       0x2e /usr/lib/gcc/arm-none-eabi/14.2.1/../../../arm-none-eabi/lib/thumb/v7e-m/nofp/libg_nano.a(libc_a-init.o)
 .ARM.attributes
                0x00000412       0x2e /usr/lib/gcc/arm-none-eabi/14.2.1/../../../arm-none-eabi/lib/thumb/v7e-m/nofp/libg_nano.a(libc_a-memset.o)
 .ARM.attributes
                0x00000440       0x1c /usr/lib/gcc/arm-none-eabi/14.2.1/../../../arm-none-eabi/lib/thumb/v7e-m/nofp/libg_nano.a(libc_a-memcpy.o)
 .ARM.attributes
                0x0000045c       0x2e /usr/lib/gcc/arm-none-eabi/14.2.1/thumb/v7e-m/nofp/crtend.o
 .ARM.attributes
                0x0000048a       0x1e /usr/lib/gcc/arm-none-eabi/14.2.1/thumb/v7e-m/nofp/crtn.o

.comment        0x00000000       0x4c
 .comment       0x00000000       0x4c /usr/lib/gcc/arm-none-eabi/14.2.1/thumb/v7e-m/nofp/crtbegin.o
                                 0x27 (size before relaxing)
 .comment       0x0000004c        0x0 objdir-CWHUSKY/simpleserial-ml-kem-768.o
                                 0x27 (size before relaxing)
 .comment       0x0000004c        0x0 objdir-CWHUSKY/kem.o
                                 0x27 (size before relaxing)
 .comment       0x0000004c        0x0 objdir-CWHUSKY/indcpa.o
                                 0x27 (size before relaxing)
 .comment       0x0000004c        0x0 objdir-CWHUSKY/poly.o
                                 0x27 (size before relaxing)
 .comment       0x0000004c        0x0 objdir-CWHUSKY/polyvec.o
                                 0x27 (size before relaxing)
 .comment       0x0000004c        0x0 objdir-CWHUSKY/ntt.o
                                 0x27 (size before relaxing)
 .comment       0x0000004c        0x0 objdir-CWHUSKY/fips202.o
                                 0x27 (size before relaxing)
 .comment       0x0000004c        0x0 objdir-CWHUSKY/keccakf1600.o
                                 0x27 (size before relaxing)
 .comment       0x0000004c        0x0 objdir-CWHUSKY/symmetric-fips202.o
                                 0x27 (size before relaxing)
 .comment       0x0000004c        0x0 objdir-CWHUSKY/verify.o
                                 0x27 (size before relaxing)
 .comment       0x0000004c        0x0 objdir-CWHUSKY/cbd.o
                                 0x27 (size before relaxing)
 .comment       0x0000004c        0x0 objdir-CWHUSKY/randombytes.o
                                 0x27 (size before relaxing)
 .comment       0x0000004c        0x0 objdir-CWHUSKY/reduce.o
                                 0x27 (size before relaxing)
 .comment       0x0000004c        0x0 objdir-CWHUSKY/simpleserial.o
                                 0x27 (size before relaxing)
 .comment       0x0000004c        0x0 objdir-CWHUSKY/startup_sam4s.o
                                 0x27 (size before relaxing)
 .comment       0x0000004c        0x0 objdir-CWHUSKY/sam4s_hal.o
                                 0x27 (size before relaxing)
 .comment       0x0000004c        0x0 objdir-CWHUSKY/uart.o
                                 0x27 (size before relaxing)
 .comment       0x0000004c        0x0 objdir-CWHUSKY/pio.o
                                 0x27 (size before relaxing)
 .comment       0x0000004c        0x0 objdir-CWHUSKY/system_sam4s.o
                                 0x27 (size before relaxing)
 .comment       0x0000004c        0x0 objdir-CWHUSKY/pmc.o
                                 0x27 (size before relaxing)
 .comment       0x0000004c        0x0 /usr/lib/gcc/arm-none-eabi/14.2.1/../../../arm-none-eabi/lib/thumb/v7e-m/nofp/libg_nano.a(libc_a-init.o)
                                 0x27 (size before relaxing)
 .comment       0x0000004c        0x0 /usr/lib/gcc/arm-none-eabi/14.2.1/../../../arm-none-eabi/lib/thumb/v7e-m/nofp/libg_nano.a(libc_a-memset.o)
                                 0x27 (size before relaxing)
 .comment       0x0000004c        0x0 /usr/lib/gcc/arm-none-eabi/14.2.1/thumb/v7e-m/nofp/crtend.o
                                 0x27 (size before relaxing)

.debug_info     0x00000000     0xba03
 .debug_info    0x00000000      0x74e objdir-CWHUSKY/simpleserial-ml-kem-768.o
 .debug_info    0x0000074e      0x69e objdir-CWHUSKY/kem.o
 .debug_info    0x00000dec     0x114e objdir-CWHUSKY/indcpa.o
 .debug_info    0x00001f3a      0x90e objdir-CWHUSKY/poly.o
 .debug_info    0x00002848      0x7c6 objdir-CWHUSKY/polyvec.o
 .debug_info    0x0000300e      0x4a6 objdir-CWHUSKY/ntt.o
 .debug_info    0x000034b4     0x1e46 objdir-CWHUSKY/fips202.o
 .debug_info    0x000052fa      0x69c objdir-CWHUSKY/keccakf1600.o
 .debug_info    0x00005996      0x476 objdir-CWHUSKY/symmetric-fips202.o
 .debug_info    0x00005e0c      0x239 objdir-CWHUSKY/verify.o
 .debug_info    0x00006045      0x26c objdir-CWHUSKY/cbd.o
 .debug_info    0x000062b1      0x2a5 objdir-CWHUSKY/randombytes.o
 .debug_info    0x00006556      0x11f objdir-CWHUSKY/reduce.o
 .debug_info    0x00006675      0x7f3 objdir-CWHUSKY/simpleserial.o
 .debug_info    0x00006e68      0x6e4 objdir-CWHUSKY/startup_sam4s.o
 .debug_info    0x0000754c      0xa0d objdir-CWHUSKY/sam4s_hal.o
 .debug_info    0x00007f59      0x89b objdir-CWHUSKY/uart.o
 .debug_info    0x000087f4     0x18f4 objdir-CWHUSKY/pio.o
 .debug_info    0x0000a0e8      0x457 objdir-CWHUSKY/system_sam4s.o
 .debug_info    0x0000a53f     0x1251 objdir-CWHUSKY/pmc.o
 .debug_info    0x0000b790      0x10b /usr/lib/gcc/arm-none-eabi/14.2.1/../../../arm-none-eabi/lib/thumb/v7e-m/nofp/libg_nano.a(libc_a-init.o)
 .debug_info    0x0000b89b      0x135 /usr/lib/gcc/arm-none-eabi/14.2.1/../../../arm-none-eabi/lib/thumb/v7e-m/nofp/libg_nano.a(libc_a-memset.o)
 .debug_info    0x0000b9d0       0x33 /usr/lib/gcc/arm-none-eabi/14.2.1/../../../arm-none-eabi/lib/thumb/v7e-m/nofp/libg_nano.a(libc_a-memcpy.o)

.debug_abbrev   0x00000000     0x276a
 .debug_abbrev  0x00000000      0x248 objdir-CWHUSKY/simpleserial-ml-kem-768.o
 .debug_abbrev  0x00000248      0x16e objdir-CWHUSKY/kem.o
 .debug_abbrev  0x000003b6      0x310 objdir-CWHUSKY/indcpa.o
 .debug_abbrev  0x000006c6      0x219 objdir-CWHUSKY/poly.o
 .debug_abbrev  0x000008df      0x15f objdir-CWHUSKY/polyvec.o
 .debug_abbrev  0x00000a3e      0x1b5 objdir-CWHUSKY/ntt.o
 .debug_abbrev  0x00000bf3      0x2df objdir-CWHUSKY/fips202.o
 .debug_abbrev  0x00000ed2       0xda objdir-CWHUSKY/keccakf1600.o
 .debug_abbrev  0x00000fac      0x150 objdir-CWHUSKY/symmetric-fips202.o
 .debug_abbrev  0x000010fc       0xeb objdir-CWHUSKY/verify.o
 .debug_abbrev  0x000011e7      0x18f objdir-CWHUSKY/cbd.o
 .debug_abbrev  0x00001376      0x178 objdir-CWHUSKY/randombytes.o
 .debug_abbrev  0x000014ee       0xb8 objdir-CWHUSKY/reduce.o
 .debug_abbrev  0x000015a6      0x232 objdir-CWHUSKY/simpleserial.o
 .debug_abbrev  0x000017d8      0x1b4 objdir-CWHUSKY/startup_sam4s.o
 .debug_abbrev  0x0000198c      0x2c1 objdir-CWHUSKY/sam4s_hal.o
 .debug_abbrev  0x00001c4d      0x21f objdir-CWHUSKY/uart.o
 .debug_abbrev  0x00001e6c      0x371 objdir-CWHUSKY/pio.o
 .debug_abbrev  0x000021dd      0x11f objdir-CWHUSKY/system_sam4s.o
 .debug_abbrev  0x000022fc      0x2c6 objdir-CWHUSKY/pmc.o
 .debug_abbrev  0x000025c2       0xc9 /usr/lib/gcc/arm-none-eabi/14.2.1/../../../arm-none-eabi/lib/thumb/v7e-m/nofp/libg_nano.a(libc_a-init.o)
 .debug_abbrev  0x0000268b       0xb7 /usr/lib/gcc/arm-none-eabi/14.2.1/../../../arm-none-eabi/lib/thumb/v7e-m/nofp/libg_nano.a(libc_a-memset.o)
 .debug_abbrev  0x00002742       0x28 /usr/lib/gcc/arm-none-eabi/14.2.1/../../../arm-none-eabi/lib/thumb/v7e-m/nofp/libg_nano.a(libc_a-memcpy.o)

.debug_loc      0x00000000     0x98e7
 .debug_loc     0x00000000      0x354 objdir-CWHUSKY/simpleserial-ml-kem-768.o
 .debug_loc     0x00000354      0x506 objdir-CWHUSKY/kem.o
 .debug_loc     0x0000085a      0xb97 objdir-CWHUSKY/indcpa.o
 .debug_loc     0x000013f1      0xab1 objdir-CWHUSKY/poly.o
 .debug_loc     0x00001ea2      0x782 objdir-CWHUSKY/polyvec.o
 .debug_loc     0x00002624      0x54c objdir-CWHUSKY/ntt.o
 .debug_loc     0x00002b70     0x1a52 objdir-CWHUSKY/fips202.o
 .debug_loc     0x000045c2     0x1b0e objdir-CWHUSKY/keccakf1600.o
 .debug_loc     0x000060d0      0x327 objdir-CWHUSKY/symmetric-fips202.o
 .debug_loc     0x000063f7      0x36c objdir-CWHUSKY/verify.o
 .debug_loc     0x00006763      0x207 objdir-CWHUSKY/cbd.o
 .debug_loc     0x0000696a      0x2d7 objdir-CWHUSKY/randombytes.o
 .debug_loc     0x00006c41      0x116 objdir-CWHUSKY/reduce.o
 .debug_loc     0x00006d57      0x9aa objdir-CWHUSKY/simpleserial.o
 .debug_loc     0x00007701       0xfb objdir-CWHUSKY/startup_sam4s.o
 .debug_loc     0x000077fc      0x226 objdir-CWHUSKY/sam4s_hal.o
 .debug_loc     0x00007a22      0x294 objdir-CWHUSKY/uart.o
 .debug_loc     0x00007cb6      0xf76 objdir-CWHUSKY/pio.o
 .debug_loc     0x00008c2c       0x20 objdir-CWHUSKY/system_sam4s.o
 .debug_loc     0x00008c4c      0xc9b objdir-CWHUSKY/pmc.o

.debug_aranges  0x00000000      0xae0
 .debug_aranges
                0x00000000       0x60 objdir-CWHUSKY/simpleserial-ml-kem-768.o
 .debug_aranges
                0x00000060       0x40 objdir-CWHUSKY/kem.o
 .debug_aranges
                0x000000a0       0x40 objdir-CWHUSKY/indcpa.o
 .debug_aranges
                0x000000e0       0x90 objdir-CWHUSKY/poly.o
 .debug_aranges
                0x00000170       0x60 objdir-CWHUSKY/polyvec.o
 .debug_aranges
                0x000001d0       0x30 objdir-CWHUSKY/ntt.o
 .debug_aranges
                0x00000200      0x1b8 objdir-CWHUSKY/fips202.o
 .debug_aranges
                0x000003b8       0x30 objdir-CWHUSKY/keccakf1600.o
 .debug_aranges
                0x000003e8       0x30 objdir-CWHUSKY/symmetric-fips202.o
 .debug_aranges
                0x00000418       0x30 objdir-CWHUSKY/verify.o
 .debug_aranges
                0x00000448       0x30 objdir-CWHUSKY/cbd.o
 .debug_aranges
                0x00000478       0x30 objdir-CWHUSKY/randombytes.o
 .debug_aranges
                0x000004a8       0x28 objdir-CWHUSKY/reduce.o
 .debug_aranges
                0x000004d0       0x70 objdir-CWHUSKY/simpleserial.o
 .debug_aranges
                0x00000540       0x28 objdir-CWHUSKY/startup_sam4s.o
 .debug_aranges
                0x00000568       0x50 objdir-CWHUSKY/sam4s_hal.o
 .debug_aranges
                0x000005b8       0xe8 objdir-CWHUSKY/uart.o
 .debug_aranges
                0x000006a0      0x1a8 objdir-CWHUSKY/pio.o
 .debug_aranges
                0x00000848       0x30 objdir-CWHUSKY/system_sam4s.o
 .debug_aranges
                0x00000878      0x208 objdir-CWHUSKY/pmc.o
 .debug_aranges
                0x00000a80       0x20 /usr/lib/gcc/arm-none-eabi/14.2.1/../../../arm-none-eabi/lib/thumb/v7e-m/nofp/libg_nano.a(libc_a-init.o)
 .debug_aranges
                0x00000aa0       0x20 /usr/lib/gcc/arm-none-eabi/14.2.1/../../../arm-none-eabi/lib/thumb/v7e-m/nofp/libg_nano.a(libc_a-memset.o)
 .debug_aranges
                0x00000ac0       0x20 /usr/lib/gcc/arm-none-eabi/14.2.1/../../../arm-none-eabi/lib/thumb/v7e-m/nofp/libg_nano.a(libc_a-memcpy.o)

.debug_ranges   0x00000000      0xbe8
 .debug_ranges  0x00000000       0x70 objdir-CWHUSKY/simpleserial-ml-kem-768.o
 .debug_ranges  0x00000070       0x30 objdir-CWHUSKY/kem.o
 .debug_ranges  0x000000a0       0x78 objdir-CWHUSKY/indcpa.o
 .debug_ranges  0x00000118       0x80 objdir-CWHUSKY/poly.o
 .debug_ranges  0x00000198       0x50 objdir-CWHUSKY/polyvec.o
 .debug_ranges  0x000001e8       0x88 objdir-CWHUSKY/ntt.o
 .debug_ranges  0x00000270      0x1a8 objdir-CWHUSKY/fips202.o
 .debug_ranges  0x00000418       0x20 objdir-CWHUSKY/keccakf1600.o
 .debug_ranges  0x00000438       0x20 objdir-CWHUSKY/symmetric-fips202.o
 .debug_ranges  0x00000458       0x20 objdir-CWHUSKY/verify.o
 .debug_ranges  0x00000478       0x20 objdir-CWHUSKY/cbd.o
 .debug_ranges  0x00000498       0x20 objdir-CWHUSKY/randombytes.o
 .debug_ranges  0x000004b8       0x18 objdir-CWHUSKY/reduce.o
 .debug_ranges  0x000004d0       0xf8 objdir-CWHUSKY/simpleserial.o
 .debug_ranges  0x000005c8       0x18 objdir-CWHUSKY/startup_sam4s.o
 .debug_ranges  0x000005e0       0xa8 objdir-CWHUSKY/sam4s_hal.o
 .debug_ranges  0x00000688       0xd8 objdir-CWHUSKY/uart.o
 .debug_ranges  0x00000760      0x228 objdir-CWHUSKY/pio.o
 .debug_ranges  0x00000988       0x20 objdir-CWHUSKY/system_sam4s.o
 .debug_ranges  0x000009a8      0x240 objdir-CWHUSKY/pmc.o

.debug_macro    0x00000000    0x10e73
 .debug_macro   0x00000000      0x175 objdir-CWHUSKY/simpleserial-ml-kem-768.o
 .debug_macro   0x00000175      0xb26 objdir-CWHUSKY/simpleserial-ml-kem-768.o
 .debug_macro   0x00000c9b      0x34e objdir-CWHUSKY/simpleserial-ml-kem-768.o
 .debug_macro   0x00000fe9       0x76 objdir-CWHUSKY/simpleserial-ml-kem-768.o
 .debug_macro   0x0000105f       0x34 objdir-CWHUSKY/simpleserial-ml-kem-768.o
 .debug_macro   0x00001093      0x184 objdir-CWHUSKY/simpleserial-ml-kem-768.o
 .debug_macro   0x00001217       0x22 objdir-CWHUSKY/simpleserial-ml-kem-768.o
 .debug_macro   0x00001239       0x24 objdir-CWHUSKY/simpleserial-ml-kem-768.o
 .debug_macro   0x0000125d       0x22 objdir-CWHUSKY/simpleserial-ml-kem-768.o
 .debug_macro   0x0000127f       0x60 objdir-CWHUSKY/simpleserial-ml-kem-768.o
 .debug_macro   0x000012df       0x94 objdir-CWHUSKY/simpleserial-ml-kem-768.o
 .debug_macro   0x00001373       0x3c objdir-CWHUSKY/simpleserial-ml-kem-768.o
 .debug_macro   0x000013af       0x34 objdir-CWHUSKY/simpleserial-ml-kem-768.o
 .debug_macro   0x000013e3       0x16 objdir-CWHUSKY/simpleserial-ml-kem-768.o
 .debug_macro   0x000013f9      0x11c objdir-CWHUSKY/simpleserial-ml-kem-768.o
 .debug_macro   0x00001515       0x94 objdir-CWHUSKY/simpleserial-ml-kem-768.o
 .debug_macro   0x000015a9       0x57 objdir-CWHUSKY/simpleserial-ml-kem-768.o
 .debug_macro   0x00001600      0x372 objdir-CWHUSKY/simpleserial-ml-kem-768.o
 .debug_macro   0x00001972       0x16 objdir-CWHUSKY/simpleserial-ml-kem-768.o
 .debug_macro   0x00001988       0x4a objdir-CWHUSKY/simpleserial-ml-kem-768.o
 .debug_macro   0x000019d2       0x34 objdir-CWHUSKY/simpleserial-ml-kem-768.o
 .debug_macro   0x00001a06       0x10 objdir-CWHUSKY/simpleserial-ml-kem-768.o
 .debug_macro   0x00001a16       0x52 objdir-CWHUSKY/simpleserial-ml-kem-768.o
 .debug_macro   0x00001a68      0x1e5 objdir-CWHUSKY/simpleserial-ml-kem-768.o
 .debug_macro   0x00001c4d       0x16 objdir-CWHUSKY/simpleserial-ml-kem-768.o
 .debug_macro   0x00001c63       0x29 objdir-CWHUSKY/simpleserial-ml-kem-768.o
 .debug_macro   0x00001c8c       0x16 objdir-CWHUSKY/simpleserial-ml-kem-768.o
 .debug_macro   0x00001ca2       0x3c objdir-CWHUSKY/simpleserial-ml-kem-768.o
 .debug_macro   0x00001cde      0x228 objdir-CWHUSKY/kem.o
 .debug_macro   0x00001f06       0x3a objdir-CWHUSKY/kem.o
 .debug_macro   0x00001f40       0x10 objdir-CWHUSKY/kem.o
 .debug_macro   0x00001f50       0xdd objdir-CWHUSKY/kem.o
 .debug_macro   0x0000202d       0x10 objdir-CWHUSKY/kem.o
 .debug_macro   0x0000203d       0x20 objdir-CWHUSKY/kem.o
 .debug_macro   0x0000205d       0x6a objdir-CWHUSKY/kem.o
 .debug_macro   0x000020c7       0x1c objdir-CWHUSKY/kem.o
 .debug_macro   0x000020e3       0x52 objdir-CWHUSKY/kem.o
 .debug_macro   0x00002135       0x22 objdir-CWHUSKY/kem.o
 .debug_macro   0x00002157       0x10 objdir-CWHUSKY/kem.o
 .debug_macro   0x00002167       0x52 objdir-CWHUSKY/kem.o
 .debug_macro   0x000021b9       0xcf objdir-CWHUSKY/kem.o
 .debug_macro   0x00002288       0x1c objdir-CWHUSKY/kem.o
 .debug_macro   0x000022a4       0x3d objdir-CWHUSKY/kem.o
 .debug_macro   0x000022e1       0xc5 objdir-CWHUSKY/kem.o
 .debug_macro   0x000023a6      0x51a objdir-CWHUSKY/kem.o
 .debug_macro   0x000028c0       0x22 objdir-CWHUSKY/kem.o
 .debug_macro   0x000028e2       0x34 objdir-CWHUSKY/kem.o
 .debug_macro   0x00002916       0x10 objdir-CWHUSKY/kem.o
 .debug_macro   0x00002926      0x230 objdir-CWHUSKY/indcpa.o
 .debug_macro   0x00002b56       0x83 objdir-CWHUSKY/poly.o
 .debug_macro   0x00002bd9       0x16 objdir-CWHUSKY/poly.o
 .debug_macro   0x00002bef      0x189 objdir-CWHUSKY/poly.o
 .debug_macro   0x00002d78       0x37 objdir-CWHUSKY/polyvec.o
 .debug_macro   0x00002daf       0x36 objdir-CWHUSKY/ntt.o
 .debug_macro   0x00002de5      0x127 objdir-CWHUSKY/fips202.o
 .debug_macro   0x00002f0c       0x88 objdir-CWHUSKY/keccakf1600.o
 .debug_macro   0x00002f94       0x16 objdir-CWHUSKY/keccakf1600.o
 .debug_macro   0x00002faa      0x12d objdir-CWHUSKY/symmetric-fips202.o
 .debug_macro   0x000030d7       0x57 objdir-CWHUSKY/verify.o
 .debug_macro   0x0000312e       0x16 objdir-CWHUSKY/verify.o
 .debug_macro   0x00003144       0x37 objdir-CWHUSKY/cbd.o
 .debug_macro   0x0000317b      0x1cc objdir-CWHUSKY/randombytes.o
 .debug_macro   0x00003347       0x32 objdir-CWHUSKY/reduce.o
 .debug_macro   0x00003379       0x10 objdir-CWHUSKY/reduce.o
 .debug_macro   0x00003389       0x55 objdir-CWHUSKY/simpleserial.o
 .debug_macro   0x000033de       0x1c objdir-CWHUSKY/simpleserial.o
 .debug_macro   0x000033fa      0x296 objdir-CWHUSKY/startup_sam4s.o
 .debug_macro   0x00003690       0x27 objdir-CWHUSKY/startup_sam4s.o
 .debug_macro   0x000036b7       0x3b objdir-CWHUSKY/startup_sam4s.o
 .debug_macro   0x000036f2       0x2d objdir-CWHUSKY/startup_sam4s.o
 .debug_macro   0x0000371f       0x26 objdir-CWHUSKY/startup_sam4s.o
 .debug_macro   0x00003745      0xbbf objdir-CWHUSKY/startup_sam4s.o
 .debug_macro   0x00004304      0x154 objdir-CWHUSKY/startup_sam4s.o
 .debug_macro   0x00004458      0xaa5 objdir-CWHUSKY/startup_sam4s.o
 .debug_macro   0x00004efd      0x1b4 objdir-CWHUSKY/startup_sam4s.o
 .debug_macro   0x000050b1       0xac objdir-CWHUSKY/startup_sam4s.o
 .debug_macro   0x0000515d      0x3f7 objdir-CWHUSKY/startup_sam4s.o
 .debug_macro   0x00005554      0x106 objdir-CWHUSKY/startup_sam4s.o
 .debug_macro   0x0000565a       0x1c objdir-CWHUSKY/startup_sam4s.o
 .debug_macro   0x00005676      0x72f objdir-CWHUSKY/startup_sam4s.o
 .debug_macro   0x00005da5      0x2c9 objdir-CWHUSKY/startup_sam4s.o
 .debug_macro   0x0000606e       0xbe objdir-CWHUSKY/startup_sam4s.o
 .debug_macro   0x0000612c     0x2807 objdir-CWHUSKY/startup_sam4s.o
 .debug_macro   0x00008933      0x76e objdir-CWHUSKY/startup_sam4s.o
 .debug_macro   0x000090a1      0xa84 objdir-CWHUSKY/startup_sam4s.o
 .debug_macro   0x00009b25       0x9a objdir-CWHUSKY/startup_sam4s.o
 .debug_macro   0x00009bbf      0x3cf objdir-CWHUSKY/startup_sam4s.o
 .debug_macro   0x00009f8e       0x64 objdir-CWHUSKY/startup_sam4s.o
 .debug_macro   0x00009ff2      0x37c objdir-CWHUSKY/startup_sam4s.o
 .debug_macro   0x0000a36e      0x61b objdir-CWHUSKY/startup_sam4s.o
 .debug_macro   0x0000a989      0x686 objdir-CWHUSKY/startup_sam4s.o
 .debug_macro   0x0000b00f      0x595 objdir-CWHUSKY/startup_sam4s.o
 .debug_macro   0x0000b5a4      0x344 objdir-CWHUSKY/startup_sam4s.o
 .debug_macro   0x0000b8e8      0x283 objdir-CWHUSKY/startup_sam4s.o
 .debug_macro   0x0000bb6b      0x2cd objdir-CWHUSKY/startup_sam4s.o
 .debug_macro   0x0000be38      0x6cf objdir-CWHUSKY/startup_sam4s.o
 .debug_macro   0x0000c507       0x76 objdir-CWHUSKY/startup_sam4s.o
 .debug_macro   0x0000c57d       0xb8 objdir-CWHUSKY/startup_sam4s.o
 .debug_macro   0x0000c635       0xb2 objdir-CWHUSKY/startup_sam4s.o
 .debug_macro   0x0000c6e7       0x88 objdir-CWHUSKY/startup_sam4s.o
 .debug_macro   0x0000c76f      0x100 objdir-CWHUSKY/startup_sam4s.o
 .debug_macro   0x0000c86f       0x88 objdir-CWHUSKY/startup_sam4s.o
 .debug_macro   0x0000c8f7       0x88 objdir-CWHUSKY/startup_sam4s.o
 .debug_macro   0x0000c97f      0x2cd objdir-CWHUSKY/startup_sam4s.o
 .debug_macro   0x0000cc4c       0xb2 objdir-CWHUSKY/startup_sam4s.o
 .debug_macro   0x0000ccfe       0xb2 objdir-CWHUSKY/startup_sam4s.o
 .debug_macro   0x0000cdb0       0x52 objdir-CWHUSKY/startup_sam4s.o
 .debug_macro   0x0000ce02       0xac objdir-CWHUSKY/startup_sam4s.o
 .debug_macro   0x0000ceae       0x7c objdir-CWHUSKY/startup_sam4s.o
 .debug_macro   0x0000cf2a       0x40 objdir-CWHUSKY/startup_sam4s.o
 .debug_macro   0x0000cf6a       0x64 objdir-CWHUSKY/startup_sam4s.o
 .debug_macro   0x0000cfce       0x4c objdir-CWHUSKY/startup_sam4s.o
 .debug_macro   0x0000d01a       0xa6 objdir-CWHUSKY/startup_sam4s.o
 .debug_macro   0x0000d0c0       0x7c objdir-CWHUSKY/startup_sam4s.o
 .debug_macro   0x0000d13c       0x16 objdir-CWHUSKY/startup_sam4s.o
 .debug_macro   0x0000d152       0x7c objdir-CWHUSKY/startup_sam4s.o
 .debug_macro   0x0000d1ce       0x22 objdir-CWHUSKY/startup_sam4s.o
 .debug_macro   0x0000d1f0      0x18b objdir-CWHUSKY/startup_sam4s.o
 .debug_macro   0x0000d37b      0x15b objdir-CWHUSKY/startup_sam4s.o
 .debug_macro   0x0000d4d6       0x1c objdir-CWHUSKY/startup_sam4s.o
 .debug_macro   0x0000d4f2       0x2e objdir-CWHUSKY/startup_sam4s.o
 .debug_macro   0x0000d520       0x22 objdir-CWHUSKY/startup_sam4s.o
 .debug_macro   0x0000d542       0x1c objdir-CWHUSKY/startup_sam4s.o
 .debug_macro   0x0000d55e       0x52 objdir-CWHUSKY/startup_sam4s.o
 .debug_macro   0x0000d5b0       0x10 objdir-CWHUSKY/startup_sam4s.o
 .debug_macro   0x0000d5c0      0x1e7 objdir-CWHUSKY/startup_sam4s.o
 .debug_macro   0x0000d7a7      0x605 objdir-CWHUSKY/startup_sam4s.o
 .debug_macro   0x0000ddac      0x107 objdir-CWHUSKY/startup_sam4s.o
 .debug_macro   0x0000deb3      0x4e9 objdir-CWHUSKY/sam4s_hal.o
 .debug_macro   0x0000e39c      0x6d7 objdir-CWHUSKY/sam4s_hal.o
 .debug_macro   0x0000ea73       0x76 objdir-CWHUSKY/sam4s_hal.o
 .debug_macro   0x0000eae9       0x16 objdir-CWHUSKY/sam4s_hal.o
 .debug_macro   0x0000eaff      0x6da objdir-CWHUSKY/sam4s_hal.o
 .debug_macro   0x0000f1d9       0x2d objdir-CWHUSKY/sam4s_hal.o
 .debug_macro   0x0000f206       0x16 objdir-CWHUSKY/sam4s_hal.o
 .debug_macro   0x0000f21c       0x10 objdir-CWHUSKY/sam4s_hal.o
 .debug_macro   0x0000f22c       0x16 objdir-CWHUSKY/sam4s_hal.o
 .debug_macro   0x0000f242       0x16 objdir-CWHUSKY/sam4s_hal.o
 .debug_macro   0x0000f258      0x170 objdir-CWHUSKY/sam4s_hal.o
 .debug_macro   0x0000f3c8       0x22 objdir-CWHUSKY/sam4s_hal.o
 .debug_macro   0x0000f3ea       0x73 objdir-CWHUSKY/sam4s_hal.o
 .debug_macro   0x0000f45d       0x3e objdir-CWHUSKY/sam4s_hal.o
 .debug_macro   0x0000f49b      0x3ca objdir-CWHUSKY/sam4s_hal.o
 .debug_macro   0x0000f865      0x2cb objdir-CWHUSKY/sam4s_hal.o
 .debug_macro   0x0000fb30       0x22 objdir-CWHUSKY/sam4s_hal.o
 .debug_macro   0x0000fb52       0x58 objdir-CWHUSKY/sam4s_hal.o
 .debug_macro   0x0000fbaa       0x64 objdir-CWHUSKY/sam4s_hal.o
 .debug_macro   0x0000fc0e       0x46 objdir-CWHUSKY/sam4s_hal.o
 .debug_macro   0x0000fc54       0x16 objdir-CWHUSKY/sam4s_hal.o
 .debug_macro   0x0000fc6a       0x94 objdir-CWHUSKY/sam4s_hal.o
 .debug_macro   0x0000fcfe       0x1c objdir-CWHUSKY/sam4s_hal.o
 .debug_macro   0x0000fd1a       0xa4 objdir-CWHUSKY/sam4s_hal.o
 .debug_macro   0x0000fdbe       0x46 objdir-CWHUSKY/sam4s_hal.o
 .debug_macro   0x0000fe04      0x445 objdir-CWHUSKY/uart.o
 .debug_macro   0x00010249       0x16 objdir-CWHUSKY/uart.o
 .debug_macro   0x0001025f      0x44b objdir-CWHUSKY/pio.o
 .debug_macro   0x000106aa       0x8e objdir-CWHUSKY/pio.o
 .debug_macro   0x00010738      0x29e objdir-CWHUSKY/system_sam4s.o
 .debug_macro   0x000109d6      0x44b objdir-CWHUSKY/pmc.o
 .debug_macro   0x00010e21       0x52 objdir-CWHUSKY/pmc.o

.debug_line     0x00000000     0x912d
 .debug_line    0x00000000      0x39c objdir-CWHUSKY/simpleserial-ml-kem-768.o
 .debug_line    0x0000039c      0x3cc objdir-CWHUSKY/kem.o
 .debug_line    0x00000768      0x6ce objdir-CWHUSKY/indcpa.o
 .debug_line    0x00000e36      0x6c9 objdir-CWHUSKY/poly.o
 .debug_line    0x000014ff      0x58b objdir-CWHUSKY/polyvec.o
 .debug_line    0x00001a8a      0x34d objdir-CWHUSKY/ntt.o
 .debug_line    0x00001dd7      0xa59 objdir-CWHUSKY/fips202.o
 .debug_line    0x00002830      0xae2 objdir-CWHUSKY/keccakf1600.o
 .debug_line    0x00003312      0x255 objdir-CWHUSKY/symmetric-fips202.o
 .debug_line    0x00003567      0x1a2 objdir-CWHUSKY/verify.o
 .debug_line    0x00003709      0x150 objdir-CWHUSKY/cbd.o
 .debug_line    0x00003859      0x401 objdir-CWHUSKY/randombytes.o
 .debug_line    0x00003c5a       0xc5 objdir-CWHUSKY/reduce.o
 .debug_line    0x00003d1f      0x5f1 objdir-CWHUSKY/simpleserial.o
 .debug_line    0x00004310      0x63d objdir-CWHUSKY/startup_sam4s.o
 .debug_line    0x0000494d      0xa8d objdir-CWHUSKY/sam4s_hal.o
 .debug_line    0x000053da      0xa92 objdir-CWHUSKY/uart.o
 .debug_line    0x00005e6c     0x1178 objdir-CWHUSKY/pio.o
 .debug_line    0x00006fe4      0x6ff objdir-CWHUSKY/system_sam4s.o
 .debug_line    0x000076e3     0x16b9 objdir-CWHUSKY/pmc.o
 .debug_line    0x00008d9c      0x11e /usr/lib/gcc/arm-none-eabi/14.2.1/../../../arm-none-eabi/lib/thumb/v7e-m/nofp/libg_nano.a(libc_a-init.o)
 .debug_line    0x00008eba      0x1ba /usr/lib/gcc/arm-none-eabi/14.2.1/../../../arm-none-eabi/lib/thumb/v7e-m/nofp/libg_nano.a(libc_a-memset.o)
 .debug_line    0x00009074       0xb9 /usr/lib/gcc/arm-none-eabi/14.2.1/../../../arm-none-eabi/lib/thumb/v7e-m/nofp/libg_nano.a(libc_a-memcpy.o)

.debug_str      0x00000000    0x4e13a
 .debug_str     0x00000000    0x4e13a objdir-CWHUSKY/simpleserial-ml-kem-768.o
                               0x75a3 (size before relaxing)
 .debug_str     0x0004e13a        0x0 objdir-CWHUSKY/kem.o
                               0x8e5f (size before relaxing)
 .debug_str     0x0004e13a        0x0 objdir-CWHUSKY/indcpa.o
                               0x90a7 (size before relaxing)
 .debug_str     0x0004e13a        0x0 objdir-CWHUSKY/poly.o
                               0x46b7 (size before relaxing)
 .debug_str     0x0004e13a        0x0 objdir-CWHUSKY/polyvec.o
                               0x3fc0 (size before relaxing)
 .debug_str     0x0004e13a        0x0 objdir-CWHUSKY/ntt.o
                               0x3e03 (size before relaxing)
 .debug_str     0x0004e13a        0x0 objdir-CWHUSKY/fips202.o
                               0x70cf (size before relaxing)
 .debug_str     0x0004e13a        0x0 objdir-CWHUSKY/keccakf1600.o
                               0x40d7 (size before relaxing)
 .debug_str     0x0004e13a        0x0 objdir-CWHUSKY/symmetric-fips202.o
                               0x70f5 (size before relaxing)
 .debug_str     0x0004e13a        0x0 objdir-CWHUSKY/verify.o
                               0x44fe (size before relaxing)
 .debug_str     0x0004e13a        0x0 objdir-CWHUSKY/cbd.o
                               0x3d8a (size before relaxing)
 .debug_str     0x0004e13a        0x0 objdir-CWHUSKY/randombytes.o
                               0x865b (size before relaxing)
 .debug_str     0x0004e13a        0x0 objdir-CWHUSKY/reduce.o
                               0x3d62 (size before relaxing)
 .debug_str     0x0004e13a        0x0 objdir-CWHUSKY/simpleserial.o
                               0x3fbe (size before relaxing)
 .debug_str     0x0004e13a        0x0 objdir-CWHUSKY/startup_sam4s.o
                              0x383af (size before relaxing)
 .debug_str     0x0004e13a        0x0 objdir-CWHUSKY/sam4s_hal.o
                              0x49589 (size before relaxing)
 .debug_str     0x0004e13a        0x0 objdir-CWHUSKY/uart.o
                              0x47d14 (size before relaxing)
 .debug_str     0x0004e13a        0x0 objdir-CWHUSKY/pio.o
                              0x4858b (size before relaxing)
 .debug_str     0x0004e13a        0x0 objdir-CWHUSKY/system_sam4s.o
                              0x3817c (size before relaxing)
 .debug_str     0x0004e13a        0x0 objdir-CWHUSKY/pmc.o
                              0x483df (size before relaxing)
 .debug_str     0x0004e13a        0x0 /usr/lib/gcc/arm-none-eabi/14.2.1/../../../arm-none-eabi/lib/thumb/v7e-m/nofp/libg_nano.a(libc_a-init.o)
                                0x1f8 (size before relaxing)
 .debug_str     0x0004e13a        0x0 /usr/lib/gcc/arm-none-eabi/14.2.1/../../../arm-none-eabi/lib/thumb/v7e-m/nofp/libg_nano.a(libc_a-memset.o)
                                0x1ab (size before relaxing)
 .debug_str     0x0004e13a        0x0 /usr/lib/gcc/arm-none-eabi/14.2.1/../../../arm-none-eabi/lib/thumb/v7e-m/nofp/libg_nano.a(libc_a-memcpy.o)
                                 0xb0 (size before relaxing)

.debug_frame    0x00000000     0x1a8c
 .debug_frame   0x00000000       0xe0 objdir-CWHUSKY/simpleserial-ml-kem-768.o
 .debug_frame   0x000000e0       0xb8 objdir-CWHUSKY/kem.o
 .debug_frame   0x00000198       0xe4 objdir-CWHUSKY/indcpa.o
 .debug_frame   0x0000027c      0x1dc objdir-CWHUSKY/poly.o
 .debug_frame   0x00000458      0x15c objdir-CWHUSKY/polyvec.o
 .debug_frame   0x000005b4       0x8c objdir-CWHUSKY/ntt.o
 .debug_frame   0x00000640      0x524 objdir-CWHUSKY/fips202.o
 .debug_frame   0x00000b64       0x84 objdir-CWHUSKY/keccakf1600.o
 .debug_frame   0x00000be8       0x7c objdir-CWHUSKY/symmetric-fips202.o
 .debug_frame   0x00000c64       0x7c objdir-CWHUSKY/verify.o
 .debug_frame   0x00000ce0       0x50 objdir-CWHUSKY/cbd.o
 .debug_frame   0x00000d30       0x84 objdir-CWHUSKY/randombytes.o
 .debug_frame   0x00000db4       0x30 objdir-CWHUSKY/reduce.o
 .debug_frame   0x00000de4      0x16c objdir-CWHUSKY/simpleserial.o
 .debug_frame   0x00000f50       0x38 objdir-CWHUSKY/startup_sam4s.o
 .debug_frame   0x00000f88       0xdc objdir-CWHUSKY/sam4s_hal.o
 .debug_frame   0x00001064      0x1b8 objdir-CWHUSKY/uart.o
 .debug_frame   0x0000121c      0x370 objdir-CWHUSKY/pio.o
 .debug_frame   0x0000158c       0x48 objdir-CWHUSKY/system_sam4s.o
 .debug_frame   0x000015d4      0x438 objdir-CWHUSKY/pmc.o
 .debug_frame   0x00001a0c       0x2c /usr/lib/gcc/arm-none-eabi/14.2.1/../../../arm-none-eabi/lib/thumb/v7e-m/nofp/libg_nano.a(libc_a-init.o)
 .debug_frame   0x00001a38       0x2c /usr/lib/gcc/arm-none-eabi/14.2.1/../../../arm-none-eabi/lib/thumb/v7e-m/nofp/libg_nano.a(libc_a-memset.o)
 .debug_frame   0x00001a64       0x28 /usr/lib/gcc/arm-none-eabi/14.2.1/../../../arm-none-eabi/lib/thumb/v7e-m/nofp/libg_nano.a(libc_a-memcpy.o)

.stabstr        0x00000000       0x3b
 .stabstr       0x00000000       0x3b objdir-CWHUSKY/cmov_int16.o

.debug_loclists
                0x00000000      0x227
 .debug_loclists
                0x00000000       0x65 /usr/lib/gcc/arm-none-eabi/14.2.1/../../../arm-none-eabi/lib/thumb/v7e-m/nofp/libg_nano.a(libc_a-init.o)
 .debug_loclists
                0x00000065      0x1c2 /usr/lib/gcc/arm-none-eabi/14.2.1/../../../arm-none-eabi/lib/thumb/v7e-m/nofp/libg_nano.a(libc_a-memset.o)

.debug_line_str
                0x00000000       0x9a
 .debug_line_str
                0x00000000       0x9a /usr/lib/gcc/arm-none-eabi/14.2.1/../../../arm-none-eabi/lib/thumb/v7e-m/nofp/libg_nano.a(libc_a-memcpy.o)

Cross Reference Table

Symbol                                            File
ACC_Handler                                       objdir-CWHUSKY/startup_sam4s.o
ADC_Handler                                       objdir-CWHUSKY/startup_sam4s.o
BusFault_Handler                                  objdir-CWHUSKY/startup_sam4s.o
CRCCU_Handler                                     objdir-CWHUSKY/startup_sam4s.o
DACC_Handler                                      objdir-CWHUSKY/startup_sam4s.o
DebugMon_Handler                                  objdir-CWHUSKY/startup_sam4s.o
Dummy_Handler                                     objdir-CWHUSKY/startup_sam4s.o
EFC0_Handler                                      objdir-CWHUSKY/startup_sam4s.o
HSMCI_Handler                                     objdir-CWHUSKY/startup_sam4s.o
HardFault_Handler                                 objdir-CWHUSKY/startup_sam4s.o
KeccakF1600_StateExtractBytes                     objdir-CWHUSKY/keccakf1600.o
                                                  objdir-CWHUSKY/fips202.o
KeccakF1600_StatePermute                          objdir-CWHUSKY/keccakf1600.o
                                                  objdir-CWHUSKY/fips202.o
KeccakF1600_StateXORBytes                         objdir-CWHUSKY/keccakf1600.o
                                                  objdir-CWHUSKY/fips202.o
MemManage_Handler                                 objdir-CWHUSKY/startup_sam4s.o
NMI_Handler                                       objdir-CWHUSKY/startup_sam4s.o
PIOA_Handler                                      objdir-CWHUSKY/startup_sam4s.o
PIOB_Handler                                      objdir-CWHUSKY/startup_sam4s.o
PMC_Handler                                       objdir-CWHUSKY/startup_sam4s.o
PQCLEAN_MLKEM768_CLEAN_barrett_reduce             objdir-CWHUSKY/reduce.o
                                                  objdir-CWHUSKY/ntt.o
                                                  objdir-CWHUSKY/poly.o
PQCLEAN_MLKEM768_CLEAN_basemul                    objdir-CWHUSKY/ntt.o
                                                  objdir-CWHUSKY/poly.o
PQCLEAN_MLKEM768_CLEAN_cmov                       objdir-CWHUSKY/verify.o
                                                  objdir-CWHUSKY/kem.o
PQCLEAN_MLKEM768_CLEAN_cmov_int16                 objdir-CWHUSKY/verify.o
                                                  objdir-CWHUSKY/poly.o
PQCLEAN_MLKEM768_CLEAN_crypto_kem_dec             objdir-CWHUSKY/kem.o
PQCLEAN_MLKEM768_CLEAN_crypto_kem_enc             objdir-CWHUSKY/kem.o
                                                  objdir-CWHUSKY/simpleserial-ml-kem-768.o
PQCLEAN_MLKEM768_CLEAN_crypto_kem_enc_derand      objdir-CWHUSKY/kem.o
PQCLEAN_MLKEM768_CLEAN_crypto_kem_keypair         objdir-CWHUSKY/kem.o
                                                  objdir-CWHUSKY/simpleserial-ml-kem-768.o
PQCLEAN_MLKEM768_CLEAN_crypto_kem_keypair_derand  objdir-CWHUSKY/kem.o
PQCLEAN_MLKEM768_CLEAN_gen_matrix                 objdir-CWHUSKY/indcpa.o
PQCLEAN_MLKEM768_CLEAN_indcpa_dec                 objdir-CWHUSKY/indcpa.o
                                                  objdir-CWHUSKY/kem.o
PQCLEAN_MLKEM768_CLEAN_indcpa_enc                 objdir-CWHUSKY/indcpa.o
                                                  objdir-CWHUSKY/kem.o
PQCLEAN_MLKEM768_CLEAN_indcpa_keypair_derand      objdir-CWHUSKY/indcpa.o
                                                  objdir-CWHUSKY/kem.o
PQCLEAN_MLKEM768_CLEAN_invntt                     objdir-CWHUSKY/ntt.o
                                                  objdir-CWHUSKY/poly.o
PQCLEAN_MLKEM768_CLEAN_montgomery_reduce          objdir-CWHUSKY/reduce.o
                                                  objdir-CWHUSKY/ntt.o
                                                  objdir-CWHUSKY/poly.o
PQCLEAN_MLKEM768_CLEAN_ntt                        objdir-CWHUSKY/ntt.o
                                                  objdir-CWHUSKY/poly.o
PQCLEAN_MLKEM768_CLEAN_poly_add                   objdir-CWHUSKY/poly.o
                                                  objdir-CWHUSKY/polyvec.o
                                                  objdir-CWHUSKY/indcpa.o
PQCLEAN_MLKEM768_CLEAN_poly_basemul_montgomery    objdir-CWHUSKY/poly.o
                                                  objdir-CWHUSKY/polyvec.o
PQCLEAN_MLKEM768_CLEAN_poly_cbd_eta1              objdir-CWHUSKY/cbd.o
                                                  objdir-CWHUSKY/poly.o
PQCLEAN_MLKEM768_CLEAN_poly_cbd_eta2              objdir-CWHUSKY/cbd.o
                                                  objdir-CWHUSKY/poly.o
PQCLEAN_MLKEM768_CLEAN_poly_compress              objdir-CWHUSKY/poly.o
                                                  objdir-CWHUSKY/indcpa.o
PQCLEAN_MLKEM768_CLEAN_poly_decompress            objdir-CWHUSKY/poly.o
                                                  objdir-CWHUSKY/indcpa.o
PQCLEAN_MLKEM768_CLEAN_poly_frombytes             objdir-CWHUSKY/poly.o
                                                  objdir-CWHUSKY/polyvec.o
PQCLEAN_MLKEM768_CLEAN_poly_frommsg               objdir-CWHUSKY/poly.o
                                                  objdir-CWHUSKY/indcpa.o
PQCLEAN_MLKEM768_CLEAN_poly_getnoise_eta1         objdir-CWHUSKY/poly.o
                                                  objdir-CWHUSKY/indcpa.o
PQCLEAN_MLKEM768_CLEAN_poly_getnoise_eta2         objdir-CWHUSKY/poly.o
                                                  objdir-CWHUSKY/indcpa.o
PQCLEAN_MLKEM768_CLEAN_poly_invntt_tomont         objdir-CWHUSKY/poly.o
                                                  objdir-CWHUSKY/polyvec.o
                                                  objdir-CWHUSKY/indcpa.o
PQCLEAN_MLKEM768_CLEAN_poly_ntt                   objdir-CWHUSKY/poly.o
                                                  objdir-CWHUSKY/polyvec.o
PQCLEAN_MLKEM768_CLEAN_poly_reduce                objdir-CWHUSKY/poly.o
                                                  objdir-CWHUSKY/polyvec.o
                                                  objdir-CWHUSKY/indcpa.o
PQCLEAN_MLKEM768_CLEAN_poly_sub                   objdir-CWHUSKY/poly.o
                                                  objdir-CWHUSKY/indcpa.o
PQCLEAN_MLKEM768_CLEAN_poly_tobytes               objdir-CWHUSKY/poly.o
                                                  objdir-CWHUSKY/polyvec.o
PQCLEAN_MLKEM768_CLEAN_poly_tomont                objdir-CWHUSKY/poly.o
                                                  objdir-CWHUSKY/indcpa.o
PQCLEAN_MLKEM768_CLEAN_poly_tomsg                 objdir-CWHUSKY/poly.o
                                                  objdir-CWHUSKY/indcpa.o
PQCLEAN_MLKEM768_CLEAN_polyvec_add                objdir-CWHUSKY/polyvec.o
                                                  objdir-CWHUSKY/indcpa.o
PQCLEAN_MLKEM768_CLEAN_polyvec_basemul_acc_montgomery objdir-CWHUSKY/polyvec.o
                                                  objdir-CWHUSKY/indcpa.o
PQCLEAN_MLKEM768_CLEAN_polyvec_compress           objdir-CWHUSKY/polyvec.o
                                                  objdir-CWHUSKY/indcpa.o
PQCLEAN_MLKEM768_CLEAN_polyvec_decompress         objdir-CWHUSKY/polyvec.o
                                                  objdir-CWHUSKY/indcpa.o
PQCLEAN_MLKEM768_CLEAN_polyvec_frombytes          objdir-CWHUSKY/polyvec.o
                                                  objdir-CWHUSKY/indcpa.o
PQCLEAN_MLKEM768_CLEAN_polyvec_invntt_tomont      objdir-CWHUSKY/polyvec.o
                                                  objdir-CWHUSKY/indcpa.o
PQCLEAN_MLKEM768_CLEAN_polyvec_ntt                objdir-CWHUSKY/polyvec.o
                                                  objdir-CWHUSKY/indcpa.o
PQCLEAN_MLKEM768_CLEAN_polyvec_reduce             objdir-CWHUSKY/polyvec.o
                                                  objdir-CWHUSKY/indcpa.o
PQCLEAN_MLKEM768_CLEAN_polyvec_tobytes            objdir-CWHUSKY/polyvec.o
                                                  objdir-CWHUSKY/indcpa.o
PQCLEAN_MLKEM768_CLEAN_verify                     objdir-CWHUSKY/verify.o
                                                  objdir-CWHUSKY/kem.o
PQCLEAN_MLKEM768_CLEAN_zetas                      objdir-CWHUSKY/ntt.o
                                                  objdir-CWHUSKY/poly.o
PQCLEAN_randombytes                               objdir-CWHUSKY/randombytes.o
                                                  objdir-CWHUSKY/kem.o
PWM_Handler                                       objdir-CWHUSKY/startup_sam4s.o
PendSV_Handler                                    objdir-CWHUSKY/startup_sam4s.o
RSTC_Handler                                      objdir-CWHUSKY/startup_sam4s.o
RTC_Handler                                       objdir-CWHUSKY/startup_sam4s.o
RTT_Handler                                       objdir-CWHUSKY/startup_sam4s.o
Reset_Handler                                     objdir-CWHUSKY/startup_sam4s.o
SPI_Handler                                       objdir-CWHUSKY/startup_sam4s.o
SSC_Handler                                       objdir-CWHUSKY/startup_sam4s.o
SUPC_Handler                                      objdir-CWHUSKY/startup_sam4s.o
SVC_Handler                                       objdir-CWHUSKY/startup_sam4s.o
SysTick_Handler                                   objdir-CWHUSKY/startup_sam4s.o
SystemCoreClock                                   objdir-CWHUSKY/system_sam4s.o
SystemCoreClockUpdate                             objdir-CWHUSKY/system_sam4s.o
                                                  objdir-CWHUSKY/sysclk.o
                                                  objdir-CWHUSKY/sam4s_hal.o
SystemInit                                        objdir-CWHUSKY/system_sam4s.o
TC0_Handler                                       objdir-CWHUSKY/startup_sam4s.o
TC1_Handler                                       objdir-CWHUSKY/startup_sam4s.o
TC2_Handler                                       objdir-CWHUSKY/startup_sam4s.o
TWI0_Handler                                      objdir-CWHUSKY/startup_sam4s.o
TWI1_Handler                                      objdir-CWHUSKY/startup_sam4s.o
UART0_Handler                                     objdir-CWHUSKY/startup_sam4s.o
UART1_Handler                                     objdir-CWHUSKY/startup_sam4s.o
UDP_Handler                                       objdir-CWHUSKY/startup_sam4s.o
USART0_Handler                                    objdir-CWHUSKY/startup_sam4s.o
USART1_Handler                                    objdir-CWHUSKY/startup_sam4s.o
UsageFault_Handler                                objdir-CWHUSKY/startup_sam4s.o
WDT_Handler                                       objdir-CWHUSKY/startup_sam4s.o
_ITM_deregisterTMCloneTable                       /usr/lib/gcc/arm-none-eabi/14.2.1/thumb/v7e-m/nofp/crtbegin.o
_ITM_registerTMCloneTable                         /usr/lib/gcc/arm-none-eabi/14.2.1/thumb/v7e-m/nofp/crtbegin.o
__TMC_END__                                       /usr/lib/gcc/arm-none-eabi/14.2.1/thumb/v7e-m/nofp/crtend.o
                                                  /usr/lib/gcc/arm-none-eabi/14.2.1/thumb/v7e-m/nofp/crtbegin.o
__atexit                                          /usr/lib/gcc/arm-none-eabi/14.2.1/../../../arm-none-eabi/lib/thumb/v7e-m/nofp/libg_nano.a(libc_a-__call_atexit.o)
                                                  /usr/lib/gcc/arm-none-eabi/14.2.1/../../../arm-none-eabi/lib/thumb/v7e-m/nofp/libg_nano.a(libc_a-__atexit.o)
__atexit0                                         /usr/lib/gcc/arm-none-eabi/14.2.1/../../../arm-none-eabi/lib/thumb/v7e-m/nofp/libg_nano.a(libc_a-__atexit.o)
__atexit_dummy                                    /usr/lib/gcc/arm-none-eabi/14.2.1/../../../arm-none-eabi/lib/thumb/v7e-m/nofp/libg_nano.a(libc_a-__atexit.o)
__bss_end__                                       /usr/lib/gcc/arm-none-eabi/14.2.1/../../../arm-none-eabi/lib/thumb/v7e-m/nofp/crt0.o
__bss_start__                                     /usr/lib/gcc/arm-none-eabi/14.2.1/../../../arm-none-eabi/lib/thumb/v7e-m/nofp/crt0.o
__call_exitprocs                                  /usr/lib/gcc/arm-none-eabi/14.2.1/../../../arm-none-eabi/lib/thumb/v7e-m/nofp/libg_nano.a(libc_a-__call_atexit.o)
                                                  /usr/lib/gcc/arm-none-eabi/14.2.1/../../../arm-none-eabi/lib/thumb/v7e-m/nofp/libg_nano.a(libc_a-__atexit.o)
                                                  /usr/lib/gcc/arm-none-eabi/14.2.1/../../../arm-none-eabi/lib/thumb/v7e-m/nofp/libg_nano.a(libc_a-exit.o)
__deregister_frame_info                           /usr/lib/gcc/arm-none-eabi/14.2.1/thumb/v7e-m/nofp/crtbegin.o
__dso_handle                                      /usr/lib/gcc/arm-none-eabi/14.2.1/thumb/v7e-m/nofp/crtbegin.o
__fini_array_end                                  /usr/lib/gcc/arm-none-eabi/14.2.1/../../../arm-none-eabi/lib/thumb/v7e-m/nofp/libg_nano.a(libc_a-fini.o)
__fini_array_start                                /usr/lib/gcc/arm-none-eabi/14.2.1/../../../arm-none-eabi/lib/thumb/v7e-m/nofp/libg_nano.a(libc_a-fini.o)
__fp_lock_all                                     /usr/lib/gcc/arm-none-eabi/14.2.1/../../../arm-none-eabi/lib/thumb/v7e-m/nofp/libg_nano.a(libc_a-findfp.o)
__fp_unlock_all                                   /usr/lib/gcc/arm-none-eabi/14.2.1/../../../arm-none-eabi/lib/thumb/v7e-m/nofp/libg_nano.a(libc_a-findfp.o)
__init_array_end                                  /usr/lib/gcc/arm-none-eabi/14.2.1/../../../arm-none-eabi/lib/thumb/v7e-m/nofp/libg_nano.a(libc_a-init.o)
__init_array_start                                /usr/lib/gcc/arm-none-eabi/14.2.1/../../../arm-none-eabi/lib/thumb/v7e-m/nofp/libg_nano.a(libc_a-init.o)
__libc_fini_array                                 /usr/lib/gcc/arm-none-eabi/14.2.1/../../../arm-none-eabi/lib/thumb/v7e-m/nofp/libg_nano.a(libc_a-fini.o)
                                                  /usr/lib/gcc/arm-none-eabi/14.2.1/../../../arm-none-eabi/lib/thumb/v7e-m/nofp/crt0.o
__libc_init_array                                 /usr/lib/gcc/arm-none-eabi/14.2.1/../../../arm-none-eabi/lib/thumb/v7e-m/nofp/libg_nano.a(libc_a-init.o)
                                                  objdir-CWHUSKY/startup_sam4s.o
                                                  /usr/lib/gcc/arm-none-eabi/14.2.1/../../../arm-none-eabi/lib/thumb/v7e-m/nofp/crt0.o
__malloc_free_list                                /usr/lib/gcc/arm-none-eabi/14.2.1/../../../arm-none-eabi/lib/thumb/v7e-m/nofp/libg_nano.a(libc_a-mallocr.o)
                                                  /usr/lib/gcc/arm-none-eabi/14.2.1/../../../arm-none-eabi/lib/thumb/v7e-m/nofp/libg_nano.a(libc_a-freer.o)
__malloc_lock                                     /usr/lib/gcc/arm-none-eabi/14.2.1/../../../arm-none-eabi/lib/thumb/v7e-m/nofp/libg_nano.a(libc_a-mlock.o)
                                                  /usr/lib/gcc/arm-none-eabi/14.2.1/../../../arm-none-eabi/lib/thumb/v7e-m/nofp/libg_nano.a(libc_a-freer.o)
                                                  /usr/lib/gcc/arm-none-eabi/14.2.1/../../../arm-none-eabi/lib/thumb/v7e-m/nofp/libg_nano.a(libc_a-mallocr.o)
__malloc_sbrk_start                               /usr/lib/gcc/arm-none-eabi/14.2.1/../../../arm-none-eabi/lib/thumb/v7e-m/nofp/libg_nano.a(libc_a-mallocr.o)
__malloc_unlock                                   /usr/lib/gcc/arm-none-eabi/14.2.1/../../../arm-none-eabi/lib/thumb/v7e-m/nofp/libg_nano.a(libc_a-mlock.o)
                                                  /usr/lib/gcc/arm-none-eabi/14.2.1/../../../arm-none-eabi/lib/thumb/v7e-m/nofp/libg_nano.a(libc_a-freer.o)
                                                  /usr/lib/gcc/arm-none-eabi/14.2.1/../../../arm-none-eabi/lib/thumb/v7e-m/nofp/libg_nano.a(libc_a-mallocr.o)
__on_exit_args                                    /usr/lib/gcc/arm-none-eabi/14.2.1/../../../arm-none-eabi/lib/thumb/v7e-m/nofp/libg_nano.a(libc_a-__atexit.o)
__preinit_array_end                               /usr/lib/gcc/arm-none-eabi/14.2.1/../../../arm-none-eabi/lib/thumb/v7e-m/nofp/libg_nano.a(libc_a-init.o)
__preinit_array_start                             /usr/lib/gcc/arm-none-eabi/14.2.1/../../../arm-none-eabi/lib/thumb/v7e-m/nofp/libg_nano.a(libc_a-init.o)
__register_exitproc                               /usr/lib/gcc/arm-none-eabi/14.2.1/../../../arm-none-eabi/lib/thumb/v7e-m/nofp/libg_nano.a(libc_a-__atexit.o)
                                                  /usr/lib/gcc/arm-none-eabi/14.2.1/../../../arm-none-eabi/lib/thumb/v7e-m/nofp/libg_nano.a(libc_a-atexit.o)
__register_frame_info                             /usr/lib/gcc/arm-none-eabi/14.2.1/thumb/v7e-m/nofp/crtbegin.o
__sclose                                          /usr/lib/gcc/arm-none-eabi/14.2.1/../../../arm-none-eabi/lib/thumb/v7e-m/nofp/libg_nano.a(libc_a-stdio.o)
                                                  /usr/lib/gcc/arm-none-eabi/14.2.1/../../../arm-none-eabi/lib/thumb/v7e-m/nofp/libg_nano.a(libc_a-findfp.o)
__seofread                                        /usr/lib/gcc/arm-none-eabi/14.2.1/../../../arm-none-eabi/lib/thumb/v7e-m/nofp/libg_nano.a(libc_a-stdio.o)
__sf                                              /usr/lib/gcc/arm-none-eabi/14.2.1/../../../arm-none-eabi/lib/thumb/v7e-m/nofp/libg_nano.a(libc_a-findfp.o)
                                                  /usr/lib/gcc/arm-none-eabi/14.2.1/../../../arm-none-eabi/lib/thumb/v7e-m/nofp/libg_nano.a(libc_a-impure.o)
__sflush_r                                        /usr/lib/gcc/arm-none-eabi/14.2.1/../../../arm-none-eabi/lib/thumb/v7e-m/nofp/libg_nano.a(libc_a-fflush.o)
__sfp                                             /usr/lib/gcc/arm-none-eabi/14.2.1/../../../arm-none-eabi/lib/thumb/v7e-m/nofp/libg_nano.a(libc_a-findfp.o)
__sfp_lock_acquire                                /usr/lib/gcc/arm-none-eabi/14.2.1/../../../arm-none-eabi/lib/thumb/v7e-m/nofp/libg_nano.a(libc_a-findfp.o)
__sfp_lock_release                                /usr/lib/gcc/arm-none-eabi/14.2.1/../../../arm-none-eabi/lib/thumb/v7e-m/nofp/libg_nano.a(libc_a-findfp.o)
__sglue                                           /usr/lib/gcc/arm-none-eabi/14.2.1/../../../arm-none-eabi/lib/thumb/v7e-m/nofp/libg_nano.a(libc_a-findfp.o)
                                                  /usr/lib/gcc/arm-none-eabi/14.2.1/../../../arm-none-eabi/lib/thumb/v7e-m/nofp/libg_nano.a(libc_a-fflush.o)
__sinit                                           /usr/lib/gcc/arm-none-eabi/14.2.1/../../../arm-none-eabi/lib/thumb/v7e-m/nofp/libg_nano.a(libc_a-findfp.o)
                                                  /usr/lib/gcc/arm-none-eabi/14.2.1/../../../arm-none-eabi/lib/thumb/v7e-m/nofp/libg_nano.a(libc_a-fflush.o)
__sread                                           /usr/lib/gcc/arm-none-eabi/14.2.1/../../../arm-none-eabi/lib/thumb/v7e-m/nofp/libg_nano.a(libc_a-stdio.o)
                                                  /usr/lib/gcc/arm-none-eabi/14.2.1/../../../arm-none-eabi/lib/thumb/v7e-m/nofp/libg_nano.a(libc_a-findfp.o)
__sseek                                           /usr/lib/gcc/arm-none-eabi/14.2.1/../../../arm-none-eabi/lib/thumb/v7e-m/nofp/libg_nano.a(libc_a-stdio.o)
                                                  /usr/lib/gcc/arm-none-eabi/14.2.1/../../../arm-none-eabi/lib/thumb/v7e-m/nofp/libg_nano.a(libc_a-findfp.o)
__stack                                           /usr/lib/gcc/arm-none-eabi/14.2.1/../../../arm-none-eabi/lib/thumb/v7e-m/nofp/crt0.o
__stdio_exit_handler                              /usr/lib/gcc/arm-none-eabi/14.2.1/../../../arm-none-eabi/lib/thumb/v7e-m/nofp/libg_nano.a(libc_a-findfp.o)
                                                  /usr/lib/gcc/arm-none-eabi/14.2.1/../../../arm-none-eabi/lib/thumb/v7e-m/nofp/libg_nano.a(libc_a-exit.o)
__swrite                                          /usr/lib/gcc/arm-none-eabi/14.2.1/../../../arm-none-eabi/lib/thumb/v7e-m/nofp/libg_nano.a(libc_a-stdio.o)
                                                  /usr/lib/gcc/arm-none-eabi/14.2.1/../../../arm-none-eabi/lib/thumb/v7e-m/nofp/libg_nano.a(libc_a-findfp.o)
_close                                            objdir-CWHUSKY/hal.o
                                                  /usr/lib/gcc/arm-none-eabi/14.2.1/../../../arm-none-eabi/lib/thumb/v7e-m/nofp/libg_nano.a(libc_a-closer.o)
_close_r                                          /usr/lib/gcc/arm-none-eabi/14.2.1/../../../arm-none-eabi/lib/thumb/v7e-m/nofp/libg_nano.a(libc_a-closer.o)
                                                  /usr/lib/gcc/arm-none-eabi/14.2.1/../../../arm-none-eabi/lib/thumb/v7e-m/nofp/libg_nano.a(libc_a-stdio.o)
_erelocate                                        objdir-CWHUSKY/startup_sam4s.o
_estack                                           objdir-CWHUSKY/startup_sam4s.o
_etext                                            objdir-CWHUSKY/startup_sam4s.o
_exit                                             /usr/lib/gcc/arm-none-eabi/14.2.1/../../../arm-none-eabi/lib/thumb/v7e-m/nofp/libnosys.a(_exit.o)
                                                  /usr/lib/gcc/arm-none-eabi/14.2.1/../../../arm-none-eabi/lib/thumb/v7e-m/nofp/libg_nano.a(libc_a-exit.o)
_ezero                                            objdir-CWHUSKY/startup_sam4s.o
_fflush_r                                         /usr/lib/gcc/arm-none-eabi/14.2.1/../../../arm-none-eabi/lib/thumb/v7e-m/nofp/libg_nano.a(libc_a-fflush.o)
                                                  /usr/lib/gcc/arm-none-eabi/14.2.1/../../../arm-none-eabi/lib/thumb/v7e-m/nofp/libg_nano.a(libc_a-findfp.o)
_fini                                             /usr/lib/gcc/arm-none-eabi/14.2.1/thumb/v7e-m/nofp/crti.o
                                                  /usr/lib/gcc/arm-none-eabi/14.2.1/../../../arm-none-eabi/lib/thumb/v7e-m/nofp/libg_nano.a(libc_a-fini.o)
_free_r                                           /usr/lib/gcc/arm-none-eabi/14.2.1/../../../arm-none-eabi/lib/thumb/v7e-m/nofp/libg_nano.a(libc_a-freer.o)
                                                  /usr/lib/gcc/arm-none-eabi/14.2.1/../../../arm-none-eabi/lib/thumb/v7e-m/nofp/libg_nano.a(libc_a-reent.o)
                                                  /usr/lib/gcc/arm-none-eabi/14.2.1/../../../arm-none-eabi/lib/thumb/v7e-m/nofp/libg_nano.a(libc_a-fflush.o)
_fstat                                            objdir-CWHUSKY/hal.o
_fwalk_sglue                                      /usr/lib/gcc/arm-none-eabi/14.2.1/../../../arm-none-eabi/lib/thumb/v7e-m/nofp/libg_nano.a(libc_a-fwalk.o)
                                                  /usr/lib/gcc/arm-none-eabi/14.2.1/../../../arm-none-eabi/lib/thumb/v7e-m/nofp/libg_nano.a(libc_a-fflush.o)
                                                  /usr/lib/gcc/arm-none-eabi/14.2.1/../../../arm-none-eabi/lib/thumb/v7e-m/nofp/libg_nano.a(libc_a-findfp.o)
_getpid                                           objdir-CWHUSKY/hal.o
_impure_data                                      /usr/lib/gcc/arm-none-eabi/14.2.1/../../../arm-none-eabi/lib/thumb/v7e-m/nofp/libg_nano.a(libc_a-impure.o)
                                                  /usr/lib/gcc/arm-none-eabi/14.2.1/../../../arm-none-eabi/lib/thumb/v7e-m/nofp/libg_nano.a(libc_a-fflush.o)
                                                  /usr/lib/gcc/arm-none-eabi/14.2.1/../../../arm-none-eabi/lib/thumb/v7e-m/nofp/libg_nano.a(libc_a-findfp.o)
_impure_ptr                                       /usr/lib/gcc/arm-none-eabi/14.2.1/../../../arm-none-eabi/lib/thumb/v7e-m/nofp/libg_nano.a(libc_a-impure.o)
                                                  /usr/lib/gcc/arm-none-eabi/14.2.1/../../../arm-none-eabi/lib/thumb/v7e-m/nofp/libg_nano.a(libc_a-reent.o)
                                                  /usr/lib/gcc/arm-none-eabi/14.2.1/../../../arm-none-eabi/lib/thumb/v7e-m/nofp/libg_nano.a(libc_a-fflush.o)
_init                                             /usr/lib/gcc/arm-none-eabi/14.2.1/thumb/v7e-m/nofp/crti.o
                                                  /usr/lib/gcc/arm-none-eabi/14.2.1/../../../arm-none-eabi/lib/thumb/v7e-m/nofp/libg_nano.a(libc_a-init.o)
_isatty                                           objdir-CWHUSKY/hal.o
_kill                                             objdir-CWHUSKY/hal.o
_lseek                                            objdir-CWHUSKY/hal.o
                                                  /usr/lib/gcc/arm-none-eabi/14.2.1/../../../arm-none-eabi/lib/thumb/v7e-m/nofp/libg_nano.a(libc_a-lseekr.o)
_lseek_r                                          /usr/lib/gcc/arm-none-eabi/14.2.1/../../../arm-none-eabi/lib/thumb/v7e-m/nofp/libg_nano.a(libc_a-lseekr.o)
                                                  /usr/lib/gcc/arm-none-eabi/14.2.1/../../../arm-none-eabi/lib/thumb/v7e-m/nofp/libg_nano.a(libc_a-stdio.o)
_mainCRTStartup                                   /usr/lib/gcc/arm-none-eabi/14.2.1/../../../arm-none-eabi/lib/thumb/v7e-m/nofp/crt0.o
_malloc_r                                         /usr/lib/gcc/arm-none-eabi/14.2.1/../../../arm-none-eabi/lib/thumb/v7e-m/nofp/libg_nano.a(libc_a-mallocr.o)
                                                  /usr/lib/gcc/arm-none-eabi/14.2.1/../../../arm-none-eabi/lib/thumb/v7e-m/nofp/libg_nano.a(libc_a-findfp.o)
_read                                             objdir-CWHUSKY/hal.o
                                                  /usr/lib/gcc/arm-none-eabi/14.2.1/../../../arm-none-eabi/lib/thumb/v7e-m/nofp/libg_nano.a(libc_a-readr.o)
_read_r                                           /usr/lib/gcc/arm-none-eabi/14.2.1/../../../arm-none-eabi/lib/thumb/v7e-m/nofp/libg_nano.a(libc_a-readr.o)
                                                  /usr/lib/gcc/arm-none-eabi/14.2.1/../../../arm-none-eabi/lib/thumb/v7e-m/nofp/libg_nano.a(libc_a-stdio.o)
_reclaim_reent                                    /usr/lib/gcc/arm-none-eabi/14.2.1/../../../arm-none-eabi/lib/thumb/v7e-m/nofp/libg_nano.a(libc_a-reent.o)
_sbrk                                             /usr/lib/gcc/arm-none-eabi/14.2.1/../../../arm-none-eabi/lib/thumb/v7e-m/nofp/libnosys.a(sbrk.o)
                                                  /usr/lib/gcc/arm-none-eabi/14.2.1/../../../arm-none-eabi/lib/thumb/v7e-m/nofp/libg_nano.a(libc_a-sbrkr.o)
_sbrk_r                                           /usr/lib/gcc/arm-none-eabi/14.2.1/../../../arm-none-eabi/lib/thumb/v7e-m/nofp/libg_nano.a(libc_a-sbrkr.o)
                                                  /usr/lib/gcc/arm-none-eabi/14.2.1/../../../arm-none-eabi/lib/thumb/v7e-m/nofp/libg_nano.a(libc_a-mallocr.o)
_sfixed                                           objdir-CWHUSKY/startup_sam4s.o
_srelocate                                        objdir-CWHUSKY/startup_sam4s.o
_stack_init                                       /usr/lib/gcc/arm-none-eabi/14.2.1/../../../arm-none-eabi/lib/thumb/v7e-m/nofp/crt0.o
_start                                            /usr/lib/gcc/arm-none-eabi/14.2.1/../../../arm-none-eabi/lib/thumb/v7e-m/nofp/crt0.o
_szero                                            objdir-CWHUSKY/startup_sam4s.o
_write                                            objdir-CWHUSKY/hal.o
                                                  /usr/lib/gcc/arm-none-eabi/14.2.1/../../../arm-none-eabi/lib/thumb/v7e-m/nofp/libg_nano.a(libc_a-writer.o)
_write_r                                          /usr/lib/gcc/arm-none-eabi/14.2.1/../../../arm-none-eabi/lib/thumb/v7e-m/nofp/libg_nano.a(libc_a-writer.o)
                                                  /usr/lib/gcc/arm-none-eabi/14.2.1/../../../arm-none-eabi/lib/thumb/v7e-m/nofp/libg_nano.a(libc_a-stdio.o)
atexit                                            /usr/lib/gcc/arm-none-eabi/14.2.1/../../../arm-none-eabi/lib/thumb/v7e-m/nofp/libg_nano.a(libc_a-atexit.o)
                                                  /usr/lib/gcc/arm-none-eabi/14.2.1/../../../arm-none-eabi/lib/thumb/v7e-m/nofp/crt0.o
check_version                                     objdir-CWHUSKY/simpleserial.o
cmov_int16                                        objdir-CWHUSKY/cmov_int16.o
cshake128_simple                                  objdir-CWHUSKY/fips202.o
cshake128_simple_absorb                           objdir-CWHUSKY/fips202.o
cshake128_simple_squeezeblocks                    objdir-CWHUSKY/fips202.o
cshake256_simple                                  objdir-CWHUSKY/fips202.o
cshake256_simple_absorb                           objdir-CWHUSKY/fips202.o
cshake256_simple_squeezeblocks                    objdir-CWHUSKY/fips202.o
do_dec                                            objdir-CWHUSKY/simpleserial-ml-kem-768.o
do_enc                                            objdir-CWHUSKY/simpleserial-ml-kem-768.o
end                                               /usr/lib/gcc/arm-none-eabi/14.2.1/../../../arm-none-eabi/lib/thumb/v7e-m/nofp/libnosys.a(sbrk.o)
errno                                             /usr/lib/gcc/arm-none-eabi/14.2.1/../../../arm-none-eabi/lib/thumb/v7e-m/nofp/libg_nano.a(libc_a-reent.o)
                                                  /usr/lib/gcc/arm-none-eabi/14.2.1/../../../arm-none-eabi/lib/thumb/v7e-m/nofp/libg_nano.a(libc_a-lseekr.o)
                                                  /usr/lib/gcc/arm-none-eabi/14.2.1/../../../arm-none-eabi/lib/thumb/v7e-m/nofp/libg_nano.a(libc_a-closer.o)
                                                  /usr/lib/gcc/arm-none-eabi/14.2.1/../../../arm-none-eabi/lib/thumb/v7e-m/nofp/libg_nano.a(libc_a-writer.o)
                                                  /usr/lib/gcc/arm-none-eabi/14.2.1/../../../arm-none-eabi/lib/thumb/v7e-m/nofp/libg_nano.a(libc_a-readr.o)
                                                  /usr/lib/gcc/arm-none-eabi/14.2.1/../../../arm-none-eabi/lib/thumb/v7e-m/nofp/libg_nano.a(libc_a-sbrkr.o)
exception_table                                   objdir-CWHUSKY/startup_sam4s.o
exit                                              /usr/lib/gcc/arm-none-eabi/14.2.1/../../../arm-none-eabi/lib/thumb/v7e-m/nofp/libg_nano.a(libc_a-exit.o)
                                                  /usr/lib/gcc/arm-none-eabi/14.2.1/../../../arm-none-eabi/lib/thumb/v7e-m/nofp/crt0.o
fflush                                            /usr/lib/gcc/arm-none-eabi/14.2.1/../../../arm-none-eabi/lib/thumb/v7e-m/nofp/libg_nano.a(libc_a-fflush.o)
get_key                                           objdir-CWHUSKY/simpleserial-ml-kem-768.o
getch                                             objdir-CWHUSKY/sam4s_hal.o
                                                  objdir-CWHUSKY/simpleserial.o
hardware_init_hook                                /usr/lib/gcc/arm-none-eabi/14.2.1/../../../arm-none-eabi/lib/thumb/v7e-m/nofp/crt0.o
hex_decode                                        objdir-CWHUSKY/simpleserial.o
init_uart                                         objdir-CWHUSKY/sam4s_hal.o
                                                  objdir-CWHUSKY/simpleserial-ml-kem-768.o
kyber_shake128_absorb                             objdir-CWHUSKY/symmetric-fips202.o
                                                  objdir-CWHUSKY/indcpa.o
kyber_shake256_prf                                objdir-CWHUSKY/symmetric-fips202.o
                                                  objdir-CWHUSKY/poly.o
kyber_shake256_rkprf                              objdir-CWHUSKY/symmetric-fips202.o
                                                  objdir-CWHUSKY/kem.o
led_error                                         objdir-CWHUSKY/hal.o
led_ok                                            objdir-CWHUSKY/hal.o
main                                              objdir-CWHUSKY/simpleserial-ml-kem-768.o
                                                  objdir-CWHUSKY/startup_sam4s.o
                                                  /usr/lib/gcc/arm-none-eabi/14.2.1/../../../arm-none-eabi/lib/thumb/v7e-m/nofp/crt0.o
malloc                                            /usr/lib/gcc/arm-none-eabi/14.2.1/../../../arm-none-eabi/lib/thumb/v7e-m/nofp/libg_nano.a(libc_a-__atexit.o)
memcpy                                            /usr/lib/gcc/arm-none-eabi/14.2.1/../../../arm-none-eabi/lib/thumb/v7e-m/nofp/libg_nano.a(libc_a-memcpy.o)
                                                  objdir-CWHUSKY/fips202.o
                                                  objdir-CWHUSKY/kem.o
                                                  objdir-CWHUSKY/simpleserial-ml-kem-768.o
memset                                            /usr/lib/gcc/arm-none-eabi/14.2.1/../../../arm-none-eabi/lib/thumb/v7e-m/nofp/libg_nano.a(libc_a-memset.o)
                                                  /usr/lib/gcc/arm-none-eabi/14.2.1/../../../arm-none-eabi/lib/thumb/v7e-m/nofp/libg_nano.a(libc_a-findfp.o)
                                                  objdir-CWHUSKY/fips202.o
                                                  objdir-CWHUSKY/simpleserial-ml-kem-768.o
                                                  /usr/lib/gcc/arm-none-eabi/14.2.1/../../../arm-none-eabi/lib/thumb/v7e-m/nofp/crt0.o
mlkem                                             objdir-CWHUSKY/simpleserial-ml-kem-768.o
pio_capture_disable                               objdir-CWHUSKY/pio.o
pio_capture_disable_interrupt                     objdir-CWHUSKY/pio.o
pio_capture_enable                                objdir-CWHUSKY/pio.o
pio_capture_enable_flag                           objdir-CWHUSKY/pio.o
pio_capture_enable_interrupt                      objdir-CWHUSKY/pio.o
pio_capture_get_interrupt_mask                    objdir-CWHUSKY/pio.o
pio_capture_get_interrupt_status                  objdir-CWHUSKY/pio.o
pio_capture_get_pdc_base                          objdir-CWHUSKY/pio.o
pio_capture_read                                  objdir-CWHUSKY/pio.o
pio_capture_set_mode                              objdir-CWHUSKY/pio.o
pio_clear                                         objdir-CWHUSKY/pio.o
pio_configure                                     objdir-CWHUSKY/pio.o
pio_configure_interrupt                           objdir-CWHUSKY/pio.o
pio_configure_pin                                 objdir-CWHUSKY/pio.o
                                                  objdir-CWHUSKY/sam4s_hal.o
pio_configure_pin_group                           objdir-CWHUSKY/pio.o
pio_disable_interrupt                             objdir-CWHUSKY/pio.o
pio_disable_output_write                          objdir-CWHUSKY/pio.o
pio_disable_pin_interrupt                         objdir-CWHUSKY/pio.o
pio_enable_interrupt                              objdir-CWHUSKY/pio.o
pio_enable_output_write                           objdir-CWHUSKY/pio.o
pio_enable_pin_interrupt                          objdir-CWHUSKY/pio.o
pio_get                                           objdir-CWHUSKY/pio.o
pio_get_interrupt_mask                            objdir-CWHUSKY/pio.o
pio_get_interrupt_status                          objdir-CWHUSKY/pio.o
pio_get_multi_driver_status                       objdir-CWHUSKY/pio.o
pio_get_output_data_status                        objdir-CWHUSKY/pio.o
pio_get_output_write_status                       objdir-CWHUSKY/pio.o
pio_get_pin_group                                 objdir-CWHUSKY/pio.o